Copyright 1986-2018 Xilinx, Inc. All Rights Reserved.
-------------------------------------------------------------------------------------
| Tool Version : Vivado v.2018.3 (lin64) Build 2405991 Thu Dec  6 23:36:41 MST 2018
| Date         : Sat Feb 29 19:56:44 2020
| Host         : GCS running 64-bit Ubuntu 18.04.4 LTS
| Command      : report_utilization -hierarchical -file hierarchical_utilization.rpt
| Design       : fire9_expand1
| Device       : 7vx690tffg1157-3
| Design State : Synthesized
-------------------------------------------------------------------------------------

Utilization Design Information

Table of Contents
-----------------
1. Utilization by Hierarchy

1. Utilization by Hierarchy
---------------------------

+----------------------+-------------------+------------+------------+---------+------+------+--------+--------+--------------+
|       Instance       |       Module      | Total LUTs | Logic LUTs | LUTRAMs | SRLs |  FFs | RAMB36 | RAMB18 | DSP48 Blocks |
+----------------------+-------------------+------------+------------+---------+------+------+--------+--------+--------------+
| fire9_expand1        |             (top) |      11215 |      11215 |       0 |    0 | 5989 |      0 |      0 |          368 |
|   (fire9_expand1)    |             (top) |        432 |        432 |       0 |    0 | 5989 |      0 |      0 |            0 |
|   genblk1[0].mac_i   |               mac |         28 |         28 |       0 |    0 |    0 |      0 |      0 |            1 |
|   genblk1[100].mac_i |             mac_0 |         27 |         27 |       0 |    0 |    0 |      0 |      0 |            1 |
|   genblk1[101].mac_i |             mac_1 |         30 |         30 |       0 |    0 |    0 |      0 |      0 |            1 |
|   genblk1[102].mac_i |             mac_2 |         27 |         27 |       0 |    0 |    0 |      0 |      0 |            1 |
|   genblk1[103].mac_i |             mac_3 |         30 |         30 |       0 |    0 |    0 |      0 |      0 |            1 |
|   genblk1[104].mac_i |             mac_4 |         30 |         30 |       0 |    0 |    0 |      0 |      0 |            1 |
|   genblk1[105].mac_i |             mac_5 |         29 |         29 |       0 |    0 |    0 |      0 |      0 |            1 |
|   genblk1[106].mac_i |             mac_6 |         29 |         29 |       0 |    0 |    0 |      0 |      0 |            1 |
|   genblk1[107].mac_i |             mac_7 |         27 |         27 |       0 |    0 |    0 |      0 |      0 |            1 |
|   genblk1[108].mac_i |             mac_8 |         29 |         29 |       0 |    0 |    0 |      0 |      0 |            1 |
|   genblk1[109].mac_i |             mac_9 |         27 |         27 |       0 |    0 |    0 |      0 |      0 |            1 |
|   genblk1[10].mac_i  |            mac_10 |         29 |         29 |       0 |    0 |    0 |      0 |      0 |            1 |
|   genblk1[110].mac_i |            mac_11 |         29 |         29 |       0 |    0 |    0 |      0 |      0 |            1 |
|   genblk1[111].mac_i |            mac_12 |         29 |         29 |       0 |    0 |    0 |      0 |      0 |            1 |
|   genblk1[112].mac_i |            mac_13 |         27 |         27 |       0 |    0 |    0 |      0 |      0 |            1 |
|   genblk1[113].mac_i |            mac_14 |         27 |         27 |       0 |    0 |    0 |      0 |      0 |            1 |
|   genblk1[114].mac_i |            mac_15 |         30 |         30 |       0 |    0 |    0 |      0 |      0 |            1 |
|   genblk1[115].mac_i |            mac_16 |         31 |         31 |       0 |    0 |    0 |      0 |      0 |            1 |
|   genblk1[116].mac_i |            mac_17 |         30 |         30 |       0 |    0 |    0 |      0 |      0 |            1 |
|   genblk1[117].mac_i |            mac_18 |         27 |         27 |       0 |    0 |    0 |      0 |      0 |            1 |
|   genblk1[118].mac_i |            mac_19 |         27 |         27 |       0 |    0 |    0 |      0 |      0 |            1 |
|   genblk1[119].mac_i |            mac_20 |         29 |         29 |       0 |    0 |    0 |      0 |      0 |            1 |
|   genblk1[11].mac_i  |            mac_21 |         28 |         28 |       0 |    0 |    0 |      0 |      0 |            1 |
|   genblk1[120].mac_i |            mac_22 |         28 |         28 |       0 |    0 |    0 |      0 |      0 |            1 |
|   genblk1[121].mac_i |            mac_23 |         28 |         28 |       0 |    0 |    0 |      0 |      0 |            1 |
|   genblk1[122].mac_i |            mac_24 |         25 |         25 |       0 |    0 |    0 |      0 |      0 |            1 |
|   genblk1[123].mac_i |            mac_25 |         27 |         27 |       0 |    0 |    0 |      0 |      0 |            1 |
|   genblk1[124].mac_i |            mac_26 |         28 |         28 |       0 |    0 |    0 |      0 |      0 |            1 |
|   genblk1[125].mac_i |            mac_27 |         27 |         27 |       0 |    0 |    0 |      0 |      0 |            1 |
|   genblk1[126].mac_i |            mac_28 |         30 |         30 |       0 |    0 |    0 |      0 |      0 |            1 |
|   genblk1[127].mac_i |            mac_29 |         27 |         27 |       0 |    0 |    0 |      0 |      0 |            1 |
|   genblk1[128].mac_i |            mac_30 |         28 |         28 |       0 |    0 |    0 |      0 |      0 |            1 |
|   genblk1[129].mac_i |            mac_31 |         28 |         28 |       0 |    0 |    0 |      0 |      0 |            1 |
|   genblk1[12].mac_i  |            mac_32 |         26 |         26 |       0 |    0 |    0 |      0 |      0 |            1 |
|   genblk1[130].mac_i |            mac_33 |         27 |         27 |       0 |    0 |    0 |      0 |      0 |            1 |
|   genblk1[131].mac_i |            mac_34 |         29 |         29 |       0 |    0 |    0 |      0 |      0 |            1 |
|   genblk1[132].mac_i |            mac_35 |         32 |         32 |       0 |    0 |    0 |      0 |      0 |            1 |
|   genblk1[133].mac_i |            mac_36 |         28 |         28 |       0 |    0 |    0 |      0 |      0 |            1 |
|   genblk1[134].mac_i |            mac_37 |         27 |         27 |       0 |    0 |    0 |      0 |      0 |            1 |
|   genblk1[135].mac_i |            mac_38 |         25 |         25 |       0 |    0 |    0 |      0 |      0 |            1 |
|   genblk1[136].mac_i |            mac_39 |         30 |         30 |       0 |    0 |    0 |      0 |      0 |            1 |
|   genblk1[137].mac_i |            mac_40 |         30 |         30 |       0 |    0 |    0 |      0 |      0 |            1 |
|   genblk1[138].mac_i |            mac_41 |         28 |         28 |       0 |    0 |    0 |      0 |      0 |            1 |
|   genblk1[139].mac_i |            mac_42 |         31 |         31 |       0 |    0 |    0 |      0 |      0 |            1 |
|   genblk1[13].mac_i  |            mac_43 |         27 |         27 |       0 |    0 |    0 |      0 |      0 |            1 |
|   genblk1[140].mac_i |            mac_44 |         27 |         27 |       0 |    0 |    0 |      0 |      0 |            1 |
|   genblk1[141].mac_i |            mac_45 |         25 |         25 |       0 |    0 |    0 |      0 |      0 |            1 |
|   genblk1[142].mac_i |            mac_46 |         30 |         30 |       0 |    0 |    0 |      0 |      0 |            1 |
|   genblk1[143].mac_i |            mac_47 |         28 |         28 |       0 |    0 |    0 |      0 |      0 |            1 |
|   genblk1[144].mac_i |            mac_48 |         28 |         28 |       0 |    0 |    0 |      0 |      0 |            1 |
|   genblk1[145].mac_i |            mac_49 |         29 |         29 |       0 |    0 |    0 |      0 |      0 |            1 |
|   genblk1[146].mac_i |            mac_50 |         27 |         27 |       0 |    0 |    0 |      0 |      0 |            1 |
|   genblk1[147].mac_i |            mac_51 |         26 |         26 |       0 |    0 |    0 |      0 |      0 |            1 |
|   genblk1[148].mac_i |            mac_52 |         30 |         30 |       0 |    0 |    0 |      0 |      0 |            1 |
|   genblk1[149].mac_i |            mac_53 |         30 |         30 |       0 |    0 |    0 |      0 |      0 |            1 |
|   genblk1[14].mac_i  |            mac_54 |         27 |         27 |       0 |    0 |    0 |      0 |      0 |            1 |
|   genblk1[150].mac_i |            mac_55 |         30 |         30 |       0 |    0 |    0 |      0 |      0 |            1 |
|   genblk1[151].mac_i |            mac_56 |         28 |         28 |       0 |    0 |    0 |      0 |      0 |            1 |
|   genblk1[152].mac_i |            mac_57 |         30 |         30 |       0 |    0 |    0 |      0 |      0 |            1 |
|   genblk1[153].mac_i |            mac_58 |         30 |         30 |       0 |    0 |    0 |      0 |      0 |            1 |
|   genblk1[154].mac_i |            mac_59 |         28 |         28 |       0 |    0 |    0 |      0 |      0 |            1 |
|   genblk1[155].mac_i |            mac_60 |         27 |         27 |       0 |    0 |    0 |      0 |      0 |            1 |
|   genblk1[156].mac_i |            mac_61 |         29 |         29 |       0 |    0 |    0 |      0 |      0 |            1 |
|   genblk1[157].mac_i |            mac_62 |         28 |         28 |       0 |    0 |    0 |      0 |      0 |            1 |
|   genblk1[158].mac_i |            mac_63 |         28 |         28 |       0 |    0 |    0 |      0 |      0 |            1 |
|   genblk1[159].mac_i |            mac_64 |         27 |         27 |       0 |    0 |    0 |      0 |      0 |            1 |
|   genblk1[15].mac_i  |            mac_65 |         29 |         29 |       0 |    0 |    0 |      0 |      0 |            1 |
|   genblk1[160].mac_i |            mac_66 |         28 |         28 |       0 |    0 |    0 |      0 |      0 |            1 |
|   genblk1[161].mac_i |            mac_67 |         27 |         27 |       0 |    0 |    0 |      0 |      0 |            1 |
|   genblk1[162].mac_i |            mac_68 |         26 |         26 |       0 |    0 |    0 |      0 |      0 |            1 |
|   genblk1[163].mac_i |            mac_69 |         29 |         29 |       0 |    0 |    0 |      0 |      0 |            1 |
|   genblk1[164].mac_i |            mac_70 |         26 |         26 |       0 |    0 |    0 |      0 |      0 |            1 |
|   genblk1[165].mac_i |            mac_71 |         28 |         28 |       0 |    0 |    0 |      0 |      0 |            1 |
|   genblk1[166].mac_i |            mac_72 |         27 |         27 |       0 |    0 |    0 |      0 |      0 |            1 |
|   genblk1[167].mac_i |            mac_73 |         29 |         29 |       0 |    0 |    0 |      0 |      0 |            1 |
|   genblk1[168].mac_i |            mac_74 |         29 |         29 |       0 |    0 |    0 |      0 |      0 |            1 |
|   genblk1[169].mac_i |            mac_75 |         27 |         27 |       0 |    0 |    0 |      0 |      0 |            1 |
|   genblk1[16].mac_i  |            mac_76 |         26 |         26 |       0 |    0 |    0 |      0 |      0 |            1 |
|   genblk1[170].mac_i |            mac_77 |         28 |         28 |       0 |    0 |    0 |      0 |      0 |            1 |
|   genblk1[171].mac_i |            mac_78 |         30 |         30 |       0 |    0 |    0 |      0 |      0 |            1 |
|   genblk1[172].mac_i |            mac_79 |         29 |         29 |       0 |    0 |    0 |      0 |      0 |            1 |
|   genblk1[173].mac_i |            mac_80 |         28 |         28 |       0 |    0 |    0 |      0 |      0 |            1 |
|   genblk1[174].mac_i |            mac_81 |         28 |         28 |       0 |    0 |    0 |      0 |      0 |            1 |
|   genblk1[175].mac_i |            mac_82 |         27 |         27 |       0 |    0 |    0 |      0 |      0 |            1 |
|   genblk1[176].mac_i |            mac_83 |         29 |         29 |       0 |    0 |    0 |      0 |      0 |            1 |
|   genblk1[177].mac_i |            mac_84 |         28 |         28 |       0 |    0 |    0 |      0 |      0 |            1 |
|   genblk1[178].mac_i |            mac_85 |         28 |         28 |       0 |    0 |    0 |      0 |      0 |            1 |
|   genblk1[179].mac_i |            mac_86 |         28 |         28 |       0 |    0 |    0 |      0 |      0 |            1 |
|   genblk1[17].mac_i  |            mac_87 |         28 |         28 |       0 |    0 |    0 |      0 |      0 |            1 |
|   genblk1[180].mac_i |            mac_88 |         26 |         26 |       0 |    0 |    0 |      0 |      0 |            1 |
|   genblk1[181].mac_i |            mac_89 |         29 |         29 |       0 |    0 |    0 |      0 |      0 |            1 |
|   genblk1[182].mac_i |            mac_90 |         28 |         28 |       0 |    0 |    0 |      0 |      0 |            1 |
|   genblk1[183].mac_i |            mac_91 |         28 |         28 |       0 |    0 |    0 |      0 |      0 |            1 |
|   genblk1[184].mac_i |            mac_92 |         29 |         29 |       0 |    0 |    0 |      0 |      0 |            1 |
|   genblk1[185].mac_i |            mac_93 |         29 |         29 |       0 |    0 |    0 |      0 |      0 |            1 |
|   genblk1[186].mac_i |            mac_94 |         29 |         29 |       0 |    0 |    0 |      0 |      0 |            1 |
|   genblk1[187].mac_i |            mac_95 |         27 |         27 |       0 |    0 |    0 |      0 |      0 |            1 |
|   genblk1[188].mac_i |            mac_96 |         30 |         30 |       0 |    0 |    0 |      0 |      0 |            1 |
|   genblk1[189].mac_i |            mac_97 |         30 |         30 |       0 |    0 |    0 |      0 |      0 |            1 |
|   genblk1[18].mac_i  |            mac_98 |         29 |         29 |       0 |    0 |    0 |      0 |      0 |            1 |
|   genblk1[190].mac_i |            mac_99 |         28 |         28 |       0 |    0 |    0 |      0 |      0 |            1 |
|   genblk1[191].mac_i |           mac_100 |         29 |         29 |       0 |    0 |    0 |      0 |      0 |            1 |
|   genblk1[192].mac_i |           mac_101 |         27 |         27 |       0 |    0 |    0 |      0 |      0 |            1 |
|   genblk1[193].mac_i |           mac_102 |         29 |         29 |       0 |    0 |    0 |      0 |      0 |            1 |
|   genblk1[194].mac_i |           mac_103 |         26 |         26 |       0 |    0 |    0 |      0 |      0 |            1 |
|   genblk1[195].mac_i |           mac_104 |         27 |         27 |       0 |    0 |    0 |      0 |      0 |            1 |
|   genblk1[196].mac_i |           mac_105 |         30 |         30 |       0 |    0 |    0 |      0 |      0 |            1 |
|   genblk1[197].mac_i |           mac_106 |         27 |         27 |       0 |    0 |    0 |      0 |      0 |            1 |
|   genblk1[198].mac_i |           mac_107 |         28 |         28 |       0 |    0 |    0 |      0 |      0 |            1 |
|   genblk1[199].mac_i |           mac_108 |         27 |         27 |       0 |    0 |    0 |      0 |      0 |            1 |
|   genblk1[19].mac_i  |           mac_109 |         29 |         29 |       0 |    0 |    0 |      0 |      0 |            1 |
|   genblk1[1].mac_i   |           mac_110 |         28 |         28 |       0 |    0 |    0 |      0 |      0 |            1 |
|   genblk1[200].mac_i |           mac_111 |         26 |         26 |       0 |    0 |    0 |      0 |      0 |            1 |
|   genblk1[201].mac_i |           mac_112 |         28 |         28 |       0 |    0 |    0 |      0 |      0 |            1 |
|   genblk1[202].mac_i |           mac_113 |         28 |         28 |       0 |    0 |    0 |      0 |      0 |            1 |
|   genblk1[203].mac_i |           mac_114 |         27 |         27 |       0 |    0 |    0 |      0 |      0 |            1 |
|   genblk1[204].mac_i |           mac_115 |         29 |         29 |       0 |    0 |    0 |      0 |      0 |            1 |
|   genblk1[205].mac_i |           mac_116 |         30 |         30 |       0 |    0 |    0 |      0 |      0 |            1 |
|   genblk1[206].mac_i |           mac_117 |         28 |         28 |       0 |    0 |    0 |      0 |      0 |            1 |
|   genblk1[207].mac_i |           mac_118 |         27 |         27 |       0 |    0 |    0 |      0 |      0 |            1 |
|   genblk1[208].mac_i |           mac_119 |         26 |         26 |       0 |    0 |    0 |      0 |      0 |            1 |
|   genblk1[209].mac_i |           mac_120 |         28 |         28 |       0 |    0 |    0 |      0 |      0 |            1 |
|   genblk1[20].mac_i  |           mac_121 |         30 |         30 |       0 |    0 |    0 |      0 |      0 |            1 |
|   genblk1[210].mac_i |           mac_122 |         30 |         30 |       0 |    0 |    0 |      0 |      0 |            1 |
|   genblk1[211].mac_i |           mac_123 |         27 |         27 |       0 |    0 |    0 |      0 |      0 |            1 |
|   genblk1[212].mac_i |           mac_124 |         28 |         28 |       0 |    0 |    0 |      0 |      0 |            1 |
|   genblk1[213].mac_i |           mac_125 |         32 |         32 |       0 |    0 |    0 |      0 |      0 |            1 |
|   genblk1[214].mac_i |           mac_126 |         28 |         28 |       0 |    0 |    0 |      0 |      0 |            1 |
|   genblk1[215].mac_i |           mac_127 |         28 |         28 |       0 |    0 |    0 |      0 |      0 |            1 |
|   genblk1[216].mac_i |           mac_128 |         27 |         27 |       0 |    0 |    0 |      0 |      0 |            1 |
|   genblk1[217].mac_i |           mac_129 |         28 |         28 |       0 |    0 |    0 |      0 |      0 |            1 |
|   genblk1[218].mac_i |           mac_130 |         29 |         29 |       0 |    0 |    0 |      0 |      0 |            1 |
|   genblk1[219].mac_i |           mac_131 |         28 |         28 |       0 |    0 |    0 |      0 |      0 |            1 |
|   genblk1[21].mac_i  |           mac_132 |         28 |         28 |       0 |    0 |    0 |      0 |      0 |            1 |
|   genblk1[220].mac_i |           mac_133 |         27 |         27 |       0 |    0 |    0 |      0 |      0 |            1 |
|   genblk1[221].mac_i |           mac_134 |         28 |         28 |       0 |    0 |    0 |      0 |      0 |            1 |
|   genblk1[222].mac_i |           mac_135 |         27 |         27 |       0 |    0 |    0 |      0 |      0 |            1 |
|   genblk1[223].mac_i |           mac_136 |         28 |         28 |       0 |    0 |    0 |      0 |      0 |            1 |
|   genblk1[224].mac_i |           mac_137 |         30 |         30 |       0 |    0 |    0 |      0 |      0 |            1 |
|   genblk1[225].mac_i |           mac_138 |         26 |         26 |       0 |    0 |    0 |      0 |      0 |            1 |
|   genblk1[226].mac_i |           mac_139 |         27 |         27 |       0 |    0 |    0 |      0 |      0 |            1 |
|   genblk1[227].mac_i |           mac_140 |         27 |         27 |       0 |    0 |    0 |      0 |      0 |            1 |
|   genblk1[228].mac_i |           mac_141 |         28 |         28 |       0 |    0 |    0 |      0 |      0 |            1 |
|   genblk1[229].mac_i |           mac_142 |         28 |         28 |       0 |    0 |    0 |      0 |      0 |            1 |
|   genblk1[22].mac_i  |           mac_143 |         26 |         26 |       0 |    0 |    0 |      0 |      0 |            1 |
|   genblk1[230].mac_i |           mac_144 |         30 |         30 |       0 |    0 |    0 |      0 |      0 |            1 |
|   genblk1[231].mac_i |           mac_145 |         28 |         28 |       0 |    0 |    0 |      0 |      0 |            1 |
|   genblk1[232].mac_i |           mac_146 |         27 |         27 |       0 |    0 |    0 |      0 |      0 |            1 |
|   genblk1[233].mac_i |           mac_147 |         29 |         29 |       0 |    0 |    0 |      0 |      0 |            1 |
|   genblk1[234].mac_i |           mac_148 |         29 |         29 |       0 |    0 |    0 |      0 |      0 |            1 |
|   genblk1[235].mac_i |           mac_149 |         29 |         29 |       0 |    0 |    0 |      0 |      0 |            1 |
|   genblk1[236].mac_i |           mac_150 |         28 |         28 |       0 |    0 |    0 |      0 |      0 |            1 |
|   genblk1[237].mac_i |           mac_151 |         29 |         29 |       0 |    0 |    0 |      0 |      0 |            1 |
|   genblk1[238].mac_i |           mac_152 |         28 |         28 |       0 |    0 |    0 |      0 |      0 |            1 |
|   genblk1[239].mac_i |           mac_153 |         27 |         27 |       0 |    0 |    0 |      0 |      0 |            1 |
|   genblk1[23].mac_i  |           mac_154 |         28 |         28 |       0 |    0 |    0 |      0 |      0 |            1 |
|   genblk1[240].mac_i |           mac_155 |         28 |         28 |       0 |    0 |    0 |      0 |      0 |            1 |
|   genblk1[241].mac_i |           mac_156 |         28 |         28 |       0 |    0 |    0 |      0 |      0 |            1 |
|   genblk1[242].mac_i |           mac_157 |         27 |         27 |       0 |    0 |    0 |      0 |      0 |            1 |
|   genblk1[243].mac_i |           mac_158 |         29 |         29 |       0 |    0 |    0 |      0 |      0 |            1 |
|   genblk1[244].mac_i |           mac_159 |         27 |         27 |       0 |    0 |    0 |      0 |      0 |            1 |
|   genblk1[245].mac_i |           mac_160 |         25 |         25 |       0 |    0 |    0 |      0 |      0 |            1 |
|   genblk1[246].mac_i |           mac_161 |         32 |         32 |       0 |    0 |    0 |      0 |      0 |            1 |
|   genblk1[247].mac_i |           mac_162 |         30 |         30 |       0 |    0 |    0 |      0 |      0 |            1 |
|   genblk1[248].mac_i |           mac_163 |         28 |         28 |       0 |    0 |    0 |      0 |      0 |            1 |
|   genblk1[249].mac_i |           mac_164 |         29 |         29 |       0 |    0 |    0 |      0 |      0 |            1 |
|   genblk1[24].mac_i  |           mac_165 |         27 |         27 |       0 |    0 |    0 |      0 |      0 |            1 |
|   genblk1[250].mac_i |           mac_166 |         27 |         27 |       0 |    0 |    0 |      0 |      0 |            1 |
|   genblk1[251].mac_i |           mac_167 |         27 |         27 |       0 |    0 |    0 |      0 |      0 |            1 |
|   genblk1[252].mac_i |           mac_168 |         27 |         27 |       0 |    0 |    0 |      0 |      0 |            1 |
|   genblk1[253].mac_i |           mac_169 |         28 |         28 |       0 |    0 |    0 |      0 |      0 |            1 |
|   genblk1[254].mac_i |           mac_170 |         28 |         28 |       0 |    0 |    0 |      0 |      0 |            1 |
|   genblk1[255].mac_i |           mac_171 |         29 |         29 |       0 |    0 |    0 |      0 |      0 |            1 |
|   genblk1[256].mac_i |           mac_172 |         28 |         28 |       0 |    0 |    0 |      0 |      0 |            1 |
|   genblk1[257].mac_i |           mac_173 |         30 |         30 |       0 |    0 |    0 |      0 |      0 |            1 |
|   genblk1[258].mac_i |           mac_174 |         27 |         27 |       0 |    0 |    0 |      0 |      0 |            1 |
|   genblk1[259].mac_i |           mac_175 |         26 |         26 |       0 |    0 |    0 |      0 |      0 |            1 |
|   genblk1[25].mac_i  |           mac_176 |         25 |         25 |       0 |    0 |    0 |      0 |      0 |            1 |
|   genblk1[260].mac_i |           mac_177 |         25 |         25 |       0 |    0 |    0 |      0 |      0 |            1 |
|   genblk1[261].mac_i |           mac_178 |         27 |         27 |       0 |    0 |    0 |      0 |      0 |            1 |
|   genblk1[262].mac_i |           mac_179 |         27 |         27 |       0 |    0 |    0 |      0 |      0 |            1 |
|   genblk1[263].mac_i |           mac_180 |         28 |         28 |       0 |    0 |    0 |      0 |      0 |            1 |
|   genblk1[264].mac_i |           mac_181 |         26 |         26 |       0 |    0 |    0 |      0 |      0 |            1 |
|   genblk1[265].mac_i |           mac_182 |         27 |         27 |       0 |    0 |    0 |      0 |      0 |            1 |
|   genblk1[266].mac_i |           mac_183 |         30 |         30 |       0 |    0 |    0 |      0 |      0 |            1 |
|   genblk1[267].mac_i |           mac_184 |         29 |         29 |       0 |    0 |    0 |      0 |      0 |            1 |
|   genblk1[268].mac_i |           mac_185 |         28 |         28 |       0 |    0 |    0 |      0 |      0 |            1 |
|   genblk1[269].mac_i |           mac_186 |         29 |         29 |       0 |    0 |    0 |      0 |      0 |            1 |
|   genblk1[26].mac_i  |           mac_187 |         25 |         25 |       0 |    0 |    0 |      0 |      0 |            1 |
|   genblk1[270].mac_i |           mac_188 |         26 |         26 |       0 |    0 |    0 |      0 |      0 |            1 |
|   genblk1[271].mac_i |           mac_189 |         28 |         28 |       0 |    0 |    0 |      0 |      0 |            1 |
|   genblk1[272].mac_i |           mac_190 |         29 |         29 |       0 |    0 |    0 |      0 |      0 |            1 |
|   genblk1[273].mac_i |           mac_191 |         27 |         27 |       0 |    0 |    0 |      0 |      0 |            1 |
|   genblk1[274].mac_i |           mac_192 |         28 |         28 |       0 |    0 |    0 |      0 |      0 |            1 |
|   genblk1[275].mac_i |           mac_193 |         30 |         30 |       0 |    0 |    0 |      0 |      0 |            1 |
|   genblk1[276].mac_i |           mac_194 |         27 |         27 |       0 |    0 |    0 |      0 |      0 |            1 |
|   genblk1[277].mac_i |           mac_195 |         30 |         30 |       0 |    0 |    0 |      0 |      0 |            1 |
|   genblk1[278].mac_i |           mac_196 |         26 |         26 |       0 |    0 |    0 |      0 |      0 |            1 |
|   genblk1[279].mac_i |           mac_197 |         28 |         28 |       0 |    0 |    0 |      0 |      0 |            1 |
|   genblk1[27].mac_i  |           mac_198 |         28 |         28 |       0 |    0 |    0 |      0 |      0 |            1 |
|   genblk1[280].mac_i |           mac_199 |         28 |         28 |       0 |    0 |    0 |      0 |      0 |            1 |
|   genblk1[281].mac_i |           mac_200 |         26 |         26 |       0 |    0 |    0 |      0 |      0 |            1 |
|   genblk1[282].mac_i |           mac_201 |         30 |         30 |       0 |    0 |    0 |      0 |      0 |            1 |
|   genblk1[283].mac_i |           mac_202 |         28 |         28 |       0 |    0 |    0 |      0 |      0 |            1 |
|   genblk1[284].mac_i |           mac_203 |         28 |         28 |       0 |    0 |    0 |      0 |      0 |            1 |
|   genblk1[285].mac_i |           mac_204 |         29 |         29 |       0 |    0 |    0 |      0 |      0 |            1 |
|   genblk1[286].mac_i |           mac_205 |         28 |         28 |       0 |    0 |    0 |      0 |      0 |            1 |
|   genblk1[287].mac_i |           mac_206 |         27 |         27 |       0 |    0 |    0 |      0 |      0 |            1 |
|   genblk1[288].mac_i |           mac_207 |         27 |         27 |       0 |    0 |    0 |      0 |      0 |            1 |
|   genblk1[289].mac_i |           mac_208 |         30 |         30 |       0 |    0 |    0 |      0 |      0 |            1 |
|   genblk1[28].mac_i  |           mac_209 |         26 |         26 |       0 |    0 |    0 |      0 |      0 |            1 |
|   genblk1[290].mac_i |           mac_210 |         28 |         28 |       0 |    0 |    0 |      0 |      0 |            1 |
|   genblk1[291].mac_i |           mac_211 |         28 |         28 |       0 |    0 |    0 |      0 |      0 |            1 |
|   genblk1[292].mac_i |           mac_212 |         26 |         26 |       0 |    0 |    0 |      0 |      0 |            1 |
|   genblk1[293].mac_i |           mac_213 |         29 |         29 |       0 |    0 |    0 |      0 |      0 |            1 |
|   genblk1[294].mac_i |           mac_214 |         30 |         30 |       0 |    0 |    0 |      0 |      0 |            1 |
|   genblk1[295].mac_i |           mac_215 |         26 |         26 |       0 |    0 |    0 |      0 |      0 |            1 |
|   genblk1[296].mac_i |           mac_216 |         29 |         29 |       0 |    0 |    0 |      0 |      0 |            1 |
|   genblk1[297].mac_i |           mac_217 |         29 |         29 |       0 |    0 |    0 |      0 |      0 |            1 |
|   genblk1[298].mac_i |           mac_218 |         31 |         31 |       0 |    0 |    0 |      0 |      0 |            1 |
|   genblk1[299].mac_i |           mac_219 |         29 |         29 |       0 |    0 |    0 |      0 |      0 |            1 |
|   genblk1[29].mac_i  |           mac_220 |         29 |         29 |       0 |    0 |    0 |      0 |      0 |            1 |
|   genblk1[2].mac_i   |           mac_221 |         28 |         28 |       0 |    0 |    0 |      0 |      0 |            1 |
|   genblk1[300].mac_i |           mac_222 |         27 |         27 |       0 |    0 |    0 |      0 |      0 |            1 |
|   genblk1[301].mac_i |           mac_223 |         28 |         28 |       0 |    0 |    0 |      0 |      0 |            1 |
|   genblk1[302].mac_i |           mac_224 |         27 |         27 |       0 |    0 |    0 |      0 |      0 |            1 |
|   genblk1[303].mac_i |           mac_225 |         29 |         29 |       0 |    0 |    0 |      0 |      0 |            1 |
|   genblk1[304].mac_i |           mac_226 |         28 |         28 |       0 |    0 |    0 |      0 |      0 |            1 |
|   genblk1[305].mac_i |           mac_227 |         29 |         29 |       0 |    0 |    0 |      0 |      0 |            1 |
|   genblk1[306].mac_i |           mac_228 |         31 |         31 |       0 |    0 |    0 |      0 |      0 |            1 |
|   genblk1[307].mac_i |           mac_229 |         28 |         28 |       0 |    0 |    0 |      0 |      0 |            1 |
|   genblk1[308].mac_i |           mac_230 |         28 |         28 |       0 |    0 |    0 |      0 |      0 |            1 |
|   genblk1[309].mac_i |           mac_231 |         30 |         30 |       0 |    0 |    0 |      0 |      0 |            1 |
|   genblk1[30].mac_i  |           mac_232 |         29 |         29 |       0 |    0 |    0 |      0 |      0 |            1 |
|   genblk1[310].mac_i |           mac_233 |         27 |         27 |       0 |    0 |    0 |      0 |      0 |            1 |
|   genblk1[311].mac_i |           mac_234 |         29 |         29 |       0 |    0 |    0 |      0 |      0 |            1 |
|   genblk1[312].mac_i |           mac_235 |         28 |         28 |       0 |    0 |    0 |      0 |      0 |            1 |
|   genblk1[313].mac_i |           mac_236 |         29 |         29 |       0 |    0 |    0 |      0 |      0 |            1 |
|   genblk1[314].mac_i |           mac_237 |         30 |         30 |       0 |    0 |    0 |      0 |      0 |            1 |
|   genblk1[315].mac_i |           mac_238 |         27 |         27 |       0 |    0 |    0 |      0 |      0 |            1 |
|   genblk1[316].mac_i |           mac_239 |         26 |         26 |       0 |    0 |    0 |      0 |      0 |            1 |
|   genblk1[317].mac_i |           mac_240 |         29 |         29 |       0 |    0 |    0 |      0 |      0 |            1 |
|   genblk1[318].mac_i |           mac_241 |         29 |         29 |       0 |    0 |    0 |      0 |      0 |            1 |
|   genblk1[319].mac_i |           mac_242 |         28 |         28 |       0 |    0 |    0 |      0 |      0 |            1 |
|   genblk1[31].mac_i  |           mac_243 |         31 |         31 |       0 |    0 |    0 |      0 |      0 |            1 |
|   genblk1[320].mac_i |           mac_244 |         27 |         27 |       0 |    0 |    0 |      0 |      0 |            1 |
|   genblk1[321].mac_i |           mac_245 |         29 |         29 |       0 |    0 |    0 |      0 |      0 |            1 |
|   genblk1[322].mac_i |           mac_246 |         26 |         26 |       0 |    0 |    0 |      0 |      0 |            1 |
|   genblk1[323].mac_i |           mac_247 |         27 |         27 |       0 |    0 |    0 |      0 |      0 |            1 |
|   genblk1[324].mac_i |           mac_248 |         26 |         26 |       0 |    0 |    0 |      0 |      0 |            1 |
|   genblk1[325].mac_i |           mac_249 |         28 |         28 |       0 |    0 |    0 |      0 |      0 |            1 |
|   genblk1[326].mac_i |           mac_250 |         29 |         29 |       0 |    0 |    0 |      0 |      0 |            1 |
|   genblk1[327].mac_i |           mac_251 |         28 |         28 |       0 |    0 |    0 |      0 |      0 |            1 |
|   genblk1[328].mac_i |           mac_252 |         29 |         29 |       0 |    0 |    0 |      0 |      0 |            1 |
|   genblk1[329].mac_i |           mac_253 |         31 |         31 |       0 |    0 |    0 |      0 |      0 |            1 |
|   genblk1[32].mac_i  |           mac_254 |         29 |         29 |       0 |    0 |    0 |      0 |      0 |            1 |
|   genblk1[330].mac_i |           mac_255 |         28 |         28 |       0 |    0 |    0 |      0 |      0 |            1 |
|   genblk1[331].mac_i |           mac_256 |         30 |         30 |       0 |    0 |    0 |      0 |      0 |            1 |
|   genblk1[332].mac_i |           mac_257 |         29 |         29 |       0 |    0 |    0 |      0 |      0 |            1 |
|   genblk1[333].mac_i |           mac_258 |         26 |         26 |       0 |    0 |    0 |      0 |      0 |            1 |
|   genblk1[334].mac_i |           mac_259 |         27 |         27 |       0 |    0 |    0 |      0 |      0 |            1 |
|   genblk1[335].mac_i |           mac_260 |         27 |         27 |       0 |    0 |    0 |      0 |      0 |            1 |
|   genblk1[336].mac_i |           mac_261 |         27 |         27 |       0 |    0 |    0 |      0 |      0 |            1 |
|   genblk1[337].mac_i |           mac_262 |         29 |         29 |       0 |    0 |    0 |      0 |      0 |            1 |
|   genblk1[338].mac_i |           mac_263 |         29 |         29 |       0 |    0 |    0 |      0 |      0 |            1 |
|   genblk1[339].mac_i |           mac_264 |         28 |         28 |       0 |    0 |    0 |      0 |      0 |            1 |
|   genblk1[33].mac_i  |           mac_265 |         26 |         26 |       0 |    0 |    0 |      0 |      0 |            1 |
|   genblk1[340].mac_i |           mac_266 |         27 |         27 |       0 |    0 |    0 |      0 |      0 |            1 |
|   genblk1[341].mac_i |           mac_267 |         52 |         52 |       0 |    0 |    0 |      0 |      0 |            1 |
|   genblk1[342].mac_i |           mac_268 |         29 |         29 |       0 |    0 |    0 |      0 |      0 |            1 |
|   genblk1[343].mac_i |           mac_269 |         30 |         30 |       0 |    0 |    0 |      0 |      0 |            1 |
|   genblk1[344].mac_i |           mac_270 |         26 |         26 |       0 |    0 |    0 |      0 |      0 |            1 |
|   genblk1[345].mac_i |           mac_271 |         28 |         28 |       0 |    0 |    0 |      0 |      0 |            1 |
|   genblk1[346].mac_i |           mac_272 |         32 |         32 |       0 |    0 |    0 |      0 |      0 |            1 |
|   genblk1[347].mac_i |           mac_273 |         27 |         27 |       0 |    0 |    0 |      0 |      0 |            1 |
|   genblk1[348].mac_i |           mac_274 |         30 |         30 |       0 |    0 |    0 |      0 |      0 |            1 |
|   genblk1[349].mac_i |           mac_275 |         26 |         26 |       0 |    0 |    0 |      0 |      0 |            1 |
|   genblk1[34].mac_i  |           mac_276 |         28 |         28 |       0 |    0 |    0 |      0 |      0 |            1 |
|   genblk1[350].mac_i |           mac_277 |         28 |         28 |       0 |    0 |    0 |      0 |      0 |            1 |
|   genblk1[351].mac_i |           mac_278 |         28 |         28 |       0 |    0 |    0 |      0 |      0 |            1 |
|   genblk1[352].mac_i |           mac_279 |         28 |         28 |       0 |    0 |    0 |      0 |      0 |            1 |
|   genblk1[353].mac_i |           mac_280 |         25 |         25 |       0 |    0 |    0 |      0 |      0 |            1 |
|   genblk1[354].mac_i |           mac_281 |         26 |         26 |       0 |    0 |    0 |      0 |      0 |            1 |
|   genblk1[355].mac_i |           mac_282 |         27 |         27 |       0 |    0 |    0 |      0 |      0 |            1 |
|   genblk1[356].mac_i |           mac_283 |         29 |         29 |       0 |    0 |    0 |      0 |      0 |            1 |
|   genblk1[357].mac_i |           mac_284 |         29 |         29 |       0 |    0 |    0 |      0 |      0 |            1 |
|   genblk1[358].mac_i |           mac_285 |         30 |         30 |       0 |    0 |    0 |      0 |      0 |            1 |
|   genblk1[359].mac_i |           mac_286 |         27 |         27 |       0 |    0 |    0 |      0 |      0 |            1 |
|   genblk1[35].mac_i  |           mac_287 |         29 |         29 |       0 |    0 |    0 |      0 |      0 |            1 |
|   genblk1[360].mac_i |           mac_288 |         27 |         27 |       0 |    0 |    0 |      0 |      0 |            1 |
|   genblk1[361].mac_i |           mac_289 |         27 |         27 |       0 |    0 |    0 |      0 |      0 |            1 |
|   genblk1[362].mac_i |           mac_290 |         29 |         29 |       0 |    0 |    0 |      0 |      0 |            1 |
|   genblk1[363].mac_i |           mac_291 |         26 |         26 |       0 |    0 |    0 |      0 |      0 |            1 |
|   genblk1[364].mac_i |           mac_292 |         28 |         28 |       0 |    0 |    0 |      0 |      0 |            1 |
|   genblk1[365].mac_i |           mac_293 |         31 |         31 |       0 |    0 |    0 |      0 |      0 |            1 |
|   genblk1[366].mac_i |           mac_294 |         31 |         31 |       0 |    0 |    0 |      0 |      0 |            1 |
|   genblk1[367].mac_i |           mac_295 |         28 |         28 |       0 |    0 |    0 |      0 |      0 |            1 |
|   genblk1[36].mac_i  |           mac_296 |         28 |         28 |       0 |    0 |    0 |      0 |      0 |            1 |
|   genblk1[37].mac_i  |           mac_297 |         27 |         27 |       0 |    0 |    0 |      0 |      0 |            1 |
|   genblk1[38].mac_i  |           mac_298 |         28 |         28 |       0 |    0 |    0 |      0 |      0 |            1 |
|   genblk1[39].mac_i  |           mac_299 |         29 |         29 |       0 |    0 |    0 |      0 |      0 |            1 |
|   genblk1[3].mac_i   |           mac_300 |         27 |         27 |       0 |    0 |    0 |      0 |      0 |            1 |
|   genblk1[40].mac_i  |           mac_301 |         29 |         29 |       0 |    0 |    0 |      0 |      0 |            1 |
|   genblk1[41].mac_i  |           mac_302 |         28 |         28 |       0 |    0 |    0 |      0 |      0 |            1 |
|   genblk1[42].mac_i  |           mac_303 |         28 |         28 |       0 |    0 |    0 |      0 |      0 |            1 |
|   genblk1[43].mac_i  |           mac_304 |         27 |         27 |       0 |    0 |    0 |      0 |      0 |            1 |
|   genblk1[44].mac_i  |           mac_305 |         28 |         28 |       0 |    0 |    0 |      0 |      0 |            1 |
|   genblk1[45].mac_i  |           mac_306 |         30 |         30 |       0 |    0 |    0 |      0 |      0 |            1 |
|   genblk1[46].mac_i  |           mac_307 |         26 |         26 |       0 |    0 |    0 |      0 |      0 |            1 |
|   genblk1[47].mac_i  |           mac_308 |         28 |         28 |       0 |    0 |    0 |      0 |      0 |            1 |
|   genblk1[48].mac_i  |           mac_309 |         27 |         27 |       0 |    0 |    0 |      0 |      0 |            1 |
|   genblk1[49].mac_i  |           mac_310 |         30 |         30 |       0 |    0 |    0 |      0 |      0 |            1 |
|   genblk1[4].mac_i   |           mac_311 |         28 |         28 |       0 |    0 |    0 |      0 |      0 |            1 |
|   genblk1[50].mac_i  |           mac_312 |         29 |         29 |       0 |    0 |    0 |      0 |      0 |            1 |
|   genblk1[51].mac_i  |           mac_313 |         28 |         28 |       0 |    0 |    0 |      0 |      0 |            1 |
|   genblk1[52].mac_i  |           mac_314 |         27 |         27 |       0 |    0 |    0 |      0 |      0 |            1 |
|   genblk1[53].mac_i  |           mac_315 |         30 |         30 |       0 |    0 |    0 |      0 |      0 |            1 |
|   genblk1[54].mac_i  |           mac_316 |         27 |         27 |       0 |    0 |    0 |      0 |      0 |            1 |
|   genblk1[55].mac_i  |           mac_317 |         28 |         28 |       0 |    0 |    0 |      0 |      0 |            1 |
|   genblk1[56].mac_i  |           mac_318 |         27 |         27 |       0 |    0 |    0 |      0 |      0 |            1 |
|   genblk1[57].mac_i  |           mac_319 |         27 |         27 |       0 |    0 |    0 |      0 |      0 |            1 |
|   genblk1[58].mac_i  |           mac_320 |         27 |         27 |       0 |    0 |    0 |      0 |      0 |            1 |
|   genblk1[59].mac_i  |           mac_321 |         30 |         30 |       0 |    0 |    0 |      0 |      0 |            1 |
|   genblk1[5].mac_i   |           mac_322 |         26 |         26 |       0 |    0 |    0 |      0 |      0 |            1 |
|   genblk1[60].mac_i  |           mac_323 |         29 |         29 |       0 |    0 |    0 |      0 |      0 |            1 |
|   genblk1[61].mac_i  |           mac_324 |         28 |         28 |       0 |    0 |    0 |      0 |      0 |            1 |
|   genblk1[62].mac_i  |           mac_325 |         28 |         28 |       0 |    0 |    0 |      0 |      0 |            1 |
|   genblk1[63].mac_i  |           mac_326 |         27 |         27 |       0 |    0 |    0 |      0 |      0 |            1 |
|   genblk1[64].mac_i  |           mac_327 |         27 |         27 |       0 |    0 |    0 |      0 |      0 |            1 |
|   genblk1[65].mac_i  |           mac_328 |         25 |         25 |       0 |    0 |    0 |      0 |      0 |            1 |
|   genblk1[66].mac_i  |           mac_329 |         30 |         30 |       0 |    0 |    0 |      0 |      0 |            1 |
|   genblk1[67].mac_i  |           mac_330 |         31 |         31 |       0 |    0 |    0 |      0 |      0 |            1 |
|   genblk1[68].mac_i  |           mac_331 |         28 |         28 |       0 |    0 |    0 |      0 |      0 |            1 |
|   genblk1[69].mac_i  |           mac_332 |         31 |         31 |       0 |    0 |    0 |      0 |      0 |            1 |
|   genblk1[6].mac_i   |           mac_333 |         26 |         26 |       0 |    0 |    0 |      0 |      0 |            1 |
|   genblk1[70].mac_i  |           mac_334 |         30 |         30 |       0 |    0 |    0 |      0 |      0 |            1 |
|   genblk1[71].mac_i  |           mac_335 |         29 |         29 |       0 |    0 |    0 |      0 |      0 |            1 |
|   genblk1[72].mac_i  |           mac_336 |         28 |         28 |       0 |    0 |    0 |      0 |      0 |            1 |
|   genblk1[73].mac_i  |           mac_337 |         28 |         28 |       0 |    0 |    0 |      0 |      0 |            1 |
|   genblk1[74].mac_i  |           mac_338 |         27 |         27 |       0 |    0 |    0 |      0 |      0 |            1 |
|   genblk1[75].mac_i  |           mac_339 |         27 |         27 |       0 |    0 |    0 |      0 |      0 |            1 |
|   genblk1[76].mac_i  |           mac_340 |         29 |         29 |       0 |    0 |    0 |      0 |      0 |            1 |
|   genblk1[77].mac_i  |           mac_341 |         29 |         29 |       0 |    0 |    0 |      0 |      0 |            1 |
|   genblk1[78].mac_i  |           mac_342 |         32 |         32 |       0 |    0 |    0 |      0 |      0 |            1 |
|   genblk1[79].mac_i  |           mac_343 |         26 |         26 |       0 |    0 |    0 |      0 |      0 |            1 |
|   genblk1[7].mac_i   |           mac_344 |         30 |         30 |       0 |    0 |    0 |      0 |      0 |            1 |
|   genblk1[80].mac_i  |           mac_345 |         30 |         30 |       0 |    0 |    0 |      0 |      0 |            1 |
|   genblk1[81].mac_i  |           mac_346 |         28 |         28 |       0 |    0 |    0 |      0 |      0 |            1 |
|   genblk1[82].mac_i  |           mac_347 |         26 |         26 |       0 |    0 |    0 |      0 |      0 |            1 |
|   genblk1[83].mac_i  |           mac_348 |         29 |         29 |       0 |    0 |    0 |      0 |      0 |            1 |
|   genblk1[84].mac_i  |           mac_349 |         29 |         29 |       0 |    0 |    0 |      0 |      0 |            1 |
|   genblk1[85].mac_i  |           mac_350 |         27 |         27 |       0 |    0 |    0 |      0 |      0 |            1 |
|   genblk1[86].mac_i  |           mac_351 |         28 |         28 |       0 |    0 |    0 |      0 |      0 |            1 |
|   genblk1[87].mac_i  |           mac_352 |         29 |         29 |       0 |    0 |    0 |      0 |      0 |            1 |
|   genblk1[88].mac_i  |           mac_353 |         28 |         28 |       0 |    0 |    0 |      0 |      0 |            1 |
|   genblk1[89].mac_i  |           mac_354 |         27 |         27 |       0 |    0 |    0 |      0 |      0 |            1 |
|   genblk1[8].mac_i   |           mac_355 |         27 |         27 |       0 |    0 |    0 |      0 |      0 |            1 |
|   genblk1[90].mac_i  |           mac_356 |         26 |         26 |       0 |    0 |    0 |      0 |      0 |            1 |
|   genblk1[91].mac_i  |           mac_357 |         27 |         27 |       0 |    0 |    0 |      0 |      0 |            1 |
|   genblk1[92].mac_i  |           mac_358 |         29 |         29 |       0 |    0 |    0 |      0 |      0 |            1 |
|   genblk1[93].mac_i  |           mac_359 |         27 |         27 |       0 |    0 |    0 |      0 |      0 |            1 |
|   genblk1[94].mac_i  |           mac_360 |         27 |         27 |       0 |    0 |    0 |      0 |      0 |            1 |
|   genblk1[95].mac_i  |           mac_361 |         26 |         26 |       0 |    0 |    0 |      0 |      0 |            1 |
|   genblk1[96].mac_i  |           mac_362 |         28 |         28 |       0 |    0 |    0 |      0 |      0 |            1 |
|   genblk1[97].mac_i  |           mac_363 |         28 |         28 |       0 |    0 |    0 |      0 |      0 |            1 |
|   genblk1[98].mac_i  |           mac_364 |         29 |         29 |       0 |    0 |    0 |      0 |      0 |            1 |
|   genblk1[99].mac_i  |           mac_365 |         26 |         26 |       0 |    0 |    0 |      0 |      0 |            1 |
|   genblk1[9].mac_i   |           mac_366 |         29 |         29 |       0 |    0 |    0 |      0 |      0 |            1 |
|   u_2                | rom_fire9_expand1 |        426 |        426 |       0 |    0 |    0 |      0 |      0 |            0 |
+----------------------+-------------------+------------+------------+---------+------+------+--------+--------+--------------+


