Copyright 1986-2018 Xilinx, Inc. All Rights Reserved.
-------------------------------------------------------------------------------------
| Tool Version : Vivado v.2018.3 (lin64) Build 2405991 Thu Dec  6 23:36:41 MST 2018
| Date         : Sun Feb 23 00:03:57 2020
| Host         : GCS running 64-bit Ubuntu 18.04.4 LTS
| Command      : report_utilization -hierarchical -file hierarchical_utilization.rpt
| Design       : fire4_squeeze
| Device       : 7vx690tffg1157-3
| Design State : Synthesized
-------------------------------------------------------------------------------------

Utilization Design Information

Table of Contents
-----------------
1. Utilization by Hierarchy

1. Utilization by Hierarchy
---------------------------

+---------------------+---------------------------+------------+------------+---------+------+-----+--------+--------+--------------+
|       Instance      |           Module          | Total LUTs | Logic LUTs | LUTRAMs | SRLs | FFs | RAMB36 | RAMB18 | DSP48 Blocks |
+---------------------+---------------------------+------------+------------+---------+------+-----+--------+--------+--------------+
| fire4_squeeze       |                     (top) |      12411 |      12411 |       0 |    0 | 624 |      0 |      0 |           32 |
|   (fire4_squeeze)   |                     (top) |        143 |        143 |       0 |    0 | 624 |      0 |      0 |            0 |
|   genblk1[0].mac_i  |                       mac |        401 |        401 |       0 |    0 |   0 |      0 |      0 |            1 |
|   genblk1[10].mac_i |                     mac_0 |        465 |        465 |       0 |    0 |   0 |      0 |      0 |            1 |
|   genblk1[11].mac_i |                     mac_1 |        401 |        401 |       0 |    0 |   0 |      0 |      0 |            1 |
|   genblk1[12].mac_i |                     mac_2 |        408 |        408 |       0 |    0 |   0 |      0 |      0 |            1 |
|   genblk1[13].mac_i |                     mac_3 |        409 |        409 |       0 |    0 |   0 |      0 |      0 |            1 |
|   genblk1[14].mac_i |                     mac_4 |        398 |        398 |       0 |    0 |   0 |      0 |      0 |            1 |
|   genblk1[15].mac_i |                     mac_5 |        413 |        413 |       0 |    0 |   0 |      0 |      0 |            1 |
|   genblk1[16].mac_i |                     mac_6 |        411 |        411 |       0 |    0 |   0 |      0 |      0 |            1 |
|   genblk1[17].mac_i |                     mac_7 |        389 |        389 |       0 |    0 |   0 |      0 |      0 |            1 |
|   genblk1[18].mac_i |                     mac_8 |        267 |        267 |       0 |    0 |   0 |      0 |      0 |            1 |
|   genblk1[19].mac_i |                     mac_9 |        417 |        417 |       0 |    0 |   0 |      0 |      0 |            1 |
|   genblk1[1].mac_i  |                    mac_10 |        395 |        395 |       0 |    0 |   0 |      0 |      0 |            1 |
|   genblk1[20].mac_i |                    mac_11 |        280 |        280 |       0 |    0 |   0 |      0 |      0 |            1 |
|   genblk1[21].mac_i |                    mac_12 |        279 |        279 |       0 |    0 |   0 |      0 |      0 |            1 |
|   genblk1[22].mac_i |                    mac_13 |        278 |        278 |       0 |    0 |   0 |      0 |      0 |            1 |
|   genblk1[23].mac_i |                    mac_14 |        402 |        402 |       0 |    0 |   0 |      0 |      0 |            1 |
|   genblk1[24].mac_i |                    mac_15 |        403 |        403 |       0 |    0 |   0 |      0 |      0 |            1 |
|   genblk1[25].mac_i |                    mac_16 |        397 |        397 |       0 |    0 |   0 |      0 |      0 |            1 |
|   genblk1[26].mac_i |                    mac_17 |         27 |         27 |       0 |    0 |   0 |      0 |      0 |            1 |
|   genblk1[27].mac_i |                    mac_18 |        415 |        415 |       0 |    0 |   0 |      0 |      0 |            1 |
|   genblk1[28].mac_i |                    mac_19 |        424 |        424 |       0 |    0 |   0 |      0 |      0 |            1 |
|   genblk1[29].mac_i |                    mac_20 |        445 |        445 |       0 |    0 |   0 |      0 |      0 |            1 |
|   genblk1[2].mac_i  |                    mac_21 |        392 |        392 |       0 |    0 |   0 |      0 |      0 |            1 |
|   genblk1[30].mac_i |                    mac_22 |        415 |        415 |       0 |    0 |   0 |      0 |      0 |            1 |
|   genblk1[31].mac_i |                    mac_23 |        435 |        435 |       0 |    0 |   0 |      0 |      0 |            1 |
|   genblk1[3].mac_i  |                    mac_24 |        275 |        275 |       0 |    0 |   0 |      0 |      0 |            1 |
|   genblk1[4].mac_i  |                    mac_25 |        415 |        415 |       0 |    0 |   0 |      0 |      0 |            1 |
|   genblk1[5].mac_i  |                    mac_26 |        426 |        426 |       0 |    0 |   0 |      0 |      0 |            1 |
|   genblk1[6].mac_i  |                    mac_27 |        432 |        432 |       0 |    0 |   0 |      0 |      0 |            1 |
|   genblk1[7].mac_i  |                    mac_28 |        450 |        450 |       0 |    0 |   0 |      0 |      0 |            1 |
|   genblk1[8].mac_i  |                    mac_29 |        439 |        439 |       0 |    0 |   0 |      0 |      0 |            1 |
|   genblk1[9].mac_i  |                    mac_30 |        416 |        416 |       0 |    0 |   0 |      0 |      0 |            1 |
|   u_2               | wrapper_rom_fire4_squeeze |         49 |         49 |       0 |    0 |   0 |      0 |      0 |            0 |
+---------------------+---------------------------+------------+------------+---------+------+-----+--------+--------+--------------+


