logic__34: 
datapath__5: 
reg__5: 
reg__20: 
rom__1: 
reg__25: 
case__17: 
counter__1: 
rom__24: 
reg__36: 
case__26: 
case__15: 
logic__22: 
case__23: 
rom__29: 
reg__28: 
rom__15: 
rom__48: 
case__28: 
datapath__17: 
reg__12: 
case__11: 
rom__55: 
datapath__30: 
datapath__14: 
reg__2: 
datapath__1: 
logic__30: 
case: 
rom__49: 
datapath__34: 
reg__69: 
reg__8: 
logic__43: 
logic__4: 
reg__66: 
logic__55: 
datapath__26: 
datapath__18: 
reg__61: 
rom__41: 
reg__58: 
rom__40: 
reg__17: 
reg__55: 
rom__56: 
reg__52: 
reg__34: 
datapath__29: 
rom_fire4_squeeze: 
case__9: 
rom__20: 
case__32: 
datapath__24: 
reg__15: 
case__29: 
wrapper_rom_fire4_squeeze: 
rom__8: 
logic__54: 
datapath__10: 
datapath__3: 
logic__45: 
datapath__8: 
datapath__12: 
rom__14: 
logic__27: 
reg__50: 
logic__47: 
reg__47: 
reg__24: 
reg__44: 
datapath__11: 
logic__11: 
reg__41: 
rom__13: 
rom__45: 
rom__34: 
logic__35: 
rom__62: 
logic__3: 
rom__42: 
reg__3: 
case__27: 
rom2_fire4_squeeze: 
reg__27: 
keep__1: 
case__13: 
datapath__32: 
reg__32: 
rom__33: 
rom__58: 
datapath__19: 
reg__11: 
rom__23: 
rom__51: 
logic__37: 
case__19: 
rom__27: 
datapath__28: 
logic__44: 
logic__25: 
datapath__4: 
datapath__6: 
reg__7: 
logic__39: 
logic__28: 
reg__33: 
reg__39: 
fire4_squeeze: 
case__16: 
logic__29: 
rom__37: 
rom__36: 
logic__42: 
rom__46: 
reg__70: 
logic__40: 
reg__67: 
datapath__16: 
reg__64: 
reg__62: 
logic__21: 
reg__14: 
reg__59: 
rom__7: 
logic__41: 
reg__56: 
datapath__25: 
rom__59: 
reg__23: 
case__22: 
reg__53: 
rom__17: 
logic__56: 
case__25: 
rom__50: 
logic__31: 
keep: 
datapath__2: 
mac: 
rom__2: 
reg__26: 
reg__31: 
reg__22: 
case__8: 
rom__57: 
rom__21: 
reg__38: 
reg__51: 
datapath__23: 
case__14: 
reg__48: 
datapath__22: 
reg__45: 
case__7: 
case__21: 
datapath__9: 
rom__22: 
rom__28: 
reg__42: 
rom__19: 
rom__9: 
rom__6: 
case__18: 
case__12: 
case__6: 
logic: 
reg__10: 
rom__18: 
logic__33: 
datapath: 
reg__72: 
rom__16: 
reg__19: 
rom__47: 
case__5: 
rom__35: 
rom__54: 
logic__20: 
rom__43: 
rom__12: 
muxpart__1: 
logic__50: 
case__4: 
rom__39: 
rom__25: 
rom__52: 
logic__48: 
logic__32: 
reg__1: 
reg__71: 
rom__63: 
rom__3: 
logic__7: 
case__3: 
reg__68: 
reg__30: 
reg__21: 
reg__65: 
reg__63: 
rom__4: 
reg: 
reg__60: 
reg__37: 
logic__36: 
logic__26: 
datapath__27: 
reg__57: 
dsp48e1: 
reg__54: 
case__2: 
rom__26: 
logic__49: 
case__1: 
muxpart: 
rom__38: 
logic__52: 
reg__29: 
logic__46: 
biasing_fire4_squeeze: 
rom__30: 
reg__6: 
case__10: 
rom__32: 
reg__13: 
rom__44: 
case__30: 
case__31: 
datapath__21: 
reg__9: 
rom__61: 
rom__31: 
rom__60: 
logic__53: 
rom__5: 
rom__53: 
reg__49: 
reg__18: 
case__20: 
logic__38: 
reg__46: 
reg__35: 
reg__43: 
logic__16: 
datapath__13: 
reg__40: 
datapath__7: 
datapath__20: 
reg__16: 
rom__10: 
datapath__31: 
case__24: 
datapath__15: 
rom: 
datapath__33: 
logic__51: 
reg__4: 
rom__11: 
counter: 
