Copyright 1986-2018 Xilinx, Inc. All Rights Reserved.
-------------------------------------------------------------------------------------
| Tool Version : Vivado v.2018.3 (lin64) Build 2405991 Thu Dec  6 23:36:41 MST 2018
| Date         : Wed Mar  4 08:49:15 2020
| Host         : GCS running 64-bit Ubuntu 18.04.4 LTS
| Command      : report_utilization -hierarchical -file hierarchical_utilization.rpt
| Design       : squeeze_wrapper
| Device       : 7vx690tffg1157-3
| Design State : Synthesized
-------------------------------------------------------------------------------------

Utilization Design Information

Table of Contents
-----------------
1. Utilization by Hierarchy

1. Utilization by Hierarchy
---------------------------

+------------------------+-------------------+------------+------------+---------+------+------+--------+--------+--------------+
|        Instance        |       Module      | Total LUTs | Logic LUTs | LUTRAMs | SRLs |  FFs | RAMB36 | RAMB18 | DSP48 Blocks |
+------------------------+-------------------+------------+------------+---------+------+------+--------+--------+--------------+
| squeeze_wrapper        |             (top) |       3127 |       3127 |       0 |    0 | 3654 |    224 |      0 |          224 |
|   (squeeze_wrapper)    |             (top) |          2 |          2 |       0 |    0 |   12 |      0 |      0 |            0 |
|   u_2                  | rom_fire8_squeeze |          0 |          0 |       0 |    0 |    0 |    224 |      0 |            0 |
|   u_8                  |     fire8_squeeze |       1295 |       1295 |       0 |    0 | 1822 |      0 |      0 |          112 |
|     (u_8)              |     fire8_squeeze |        143 |        143 |       0 |    0 | 1822 |      0 |      0 |            0 |
|     genblk1[0].mac_i   |           mac_111 |         28 |         28 |       0 |    0 |    0 |      0 |      0 |            1 |
|     genblk1[100].mac_i |           mac_112 |          1 |          1 |       0 |    0 |    0 |      0 |      0 |            1 |
|     genblk1[101].mac_i |           mac_113 |          3 |          3 |       0 |    0 |    0 |      0 |      0 |            1 |
|     genblk1[102].mac_i |           mac_114 |          3 |          3 |       0 |    0 |    0 |      0 |      0 |            1 |
|     genblk1[103].mac_i |           mac_115 |          4 |          4 |       0 |    0 |    0 |      0 |      0 |            1 |
|     genblk1[104].mac_i |           mac_116 |         26 |         26 |       0 |    0 |    0 |      0 |      0 |            1 |
|     genblk1[105].mac_i |           mac_117 |          2 |          2 |       0 |    0 |    0 |      0 |      0 |            1 |
|     genblk1[106].mac_i |           mac_118 |          3 |          3 |       0 |    0 |    0 |      0 |      0 |            1 |
|     genblk1[107].mac_i |           mac_119 |          5 |          5 |       0 |    0 |    0 |      0 |      0 |            1 |
|     genblk1[108].mac_i |           mac_120 |         28 |         28 |       0 |    0 |    0 |      0 |      0 |            1 |
|     genblk1[109].mac_i |           mac_121 |          2 |          2 |       0 |    0 |    0 |      0 |      0 |            1 |
|     genblk1[10].mac_i  |           mac_122 |          3 |          3 |       0 |    0 |    0 |      0 |      0 |            1 |
|     genblk1[110].mac_i |           mac_123 |          3 |          3 |       0 |    0 |    0 |      0 |      0 |            1 |
|     genblk1[111].mac_i |           mac_124 |          1 |          1 |       0 |    0 |    0 |      0 |      0 |            1 |
|     genblk1[11].mac_i  |           mac_125 |         27 |         27 |       0 |    0 |    0 |      0 |      0 |            1 |
|     genblk1[12].mac_i  |           mac_126 |          2 |          2 |       0 |    0 |    0 |      0 |      0 |            1 |
|     genblk1[13].mac_i  |           mac_127 |          4 |          4 |       0 |    0 |    0 |      0 |      0 |            1 |
|     genblk1[14].mac_i  |           mac_128 |          4 |          4 |       0 |    0 |    0 |      0 |      0 |            1 |
|     genblk1[15].mac_i  |           mac_129 |         28 |         28 |       0 |    0 |    0 |      0 |      0 |            1 |
|     genblk1[16].mac_i  |           mac_130 |         28 |         28 |       0 |    0 |    0 |      0 |      0 |            1 |
|     genblk1[17].mac_i  |           mac_131 |         30 |         30 |       0 |    0 |    0 |      0 |      0 |            1 |
|     genblk1[18].mac_i  |           mac_132 |          4 |          4 |       0 |    0 |    0 |      0 |      0 |            1 |
|     genblk1[19].mac_i  |           mac_133 |          3 |          3 |       0 |    0 |    0 |      0 |      0 |            1 |
|     genblk1[1].mac_i   |           mac_134 |          3 |          3 |       0 |    0 |    0 |      0 |      0 |            1 |
|     genblk1[20].mac_i  |           mac_135 |          4 |          4 |       0 |    0 |    0 |      0 |      0 |            1 |
|     genblk1[21].mac_i  |           mac_136 |          5 |          5 |       0 |    0 |    0 |      0 |      0 |            1 |
|     genblk1[22].mac_i  |           mac_137 |         27 |         27 |       0 |    0 |    0 |      0 |      0 |            1 |
|     genblk1[23].mac_i  |           mac_138 |         28 |         28 |       0 |    0 |    0 |      0 |      0 |            1 |
|     genblk1[24].mac_i  |           mac_139 |          4 |          4 |       0 |    0 |    0 |      0 |      0 |            1 |
|     genblk1[25].mac_i  |           mac_140 |          3 |          3 |       0 |    0 |    0 |      0 |      0 |            1 |
|     genblk1[26].mac_i  |           mac_141 |          2 |          2 |       0 |    0 |    0 |      0 |      0 |            1 |
|     genblk1[27].mac_i  |           mac_142 |          3 |          3 |       0 |    0 |    0 |      0 |      0 |            1 |
|     genblk1[28].mac_i  |           mac_143 |         27 |         27 |       0 |    0 |    0 |      0 |      0 |            1 |
|     genblk1[29].mac_i  |           mac_144 |          2 |          2 |       0 |    0 |    0 |      0 |      0 |            1 |
|     genblk1[2].mac_i   |           mac_145 |          2 |          2 |       0 |    0 |    0 |      0 |      0 |            1 |
|     genblk1[30].mac_i  |           mac_146 |          4 |          4 |       0 |    0 |    0 |      0 |      0 |            1 |
|     genblk1[31].mac_i  |           mac_147 |          4 |          4 |       0 |    0 |    0 |      0 |      0 |            1 |
|     genblk1[32].mac_i  |           mac_148 |          2 |          2 |       0 |    0 |    0 |      0 |      0 |            1 |
|     genblk1[33].mac_i  |           mac_149 |          4 |          4 |       0 |    0 |    0 |      0 |      0 |            1 |
|     genblk1[34].mac_i  |           mac_150 |          5 |          5 |       0 |    0 |    0 |      0 |      0 |            1 |
|     genblk1[35].mac_i  |           mac_151 |          7 |          7 |       0 |    0 |    0 |      0 |      0 |            1 |
|     genblk1[36].mac_i  |           mac_152 |         28 |         28 |       0 |    0 |    0 |      0 |      0 |            1 |
|     genblk1[37].mac_i  |           mac_153 |          5 |          5 |       0 |    0 |    0 |      0 |      0 |            1 |
|     genblk1[38].mac_i  |           mac_154 |          4 |          4 |       0 |    0 |    0 |      0 |      0 |            1 |
|     genblk1[39].mac_i  |           mac_155 |          1 |          1 |       0 |    0 |    0 |      0 |      0 |            1 |
|     genblk1[3].mac_i   |           mac_156 |         29 |         29 |       0 |    0 |    0 |      0 |      0 |            1 |
|     genblk1[40].mac_i  |           mac_157 |          2 |          2 |       0 |    0 |    0 |      0 |      0 |            1 |
|     genblk1[41].mac_i  |           mac_158 |          4 |          4 |       0 |    0 |    0 |      0 |      0 |            1 |
|     genblk1[42].mac_i  |           mac_159 |         26 |         26 |       0 |    0 |    0 |      0 |      0 |            1 |
|     genblk1[43].mac_i  |           mac_160 |          5 |          5 |       0 |    0 |    0 |      0 |      0 |            1 |
|     genblk1[44].mac_i  |           mac_161 |          2 |          2 |       0 |    0 |    0 |      0 |      0 |            1 |
|     genblk1[45].mac_i  |           mac_162 |          3 |          3 |       0 |    0 |    0 |      0 |      0 |            1 |
|     genblk1[46].mac_i  |           mac_163 |          2 |          2 |       0 |    0 |    0 |      0 |      0 |            1 |
|     genblk1[47].mac_i  |           mac_164 |          4 |          4 |       0 |    0 |    0 |      0 |      0 |            1 |
|     genblk1[48].mac_i  |           mac_165 |          3 |          3 |       0 |    0 |    0 |      0 |      0 |            1 |
|     genblk1[49].mac_i  |           mac_166 |         28 |         28 |       0 |    0 |    0 |      0 |      0 |            1 |
|     genblk1[4].mac_i   |           mac_167 |          2 |          2 |       0 |    0 |    0 |      0 |      0 |            1 |
|     genblk1[50].mac_i  |           mac_168 |          2 |          2 |       0 |    0 |    0 |      0 |      0 |            1 |
|     genblk1[51].mac_i  |           mac_169 |          5 |          5 |       0 |    0 |    0 |      0 |      0 |            1 |
|     genblk1[52].mac_i  |           mac_170 |         28 |         28 |       0 |    0 |    0 |      0 |      0 |            1 |
|     genblk1[53].mac_i  |           mac_171 |          3 |          3 |       0 |    0 |    0 |      0 |      0 |            1 |
|     genblk1[54].mac_i  |           mac_172 |          5 |          5 |       0 |    0 |    0 |      0 |      0 |            1 |
|     genblk1[55].mac_i  |           mac_173 |          5 |          5 |       0 |    0 |    0 |      0 |      0 |            1 |
|     genblk1[56].mac_i  |           mac_174 |          4 |          4 |       0 |    0 |    0 |      0 |      0 |            1 |
|     genblk1[57].mac_i  |           mac_175 |         25 |         25 |       0 |    0 |    0 |      0 |      0 |            1 |
|     genblk1[58].mac_i  |           mac_176 |         29 |         29 |       0 |    0 |    0 |      0 |      0 |            1 |
|     genblk1[59].mac_i  |           mac_177 |          5 |          5 |       0 |    0 |    0 |      0 |      0 |            1 |
|     genblk1[5].mac_i   |           mac_178 |         30 |         30 |       0 |    0 |    0 |      0 |      0 |            1 |
|     genblk1[60].mac_i  |           mac_179 |          2 |          2 |       0 |    0 |    0 |      0 |      0 |            1 |
|     genblk1[61].mac_i  |           mac_180 |          5 |          5 |       0 |    0 |    0 |      0 |      0 |            1 |
|     genblk1[62].mac_i  |           mac_181 |         30 |         30 |       0 |    0 |    0 |      0 |      0 |            1 |
|     genblk1[63].mac_i  |           mac_182 |         28 |         28 |       0 |    0 |    0 |      0 |      0 |            1 |
|     genblk1[64].mac_i  |           mac_183 |         29 |         29 |       0 |    0 |    0 |      0 |      0 |            1 |
|     genblk1[65].mac_i  |           mac_184 |         30 |         30 |       0 |    0 |    0 |      0 |      0 |            1 |
|     genblk1[66].mac_i  |           mac_185 |         26 |         26 |       0 |    0 |    0 |      0 |      0 |            1 |
|     genblk1[67].mac_i  |           mac_186 |          5 |          5 |       0 |    0 |    0 |      0 |      0 |            1 |
|     genblk1[68].mac_i  |           mac_187 |          4 |          4 |       0 |    0 |    0 |      0 |      0 |            1 |
|     genblk1[69].mac_i  |           mac_188 |          1 |          1 |       0 |    0 |    0 |      0 |      0 |            1 |
|     genblk1[6].mac_i   |           mac_189 |          3 |          3 |       0 |    0 |    0 |      0 |      0 |            1 |
|     genblk1[70].mac_i  |           mac_190 |          5 |          5 |       0 |    0 |    0 |      0 |      0 |            1 |
|     genblk1[71].mac_i  |           mac_191 |          3 |          3 |       0 |    0 |    0 |      0 |      0 |            1 |
|     genblk1[72].mac_i  |           mac_192 |          3 |          3 |       0 |    0 |    0 |      0 |      0 |            1 |
|     genblk1[73].mac_i  |           mac_193 |         29 |         29 |       0 |    0 |    0 |      0 |      0 |            1 |
|     genblk1[74].mac_i  |           mac_194 |          4 |          4 |       0 |    0 |    0 |      0 |      0 |            1 |
|     genblk1[75].mac_i  |           mac_195 |         27 |         27 |       0 |    0 |    0 |      0 |      0 |            1 |
|     genblk1[76].mac_i  |           mac_196 |         25 |         25 |       0 |    0 |    0 |      0 |      0 |            1 |
|     genblk1[77].mac_i  |           mac_197 |         29 |         29 |       0 |    0 |    0 |      0 |      0 |            1 |
|     genblk1[78].mac_i  |           mac_198 |          2 |          2 |       0 |    0 |    0 |      0 |      0 |            1 |
|     genblk1[79].mac_i  |           mac_199 |          3 |          3 |       0 |    0 |    0 |      0 |      0 |            1 |
|     genblk1[7].mac_i   |           mac_200 |          3 |          3 |       0 |    0 |    0 |      0 |      0 |            1 |
|     genblk1[80].mac_i  |           mac_201 |          3 |          3 |       0 |    0 |    0 |      0 |      0 |            1 |
|     genblk1[81].mac_i  |           mac_202 |          3 |          3 |       0 |    0 |    0 |      0 |      0 |            1 |
|     genblk1[82].mac_i  |           mac_203 |          2 |          2 |       0 |    0 |    0 |      0 |      0 |            1 |
|     genblk1[83].mac_i  |           mac_204 |          5 |          5 |       0 |    0 |    0 |      0 |      0 |            1 |
|     genblk1[84].mac_i  |           mac_205 |         26 |         26 |       0 |    0 |    0 |      0 |      0 |            1 |
|     genblk1[85].mac_i  |           mac_206 |         27 |         27 |       0 |    0 |    0 |      0 |      0 |            1 |
|     genblk1[86].mac_i  |           mac_207 |          3 |          3 |       0 |    0 |    0 |      0 |      0 |            1 |
|     genblk1[87].mac_i  |           mac_208 |          1 |          1 |       0 |    0 |    0 |      0 |      0 |            1 |
|     genblk1[88].mac_i  |           mac_209 |          2 |          2 |       0 |    0 |    0 |      0 |      0 |            1 |
|     genblk1[89].mac_i  |           mac_210 |         27 |         27 |       0 |    0 |    0 |      0 |      0 |            1 |
|     genblk1[8].mac_i   |           mac_211 |          2 |          2 |       0 |    0 |    0 |      0 |      0 |            1 |
|     genblk1[90].mac_i  |           mac_212 |          5 |          5 |       0 |    0 |    0 |      0 |      0 |            1 |
|     genblk1[91].mac_i  |           mac_213 |         30 |         30 |       0 |    0 |    0 |      0 |      0 |            1 |
|     genblk1[92].mac_i  |           mac_214 |          1 |          1 |       0 |    0 |    0 |      0 |      0 |            1 |
|     genblk1[93].mac_i  |           mac_215 |          3 |          3 |       0 |    0 |    0 |      0 |      0 |            1 |
|     genblk1[94].mac_i  |           mac_216 |         29 |         29 |       0 |    0 |    0 |      0 |      0 |            1 |
|     genblk1[95].mac_i  |           mac_217 |          3 |          3 |       0 |    0 |    0 |      0 |      0 |            1 |
|     genblk1[96].mac_i  |           mac_218 |          4 |          4 |       0 |    0 |    0 |      0 |      0 |            1 |
|     genblk1[97].mac_i  |           mac_219 |          2 |          2 |       0 |    0 |    0 |      0 |      0 |            1 |
|     genblk1[98].mac_i  |           mac_220 |          3 |          3 |       0 |    0 |    0 |      0 |      0 |            1 |
|     genblk1[99].mac_i  |           mac_221 |          3 |          3 |       0 |    0 |    0 |      0 |      0 |            1 |
|     genblk1[9].mac_i   |           mac_222 |          5 |          5 |       0 |    0 |    0 |      0 |      0 |            1 |
|   u_9                  |      fire9Squeeze |       1830 |       1830 |       0 |    0 | 1820 |      0 |      0 |          112 |
|     (u_9)              |      fire9Squeeze |        130 |        130 |       0 |    0 | 1820 |      0 |      0 |            0 |
|     genblk1[0].mac_i   |               mac |          6 |          6 |       0 |    0 |    0 |      0 |      0 |            1 |
|     genblk1[100].mac_i |             mac_0 |         28 |         28 |       0 |    0 |    0 |      0 |      0 |            1 |
|     genblk1[101].mac_i |             mac_1 |          6 |          6 |       0 |    0 |    0 |      0 |      0 |            1 |
|     genblk1[102].mac_i |             mac_2 |          4 |          4 |       0 |    0 |    0 |      0 |      0 |            1 |
|     genblk1[103].mac_i |             mac_3 |          2 |          2 |       0 |    0 |    0 |      0 |      0 |            1 |
|     genblk1[104].mac_i |             mac_4 |          5 |          5 |       0 |    0 |    0 |      0 |      0 |            1 |
|     genblk1[105].mac_i |             mac_5 |         28 |         28 |       0 |    0 |    0 |      0 |      0 |            1 |
|     genblk1[106].mac_i |             mac_6 |          5 |          5 |       0 |    0 |    0 |      0 |      0 |            1 |
|     genblk1[107].mac_i |             mac_7 |         28 |         28 |       0 |    0 |    0 |      0 |      0 |            1 |
|     genblk1[108].mac_i |             mac_8 |         27 |         27 |       0 |    0 |    0 |      0 |      0 |            1 |
|     genblk1[109].mac_i |             mac_9 |          5 |          5 |       0 |    0 |    0 |      0 |      0 |            1 |
|     genblk1[10].mac_i  |            mac_10 |          3 |          3 |       0 |    0 |    0 |      0 |      0 |            1 |
|     genblk1[110].mac_i |            mac_11 |         27 |         27 |       0 |    0 |    0 |      0 |      0 |            1 |
|     genblk1[111].mac_i |            mac_12 |         25 |         25 |       0 |    0 |    0 |      0 |      0 |            1 |
|     genblk1[11].mac_i  |            mac_13 |         27 |         27 |       0 |    0 |    0 |      0 |      0 |            1 |
|     genblk1[12].mac_i  |            mac_14 |         27 |         27 |       0 |    0 |    0 |      0 |      0 |            1 |
|     genblk1[13].mac_i  |            mac_15 |          4 |          4 |       0 |    0 |    0 |      0 |      0 |            1 |
|     genblk1[14].mac_i  |            mac_16 |         27 |         27 |       0 |    0 |    0 |      0 |      0 |            1 |
|     genblk1[15].mac_i  |            mac_17 |         27 |         27 |       0 |    0 |    0 |      0 |      0 |            1 |
|     genblk1[16].mac_i  |            mac_18 |          4 |          4 |       0 |    0 |    0 |      0 |      0 |            1 |
|     genblk1[17].mac_i  |            mac_19 |         25 |         25 |       0 |    0 |    0 |      0 |      0 |            1 |
|     genblk1[18].mac_i  |            mac_20 |          2 |          2 |       0 |    0 |    0 |      0 |      0 |            1 |
|     genblk1[19].mac_i  |            mac_21 |          2 |          2 |       0 |    0 |    0 |      0 |      0 |            1 |
|     genblk1[1].mac_i   |            mac_22 |         26 |         26 |       0 |    0 |    0 |      0 |      0 |            1 |
|     genblk1[20].mac_i  |            mac_23 |          4 |          4 |       0 |    0 |    0 |      0 |      0 |            1 |
|     genblk1[21].mac_i  |            mac_24 |         25 |         25 |       0 |    0 |    0 |      0 |      0 |            1 |
|     genblk1[22].mac_i  |            mac_25 |         27 |         27 |       0 |    0 |    0 |      0 |      0 |            1 |
|     genblk1[23].mac_i  |            mac_26 |          6 |          6 |       0 |    0 |    0 |      0 |      0 |            1 |
|     genblk1[24].mac_i  |            mac_27 |          4 |          4 |       0 |    0 |    0 |      0 |      0 |            1 |
|     genblk1[25].mac_i  |            mac_28 |          3 |          3 |       0 |    0 |    0 |      0 |      0 |            1 |
|     genblk1[26].mac_i  |            mac_29 |         27 |         27 |       0 |    0 |    0 |      0 |      0 |            1 |
|     genblk1[27].mac_i  |            mac_30 |          2 |          2 |       0 |    0 |    0 |      0 |      0 |            1 |
|     genblk1[28].mac_i  |            mac_31 |          2 |          2 |       0 |    0 |    0 |      0 |      0 |            1 |
|     genblk1[29].mac_i  |            mac_32 |          4 |          4 |       0 |    0 |    0 |      0 |      0 |            1 |
|     genblk1[2].mac_i   |            mac_33 |          4 |          4 |       0 |    0 |    0 |      0 |      0 |            1 |
|     genblk1[30].mac_i  |            mac_34 |         25 |         25 |       0 |    0 |    0 |      0 |      0 |            1 |
|     genblk1[31].mac_i  |            mac_35 |          2 |          2 |       0 |    0 |    0 |      0 |      0 |            1 |
|     genblk1[32].mac_i  |            mac_36 |         26 |         26 |       0 |    0 |    0 |      0 |      0 |            1 |
|     genblk1[33].mac_i  |            mac_37 |          2 |          2 |       0 |    0 |    0 |      0 |      0 |            1 |
|     genblk1[34].mac_i  |            mac_38 |         25 |         25 |       0 |    0 |    0 |      0 |      0 |            1 |
|     genblk1[35].mac_i  |            mac_39 |         27 |         27 |       0 |    0 |    0 |      0 |      0 |            1 |
|     genblk1[36].mac_i  |            mac_40 |         25 |         25 |       0 |    0 |    0 |      0 |      0 |            1 |
|     genblk1[37].mac_i  |            mac_41 |         22 |         22 |       0 |    0 |    0 |      0 |      0 |            1 |
|     genblk1[38].mac_i  |            mac_42 |         26 |         26 |       0 |    0 |    0 |      0 |      0 |            1 |
|     genblk1[39].mac_i  |            mac_43 |          1 |          1 |       0 |    0 |    0 |      0 |      0 |            1 |
|     genblk1[3].mac_i   |            mac_44 |          6 |          6 |       0 |    0 |    0 |      0 |      0 |            1 |
|     genblk1[40].mac_i  |            mac_45 |         26 |         26 |       0 |    0 |    0 |      0 |      0 |            1 |
|     genblk1[41].mac_i  |            mac_46 |          3 |          3 |       0 |    0 |    0 |      0 |      0 |            1 |
|     genblk1[42].mac_i  |            mac_47 |          5 |          5 |       0 |    0 |    0 |      0 |      0 |            1 |
|     genblk1[43].mac_i  |            mac_48 |         28 |         28 |       0 |    0 |    0 |      0 |      0 |            1 |
|     genblk1[44].mac_i  |            mac_49 |          6 |          6 |       0 |    0 |    0 |      0 |      0 |            1 |
|     genblk1[45].mac_i  |            mac_50 |          6 |          6 |       0 |    0 |    0 |      0 |      0 |            1 |
|     genblk1[46].mac_i  |            mac_51 |          2 |          2 |       0 |    0 |    0 |      0 |      0 |            1 |
|     genblk1[47].mac_i  |            mac_52 |         28 |         28 |       0 |    0 |    0 |      0 |      0 |            1 |
|     genblk1[48].mac_i  |            mac_53 |         28 |         28 |       0 |    0 |    0 |      0 |      0 |            1 |
|     genblk1[49].mac_i  |            mac_54 |         28 |         28 |       0 |    0 |    0 |      0 |      0 |            1 |
|     genblk1[4].mac_i   |            mac_55 |         23 |         23 |       0 |    0 |    0 |      0 |      0 |            1 |
|     genblk1[50].mac_i  |            mac_56 |         28 |         28 |       0 |    0 |    0 |      0 |      0 |            1 |
|     genblk1[51].mac_i  |            mac_57 |         25 |         25 |       0 |    0 |    0 |      0 |      0 |            1 |
|     genblk1[52].mac_i  |            mac_58 |         25 |         25 |       0 |    0 |    0 |      0 |      0 |            1 |
|     genblk1[53].mac_i  |            mac_59 |          2 |          2 |       0 |    0 |    0 |      0 |      0 |            1 |
|     genblk1[54].mac_i  |            mac_60 |         26 |         26 |       0 |    0 |    0 |      0 |      0 |            1 |
|     genblk1[55].mac_i  |            mac_61 |          3 |          3 |       0 |    0 |    0 |      0 |      0 |            1 |
|     genblk1[56].mac_i  |            mac_62 |          5 |          5 |       0 |    0 |    0 |      0 |      0 |            1 |
|     genblk1[57].mac_i  |            mac_63 |         28 |         28 |       0 |    0 |    0 |      0 |      0 |            1 |
|     genblk1[58].mac_i  |            mac_64 |          5 |          5 |       0 |    0 |    0 |      0 |      0 |            1 |
|     genblk1[59].mac_i  |            mac_65 |          5 |          5 |       0 |    0 |    0 |      0 |      0 |            1 |
|     genblk1[5].mac_i   |            mac_66 |         27 |         27 |       0 |    0 |    0 |      0 |      0 |            1 |
|     genblk1[60].mac_i  |            mac_67 |          5 |          5 |       0 |    0 |    0 |      0 |      0 |            1 |
|     genblk1[61].mac_i  |            mac_68 |         27 |         27 |       0 |    0 |    0 |      0 |      0 |            1 |
|     genblk1[62].mac_i  |            mac_69 |          5 |          5 |       0 |    0 |    0 |      0 |      0 |            1 |
|     genblk1[63].mac_i  |            mac_70 |          3 |          3 |       0 |    0 |    0 |      0 |      0 |            1 |
|     genblk1[64].mac_i  |            mac_71 |          3 |          3 |       0 |    0 |    0 |      0 |      0 |            1 |
|     genblk1[65].mac_i  |            mac_72 |          1 |          1 |       0 |    0 |    0 |      0 |      0 |            1 |
|     genblk1[66].mac_i  |            mac_73 |          3 |          3 |       0 |    0 |    0 |      0 |      0 |            1 |
|     genblk1[67].mac_i  |            mac_74 |          1 |          1 |       0 |    0 |    0 |      0 |      0 |            1 |
|     genblk1[68].mac_i  |            mac_75 |          7 |          7 |       0 |    0 |    0 |      0 |      0 |            1 |
|     genblk1[69].mac_i  |            mac_76 |         25 |         25 |       0 |    0 |    0 |      0 |      0 |            1 |
|     genblk1[6].mac_i   |            mac_77 |          8 |          8 |       0 |    0 |    0 |      0 |      0 |            1 |
|     genblk1[70].mac_i  |            mac_78 |          4 |          4 |       0 |    0 |    0 |      0 |      0 |            1 |
|     genblk1[71].mac_i  |            mac_79 |         26 |         26 |       0 |    0 |    0 |      0 |      0 |            1 |
|     genblk1[72].mac_i  |            mac_80 |          4 |          4 |       0 |    0 |    0 |      0 |      0 |            1 |
|     genblk1[73].mac_i  |            mac_81 |         28 |         28 |       0 |    0 |    0 |      0 |      0 |            1 |
|     genblk1[74].mac_i  |            mac_82 |         29 |         29 |       0 |    0 |    0 |      0 |      0 |            1 |
|     genblk1[75].mac_i  |            mac_83 |         27 |         27 |       0 |    0 |    0 |      0 |      0 |            1 |
|     genblk1[76].mac_i  |            mac_84 |         26 |         26 |       0 |    0 |    0 |      0 |      0 |            1 |
|     genblk1[77].mac_i  |            mac_85 |          4 |          4 |       0 |    0 |    0 |      0 |      0 |            1 |
|     genblk1[78].mac_i  |            mac_86 |         26 |         26 |       0 |    0 |    0 |      0 |      0 |            1 |
|     genblk1[79].mac_i  |            mac_87 |          3 |          3 |       0 |    0 |    0 |      0 |      0 |            1 |
|     genblk1[7].mac_i   |            mac_88 |         27 |         27 |       0 |    0 |    0 |      0 |      0 |            1 |
|     genblk1[80].mac_i  |            mac_89 |          3 |          3 |       0 |    0 |    0 |      0 |      0 |            1 |
|     genblk1[81].mac_i  |            mac_90 |         30 |         30 |       0 |    0 |    0 |      0 |      0 |            1 |
|     genblk1[82].mac_i  |            mac_91 |         28 |         28 |       0 |    0 |    0 |      0 |      0 |            1 |
|     genblk1[83].mac_i  |            mac_92 |          5 |          5 |       0 |    0 |    0 |      0 |      0 |            1 |
|     genblk1[84].mac_i  |            mac_93 |         27 |         27 |       0 |    0 |    0 |      0 |      0 |            1 |
|     genblk1[85].mac_i  |            mac_94 |          1 |          1 |       0 |    0 |    0 |      0 |      0 |            1 |
|     genblk1[86].mac_i  |            mac_95 |         24 |         24 |       0 |    0 |    0 |      0 |      0 |            1 |
|     genblk1[87].mac_i  |            mac_96 |         23 |         23 |       0 |    0 |    0 |      0 |      0 |            1 |
|     genblk1[88].mac_i  |            mac_97 |          3 |          3 |       0 |    0 |    0 |      0 |      0 |            1 |
|     genblk1[89].mac_i  |            mac_98 |          4 |          4 |       0 |    0 |    0 |      0 |      0 |            1 |
|     genblk1[8].mac_i   |            mac_99 |         29 |         29 |       0 |    0 |    0 |      0 |      0 |            1 |
|     genblk1[90].mac_i  |           mac_100 |          2 |          2 |       0 |    0 |    0 |      0 |      0 |            1 |
|     genblk1[91].mac_i  |           mac_101 |          3 |          3 |       0 |    0 |    0 |      0 |      0 |            1 |
|     genblk1[92].mac_i  |           mac_102 |          5 |          5 |       0 |    0 |    0 |      0 |      0 |            1 |
|     genblk1[93].mac_i  |           mac_103 |         28 |         28 |       0 |    0 |    0 |      0 |      0 |            1 |
|     genblk1[94].mac_i  |           mac_104 |         28 |         28 |       0 |    0 |    0 |      0 |      0 |            1 |
|     genblk1[95].mac_i  |           mac_105 |         27 |         27 |       0 |    0 |    0 |      0 |      0 |            1 |
|     genblk1[96].mac_i  |           mac_106 |         26 |         26 |       0 |    0 |    0 |      0 |      0 |            1 |
|     genblk1[97].mac_i  |           mac_107 |         29 |         29 |       0 |    0 |    0 |      0 |      0 |            1 |
|     genblk1[98].mac_i  |           mac_108 |         25 |         25 |       0 |    0 |    0 |      0 |      0 |            1 |
|     genblk1[99].mac_i  |           mac_109 |          5 |          5 |       0 |    0 |    0 |      0 |      0 |            1 |
|     genblk1[9].mac_i   |           mac_110 |         26 |         26 |       0 |    0 |    0 |      0 |      0 |            1 |
+------------------------+-------------------+------------+------------+---------+------+------+--------+--------+--------------+


