%Error: 2ndSharedMemory.sv:127: Cannot find file containing module: ram_3d
%Error: 2ndSharedMemory.sv:127: This may be because there's no search path specified with -I<dir>.
%Error: 2ndSharedMemory.sv:127: Looked in:
%Error: 2ndSharedMemory.sv:127:       ram_3d
%Error: 2ndSharedMemory.sv:127:       ram_3d.v
%Error: 2ndSharedMemory.sv:127:       ram_3d.sv
%Error: 2ndSharedMemory.sv:127:       obj_dir/ram_3d
%Error: 2ndSharedMemory.sv:127:       obj_dir/ram_3d.v
%Error: 2ndSharedMemory.sv:127:       obj_dir/ram_3d.sv
%Error: 2ndSharedMemory.sv:150: Cannot find file containing module: ram_3d
%Warning-WIDTH: 2ndSharedMemory.sv:1080: Operator LT expects 32 bits on the RHS, but RHS's VARREF 'norm_numofchannels' generates 6 bits.
%Warning-WIDTH: Use "/* verilator lint_off WIDTH */" and lint_on around source to disable this message.
%Warning-WIDTH: 2ndSharedMemory.sv:1082: Operator ADD expects 32 bits on the LHS, but LHS's VARREF 'set1_counter' generates 3 bits.
%Warning-WIDTH: 2ndSharedMemory.sv:1083: Operator ADD expects 32 bits on the LHS, but LHS's VARREF 'set1_counter' generates 3 bits.
%Warning-WIDTH: 2ndSharedMemory.sv:1092: Operator ADD expects 6 bits on the LHS, but LHS's VARREF 'set1_counter' generates 3 bits.
%Warning-WIDTH: 2ndSharedMemory.sv:1092: Operator ASSIGNDLY expects 3 bits on the Assign RHS, but Assign RHS's ADD generates 6 bits.
%Warning-WIDTH: 2ndSharedMemory.sv:1113: Operator LT expects 32 bits on the RHS, but RHS's VARREF 'norm_numofchannels' generates 6 bits.
%Warning-WIDTH: 2ndSharedMemory.sv:1115: Operator ADD expects 32 bits on the LHS, but LHS's VARREF 'set2_counter' generates 4 bits.
%Warning-WIDTH: 2ndSharedMemory.sv:1116: Operator ADD expects 32 bits on the LHS, but LHS's VARREF 'set2_counter' generates 4 bits.
%Warning-WIDTH: 2ndSharedMemory.sv:1119: Operator EQ expects 8 bits on the LHS, but LHS's VARREF 'rowcounter' generates 6 bits.
%Warning-WIDTH: 2ndSharedMemory.sv:1123: Operator EQ expects 8 bits on the LHS, but LHS's VARREF 'rowcounter' generates 6 bits.
%Warning-WIDTH: 2ndSharedMemory.sv:1146: Operator ADD expects 6 bits on the LHS, but LHS's VARREF 'set2_counter' generates 4 bits.
%Warning-WIDTH: 2ndSharedMemory.sv:1146: Operator ASSIGNDLY expects 4 bits on the Assign RHS, but Assign RHS's ADD generates 6 bits.
%Warning-WIDTH: 2ndSharedMemory.sv:1143: Operator GTE expects 32 or 6 bits on the LHS, but LHS's VARREF 'set2_counter' generates 4 bits.
%Warning-WIDTH: 2ndSharedMemory.sv:1142: Operator EQ expects 8 bits on the LHS, but LHS's VARREF 'rowcounter' generates 6 bits.
%Warning-WIDTH: 2ndSharedMemory.sv:1224: Bit extraction of array[15:0] requires 4 bit index, not 6 bits.
%Warning-WIDTH: 2ndSharedMemory.sv:1229: Bit extraction of var[15:0] requires 4 bit index, not 6 bits.
%Warning-WIDTH: 2ndSharedMemory.sv:1231: Operator NEQ expects 32 bits on the RHS, but RHS's VARREF 'channels1_2' generates 6 bits.
%Warning-WIDTH: 2ndSharedMemory.sv:1237: Bit extraction of var[15:0] requires 4 bit index, not 6 bits.
%Warning-WIDTH: 2ndSharedMemory.sv:1246: Bit extraction of array[15:0] requires 4 bit index, not 6 bits.
%Warning-WIDTH: 2ndSharedMemory.sv:1251: Bit extraction of var[15:0] requires 4 bit index, not 6 bits.
%Warning-WIDTH: 2ndSharedMemory.sv:1253: Operator NEQ expects 32 bits on the RHS, but RHS's VARREF 'channels1_2' generates 6 bits.
%Warning-WIDTH: 2ndSharedMemory.sv:1259: Bit extraction of var[15:0] requires 4 bit index, not 6 bits.
%Warning-WIDTH: 2ndSharedMemory.sv:1267: Bit extraction of array[15:0] requires 4 bit index, not 6 bits.
%Warning-WIDTH: 2ndSharedMemory.sv:1272: Bit extraction of var[15:0] requires 4 bit index, not 6 bits.
%Warning-WIDTH: 2ndSharedMemory.sv:1274: Operator NEQ expects 32 bits on the RHS, but RHS's VARREF 'channels1_2' generates 6 bits.
%Warning-WIDTH: 2ndSharedMemory.sv:1280: Bit extraction of var[15:0] requires 4 bit index, not 6 bits.
%Warning-WIDTH: 2ndSharedMemory.sv:1288: Bit extraction of array[15:0] requires 4 bit index, not 6 bits.
%Warning-WIDTH: 2ndSharedMemory.sv:1293: Bit extraction of var[15:0] requires 4 bit index, not 6 bits.
%Warning-WIDTH: 2ndSharedMemory.sv:1295: Operator NEQ expects 32 bits on the RHS, but RHS's VARREF 'channels1_2' generates 6 bits.
%Warning-WIDTH: 2ndSharedMemory.sv:1301: Bit extraction of var[15:0] requires 4 bit index, not 6 bits.
%Warning-WIDTH: 2ndSharedMemory.sv:1309: Bit extraction of array[15:0] requires 4 bit index, not 6 bits.
%Warning-WIDTH: 2ndSharedMemory.sv:1314: Bit extraction of var[15:0] requires 4 bit index, not 6 bits.
%Warning-WIDTH: 2ndSharedMemory.sv:1316: Operator NEQ expects 32 bits on the RHS, but RHS's VARREF 'channels1_2' generates 6 bits.
%Warning-WIDTH: 2ndSharedMemory.sv:1322: Bit extraction of var[15:0] requires 4 bit index, not 6 bits.
%Warning-WIDTH: 2ndSharedMemory.sv:1330: Bit extraction of array[15:0] requires 4 bit index, not 6 bits.
%Warning-WIDTH: 2ndSharedMemory.sv:1335: Bit extraction of var[15:0] requires 4 bit index, not 6 bits.
%Warning-WIDTH: 2ndSharedMemory.sv:1337: Operator NEQ expects 32 bits on the RHS, but RHS's VARREF 'channels1_2' generates 6 bits.
%Warning-WIDTH: 2ndSharedMemory.sv:1343: Bit extraction of var[15:0] requires 4 bit index, not 6 bits.
%Warning-WIDTH: 2ndSharedMemory.sv:1351: Bit extraction of array[15:0] requires 4 bit index, not 6 bits.
%Warning-WIDTH: 2ndSharedMemory.sv:1356: Bit extraction of var[15:0] requires 4 bit index, not 6 bits.
%Warning-WIDTH: 2ndSharedMemory.sv:1358: Operator NEQ expects 32 bits on the RHS, but RHS's VARREF 'channels1_2' generates 6 bits.
%Warning-WIDTH: 2ndSharedMemory.sv:1364: Bit extraction of var[15:0] requires 4 bit index, not 6 bits.
%Warning-WIDTH: 2ndSharedMemory.sv:1372: Bit extraction of array[15:0] requires 4 bit index, not 6 bits.
%Warning-WIDTH: 2ndSharedMemory.sv:1377: Bit extraction of var[15:0] requires 4 bit index, not 6 bits.
%Warning-WIDTH: 2ndSharedMemory.sv:1379: Operator NEQ expects 32 bits on the RHS, but RHS's VARREF 'channels1_2' generates 6 bits.
%Warning-WIDTH: 2ndSharedMemory.sv:1385: Bit extraction of var[15:0] requires 4 bit index, not 6 bits.
%Warning-WIDTH: 2ndSharedMemory.sv:1393: Bit extraction of array[15:0] requires 4 bit index, not 6 bits.
%Warning-WIDTH: 2ndSharedMemory.sv:1398: Bit extraction of var[15:0] requires 4 bit index, not 6 bits.
%Warning-WIDTH: 2ndSharedMemory.sv:1400: Operator NEQ expects 32 bits on the RHS, but RHS's VARREF 'channels1_2' generates 6 bits.
%Warning-WIDTH: 2ndSharedMemory.sv:1406: Bit extraction of var[15:0] requires 4 bit index, not 6 bits.
%Warning-WIDTH: 2ndSharedMemory.sv:1414: Bit extraction of array[15:0] requires 4 bit index, not 6 bits.
%Warning-WIDTH: 2ndSharedMemory.sv:1419: Bit extraction of var[15:0] requires 4 bit index, not 6 bits.
%Warning-WIDTH: 2ndSharedMemory.sv:1421: Operator NEQ expects 32 bits on the RHS, but RHS's VARREF 'channels1_2' generates 6 bits.
%Warning-WIDTH: 2ndSharedMemory.sv:1427: Bit extraction of var[15:0] requires 4 bit index, not 6 bits.
%Warning-WIDTH: 2ndSharedMemory.sv:1435: Bit extraction of array[15:0] requires 4 bit index, not 6 bits.
%Warning-WIDTH: 2ndSharedMemory.sv:1440: Bit extraction of var[15:0] requires 4 bit index, not 6 bits.
%Warning-WIDTH: 2ndSharedMemory.sv:1442: Operator NEQ expects 32 bits on the RHS, but RHS's VARREF 'channels1_2' generates 6 bits.
%Warning-WIDTH: 2ndSharedMemory.sv:1448: Bit extraction of var[15:0] requires 4 bit index, not 6 bits.
%Warning-WIDTH: 2ndSharedMemory.sv:1456: Bit extraction of array[15:0] requires 4 bit index, not 6 bits.
%Warning-WIDTH: 2ndSharedMemory.sv:1461: Bit extraction of var[15:0] requires 4 bit index, not 6 bits.
%Warning-WIDTH: 2ndSharedMemory.sv:1463: Operator NEQ expects 32 bits on the RHS, but RHS's VARREF 'channels1_2' generates 6 bits.
%Warning-WIDTH: 2ndSharedMemory.sv:1469: Bit extraction of var[15:0] requires 4 bit index, not 6 bits.
%Warning-WIDTH: 2ndSharedMemory.sv:1477: Bit extraction of array[15:0] requires 4 bit index, not 6 bits.
%Warning-WIDTH: 2ndSharedMemory.sv:1482: Bit extraction of var[15:0] requires 4 bit index, not 6 bits.
%Warning-WIDTH: 2ndSharedMemory.sv:1484: Operator NEQ expects 32 bits on the RHS, but RHS's VARREF 'channels1_2' generates 6 bits.
%Warning-WIDTH: 2ndSharedMemory.sv:1490: Bit extraction of var[15:0] requires 4 bit index, not 6 bits.
%Warning-WIDTH: 2ndSharedMemory.sv:1498: Bit extraction of array[15:0] requires 4 bit index, not 6 bits.
%Warning-WIDTH: 2ndSharedMemory.sv:1503: Bit extraction of var[15:0] requires 4 bit index, not 6 bits.
%Warning-WIDTH: 2ndSharedMemory.sv:1505: Operator NEQ expects 32 bits on the RHS, but RHS's VARREF 'channels1_2' generates 6 bits.
%Warning-WIDTH: 2ndSharedMemory.sv:1511: Bit extraction of var[15:0] requires 4 bit index, not 6 bits.
%Warning-WIDTH: 2ndSharedMemory.sv:1519: Bit extraction of array[15:0] requires 4 bit index, not 6 bits.
%Warning-WIDTH: 2ndSharedMemory.sv:1524: Bit extraction of var[15:0] requires 4 bit index, not 6 bits.
%Warning-WIDTH: 2ndSharedMemory.sv:1526: Operator NEQ expects 32 bits on the RHS, but RHS's VARREF 'channels1_2' generates 6 bits.
%Warning-WIDTH: 2ndSharedMemory.sv:1532: Bit extraction of var[15:0] requires 4 bit index, not 6 bits.
%Warning-WIDTH: 2ndSharedMemory.sv:1540: Bit extraction of array[15:0] requires 4 bit index, not 6 bits.
%Warning-WIDTH: 2ndSharedMemory.sv:1545: Bit extraction of var[15:0] requires 4 bit index, not 6 bits.
%Warning-WIDTH: 2ndSharedMemory.sv:1547: Operator NEQ expects 32 bits on the RHS, but RHS's VARREF 'channels1_2' generates 6 bits.
%Warning-WIDTH: 2ndSharedMemory.sv:1553: Bit extraction of var[15:0] requires 4 bit index, not 6 bits.
%Warning-WIDTH: 2ndSharedMemory.sv:1561: Bit extraction of array[15:0] requires 4 bit index, not 6 bits.
%Warning-WIDTH: 2ndSharedMemory.sv:1566: Bit extraction of var[15:0] requires 4 bit index, not 6 bits.
%Warning-WIDTH: 2ndSharedMemory.sv:1568: Operator NEQ expects 32 bits on the RHS, but RHS's VARREF 'channels1_2' generates 6 bits.
%Warning-WIDTH: 2ndSharedMemory.sv:1574: Bit extraction of var[15:0] requires 4 bit index, not 6 bits.
%Warning-WIDTH: 2ndSharedMemory.sv:1582: Bit extraction of array[15:0] requires 4 bit index, not 6 bits.
%Warning-WIDTH: 2ndSharedMemory.sv:1587: Bit extraction of var[15:0] requires 4 bit index, not 6 bits.
%Warning-WIDTH: 2ndSharedMemory.sv:1589: Operator NEQ expects 32 bits on the RHS, but RHS's VARREF 'channels1_2' generates 6 bits.
%Warning-WIDTH: 2ndSharedMemory.sv:1595: Bit extraction of var[15:0] requires 4 bit index, not 6 bits.
%Warning-WIDTH: 2ndSharedMemory.sv:1603: Bit extraction of array[15:0] requires 4 bit index, not 6 bits.
%Warning-WIDTH: 2ndSharedMemory.sv:1608: Bit extraction of var[15:0] requires 4 bit index, not 6 bits.
%Warning-WIDTH: 2ndSharedMemory.sv:1610: Operator NEQ expects 32 bits on the RHS, but RHS's VARREF 'channels1_2' generates 6 bits.
%Warning-WIDTH: 2ndSharedMemory.sv:1616: Bit extraction of var[15:0] requires 4 bit index, not 6 bits.
%Warning-WIDTH: 2ndSharedMemory.sv:1624: Bit extraction of array[15:0] requires 4 bit index, not 6 bits.
%Warning-WIDTH: 2ndSharedMemory.sv:1629: Bit extraction of var[15:0] requires 4 bit index, not 6 bits.
%Warning-WIDTH: 2ndSharedMemory.sv:1631: Operator NEQ expects 32 bits on the RHS, but RHS's VARREF 'channels1_2' generates 6 bits.
%Warning-WIDTH: 2ndSharedMemory.sv:1637: Bit extraction of var[15:0] requires 4 bit index, not 6 bits.
%Warning-WIDTH: 2ndSharedMemory.sv:1645: Bit extraction of array[15:0] requires 4 bit index, not 6 bits.
%Warning-WIDTH: 2ndSharedMemory.sv:1650: Bit extraction of var[15:0] requires 4 bit index, not 6 bits.
%Warning-WIDTH: 2ndSharedMemory.sv:1652: Operator NEQ expects 32 bits on the RHS, but RHS's VARREF 'channels1_2' generates 6 bits.
%Warning-WIDTH: 2ndSharedMemory.sv:1658: Bit extraction of var[15:0] requires 4 bit index, not 6 bits.
%Warning-WIDTH: 2ndSharedMemory.sv:1666: Bit extraction of array[15:0] requires 4 bit index, not 6 bits.
%Warning-WIDTH: 2ndSharedMemory.sv:1671: Bit extraction of var[15:0] requires 4 bit index, not 6 bits.
%Warning-WIDTH: 2ndSharedMemory.sv:1673: Operator NEQ expects 32 bits on the RHS, but RHS's VARREF 'channels1_2' generates 6 bits.
%Warning-WIDTH: 2ndSharedMemory.sv:1679: Bit extraction of var[15:0] requires 4 bit index, not 6 bits.
%Warning-WIDTH: 2ndSharedMemory.sv:1687: Bit extraction of array[15:0] requires 4 bit index, not 6 bits.
%Warning-WIDTH: 2ndSharedMemory.sv:1692: Bit extraction of var[15:0] requires 4 bit index, not 6 bits.
%Warning-WIDTH: 2ndSharedMemory.sv:1694: Operator NEQ expects 32 bits on the RHS, but RHS's VARREF 'channels1_2' generates 6 bits.
%Warning-WIDTH: 2ndSharedMemory.sv:1700: Bit extraction of var[15:0] requires 4 bit index, not 6 bits.
%Warning-WIDTH: 2ndSharedMemory.sv:1708: Bit extraction of array[15:0] requires 4 bit index, not 6 bits.
%Warning-WIDTH: 2ndSharedMemory.sv:1713: Bit extraction of var[15:0] requires 4 bit index, not 6 bits.
%Warning-WIDTH: 2ndSharedMemory.sv:1715: Operator NEQ expects 32 bits on the RHS, but RHS's VARREF 'channels1_2' generates 6 bits.
%Warning-WIDTH: 2ndSharedMemory.sv:1721: Bit extraction of var[15:0] requires 4 bit index, not 6 bits.
%Warning-WIDTH: 2ndSharedMemory.sv:1729: Bit extraction of array[15:0] requires 4 bit index, not 6 bits.
%Warning-WIDTH: 2ndSharedMemory.sv:1734: Bit extraction of var[15:0] requires 4 bit index, not 6 bits.
%Warning-WIDTH: 2ndSharedMemory.sv:1736: Operator NEQ expects 32 bits on the RHS, but RHS's VARREF 'channels1_2' generates 6 bits.
%Warning-WIDTH: 2ndSharedMemory.sv:1742: Bit extraction of var[15:0] requires 4 bit index, not 6 bits.
%Warning-WIDTH: 2ndSharedMemory.sv:1750: Bit extraction of array[15:0] requires 4 bit index, not 6 bits.
%Warning-WIDTH: 2ndSharedMemory.sv:1755: Bit extraction of var[15:0] requires 4 bit index, not 6 bits.
%Warning-WIDTH: 2ndSharedMemory.sv:1757: Operator NEQ expects 32 bits on the RHS, but RHS's VARREF 'channels1_2' generates 6 bits.
%Warning-WIDTH: 2ndSharedMemory.sv:1763: Bit extraction of var[15:0] requires 4 bit index, not 6 bits.
%Warning-WIDTH: 2ndSharedMemory.sv:1771: Bit extraction of array[15:0] requires 4 bit index, not 6 bits.
%Warning-WIDTH: 2ndSharedMemory.sv:1776: Bit extraction of var[15:0] requires 4 bit index, not 6 bits.
%Warning-WIDTH: 2ndSharedMemory.sv:1778: Operator NEQ expects 32 bits on the RHS, but RHS's VARREF 'channels1_2' generates 6 bits.
%Warning-WIDTH: 2ndSharedMemory.sv:1784: Bit extraction of var[15:0] requires 4 bit index, not 6 bits.
%Warning-WIDTH: 2ndSharedMemory.sv:1792: Bit extraction of array[15:0] requires 4 bit index, not 6 bits.
%Warning-WIDTH: 2ndSharedMemory.sv:1797: Bit extraction of var[15:0] requires 4 bit index, not 6 bits.
%Warning-WIDTH: 2ndSharedMemory.sv:1799: Operator NEQ expects 32 bits on the RHS, but RHS's VARREF 'channels1_2' generates 6 bits.
%Warning-WIDTH: 2ndSharedMemory.sv:1805: Bit extraction of var[15:0] requires 4 bit index, not 6 bits.
%Warning-WIDTH: 2ndSharedMemory.sv:1813: Bit extraction of array[15:0] requires 4 bit index, not 6 bits.
%Warning-WIDTH: 2ndSharedMemory.sv:1818: Bit extraction of var[15:0] requires 4 bit index, not 6 bits.
%Warning-WIDTH: 2ndSharedMemory.sv:1820: Operator NEQ expects 32 bits on the RHS, but RHS's VARREF 'channels1_2' generates 6 bits.
%Warning-WIDTH: 2ndSharedMemory.sv:1826: Bit extraction of var[15:0] requires 4 bit index, not 6 bits.
%Warning-WIDTH: 2ndSharedMemory.sv:1834: Bit extraction of array[15:0] requires 4 bit index, not 6 bits.
%Warning-WIDTH: 2ndSharedMemory.sv:1839: Bit extraction of var[15:0] requires 4 bit index, not 6 bits.
%Warning-WIDTH: 2ndSharedMemory.sv:1841: Operator NEQ expects 32 bits on the RHS, but RHS's VARREF 'channels1_2' generates 6 bits.
%Warning-WIDTH: 2ndSharedMemory.sv:1847: Bit extraction of var[15:0] requires 4 bit index, not 6 bits.
%Warning-WIDTH: 2ndSharedMemory.sv:1855: Bit extraction of array[15:0] requires 4 bit index, not 6 bits.
%Warning-WIDTH: 2ndSharedMemory.sv:1860: Bit extraction of var[15:0] requires 4 bit index, not 6 bits.
%Warning-WIDTH: 2ndSharedMemory.sv:1862: Operator NEQ expects 32 bits on the RHS, but RHS's VARREF 'channels1_2' generates 6 bits.
%Warning-WIDTH: 2ndSharedMemory.sv:1868: Bit extraction of var[15:0] requires 4 bit index, not 6 bits.
%Warning-WIDTH: 2ndSharedMemory.sv:1885: Operator ADD expects 15 bits on the RHS, but RHS's VARREF 'stride_expand' generates 2 bits.
%Warning-WIDTH: 2ndSharedMemory.sv:1936: Operator SUB expects 32 or 15 bits on the LHS, but LHS's VARREF 'lengthofrow' generates 8 bits.
%Warning-WIDTH: 2ndSharedMemory.sv:1937: Operator SUB expects 32 or 15 bits on the LHS, but LHS's VARREF 'lengthofrow' generates 8 bits.
%Warning-WIDTH: 2ndSharedMemory.sv:1940: Operator SUB expects 32 or 15 bits on the LHS, but LHS's VARREF 'lengthofrow' generates 8 bits.
%Warning-WIDTH: 2ndSharedMemory.sv:1941: Operator SUB expects 32 or 15 bits on the LHS, but LHS's VARREF 'lengthofrow' generates 8 bits.
%Warning-WIDTH: 2ndSharedMemory.sv:1977: Bit extraction of array[15:0] requires 4 bit index, not 6 bits.
%Warning-WIDTH: 2ndSharedMemory.sv:1982: Bit extraction of var[15:0] requires 4 bit index, not 6 bits.
%Warning-WIDTH: 2ndSharedMemory.sv:1984: Operator NEQ expects 32 bits on the RHS, but RHS's VARREF 'channels1_1' generates 6 bits.
%Warning-WIDTH: 2ndSharedMemory.sv:1990: Bit extraction of var[15:0] requires 4 bit index, not 6 bits.
%Warning-WIDTH: 2ndSharedMemory.sv:1999: Bit extraction of array[15:0] requires 4 bit index, not 6 bits.
%Warning-WIDTH: 2ndSharedMemory.sv:2004: Bit extraction of var[15:0] requires 4 bit index, not 6 bits.
%Warning-WIDTH: 2ndSharedMemory.sv:2006: Operator NEQ expects 32 bits on the RHS, but RHS's VARREF 'channels1_1' generates 6 bits.
%Warning-WIDTH: 2ndSharedMemory.sv:2012: Bit extraction of var[15:0] requires 4 bit index, not 6 bits.
%Warning-WIDTH: 2ndSharedMemory.sv:2020: Bit extraction of array[15:0] requires 4 bit index, not 6 bits.
%Warning-WIDTH: 2ndSharedMemory.sv:2025: Bit extraction of var[15:0] requires 4 bit index, not 6 bits.
%Warning-WIDTH: 2ndSharedMemory.sv:2027: Operator NEQ expects 32 bits on the RHS, but RHS's VARREF 'channels1_1' generates 6 bits.
%Warning-WIDTH: 2ndSharedMemory.sv:2033: Bit extraction of var[15:0] requires 4 bit index, not 6 bits.
%Warning-WIDTH: 2ndSharedMemory.sv:2041: Bit extraction of array[15:0] requires 4 bit index, not 6 bits.
%Warning-WIDTH: 2ndSharedMemory.sv:2046: Bit extraction of var[15:0] requires 4 bit index, not 6 bits.
%Warning-WIDTH: 2ndSharedMemory.sv:2048: Operator NEQ expects 32 bits on the RHS, but RHS's VARREF 'channels1_1' generates 6 bits.
%Warning-WIDTH: 2ndSharedMemory.sv:2054: Bit extraction of var[15:0] requires 4 bit index, not 6 bits.
%Warning-WIDTH: 2ndSharedMemory.sv:2062: Bit extraction of array[15:0] requires 4 bit index, not 6 bits.
%Warning-WIDTH: 2ndSharedMemory.sv:2067: Bit extraction of var[15:0] requires 4 bit index, not 6 bits.
%Warning-WIDTH: 2ndSharedMemory.sv:2069: Operator NEQ expects 32 bits on the RHS, but RHS's VARREF 'channels1_1' generates 6 bits.
%Warning-WIDTH: 2ndSharedMemory.sv:2075: Bit extraction of var[15:0] requires 4 bit index, not 6 bits.
%Warning-WIDTH: 2ndSharedMemory.sv:2083: Bit extraction of array[15:0] requires 4 bit index, not 6 bits.
%Warning-WIDTH: 2ndSharedMemory.sv:2088: Bit extraction of var[15:0] requires 4 bit index, not 6 bits.
%Warning-WIDTH: 2ndSharedMemory.sv:2090: Operator NEQ expects 32 bits on the RHS, but RHS's VARREF 'channels1_1' generates 6 bits.
%Warning-WIDTH: 2ndSharedMemory.sv:2096: Bit extraction of var[15:0] requires 4 bit index, not 6 bits.
%Warning-WIDTH: 2ndSharedMemory.sv:2104: Bit extraction of array[15:0] requires 4 bit index, not 6 bits.
%Warning-WIDTH: 2ndSharedMemory.sv:2109: Bit extraction of var[15:0] requires 4 bit index, not 6 bits.
%Warning-WIDTH: 2ndSharedMemory.sv:2111: Operator NEQ expects 32 bits on the RHS, but RHS's VARREF 'channels1_1' generates 6 bits.
%Warning-WIDTH: 2ndSharedMemory.sv:2117: Bit extraction of var[15:0] requires 4 bit index, not 6 bits.
%Warning-WIDTH: 2ndSharedMemory.sv:2125: Bit extraction of array[15:0] requires 4 bit index, not 6 bits.
%Warning-WIDTH: 2ndSharedMemory.sv:2130: Bit extraction of var[15:0] requires 4 bit index, not 6 bits.
%Warning-WIDTH: 2ndSharedMemory.sv:2132: Operator NEQ expects 32 bits on the RHS, but RHS's VARREF 'channels1_1' generates 6 bits.
%Warning-WIDTH: 2ndSharedMemory.sv:2138: Bit extraction of var[15:0] requires 4 bit index, not 6 bits.
%Warning-WIDTH: 2ndSharedMemory.sv:2150: Operator ADD expects 15 bits on the RHS, but RHS's VARREF 'stride_expand' generates 2 bits.
%Warning-WIDTH: 2ndSharedMemory.sv:2240: Bit extraction of array[6:0] requires 3 bit index, not 6 bits.
%Warning-WIDTH: 2ndSharedMemory.sv:2240: Bit extraction of array[15:0] requires 4 bit index, not 6 bits.
%Warning-WIDTH: 2ndSharedMemory.sv:2241: Bit extraction of array[31:0] requires 5 bit index, not 6 bits.
%Warning-WIDTH: 2ndSharedMemory.sv:2241: Bit extraction of array[15:0] requires 4 bit index, not 6 bits.
%Warning-WIDTH: 2ndSharedMemory.sv:2245: Bit extraction of array[6:0] requires 3 bit index, not 6 bits.
%Warning-WIDTH: 2ndSharedMemory.sv:2245: Bit extraction of array[15:0] requires 4 bit index, not 6 bits.
%Warning-WIDTH: 2ndSharedMemory.sv:2246: Bit extraction of array[31:0] requires 5 bit index, not 6 bits.
%Warning-WIDTH: 2ndSharedMemory.sv:2246: Bit extraction of array[15:0] requires 4 bit index, not 6 bits.
%Warning-WIDTH: 2ndSharedMemory.sv:2250: Bit extraction of array[6:0] requires 3 bit index, not 6 bits.
%Warning-WIDTH: 2ndSharedMemory.sv:2250: Bit extraction of array[15:0] requires 4 bit index, not 6 bits.
%Warning-WIDTH: 2ndSharedMemory.sv:2251: Bit extraction of array[31:0] requires 5 bit index, not 6 bits.
%Warning-WIDTH: 2ndSharedMemory.sv:2251: Bit extraction of array[15:0] requires 4 bit index, not 6 bits.
%Warning-WIDTH: 2ndSharedMemory.sv:2255: Bit extraction of array[6:0] requires 3 bit index, not 6 bits.
%Warning-WIDTH: 2ndSharedMemory.sv:2255: Bit extraction of array[15:0] requires 4 bit index, not 6 bits.
%Warning-WIDTH: 2ndSharedMemory.sv:2256: Bit extraction of array[31:0] requires 5 bit index, not 6 bits.
%Warning-WIDTH: 2ndSharedMemory.sv:2256: Bit extraction of array[15:0] requires 4 bit index, not 6 bits.
%Warning-WIDTH: 2ndSharedMemory.sv:2260: Bit extraction of array[6:0] requires 3 bit index, not 6 bits.
%Warning-WIDTH: 2ndSharedMemory.sv:2260: Bit extraction of array[15:0] requires 4 bit index, not 6 bits.
%Warning-WIDTH: 2ndSharedMemory.sv:2261: Bit extraction of array[31:0] requires 5 bit index, not 6 bits.
%Warning-WIDTH: 2ndSharedMemory.sv:2261: Bit extraction of array[15:0] requires 4 bit index, not 6 bits.
%Warning-WIDTH: 2ndSharedMemory.sv:2265: Bit extraction of array[6:0] requires 3 bit index, not 6 bits.
%Warning-WIDTH: 2ndSharedMemory.sv:2265: Bit extraction of array[15:0] requires 4 bit index, not 6 bits.
%Warning-WIDTH: 2ndSharedMemory.sv:2266: Bit extraction of array[31:0] requires 5 bit index, not 6 bits.
%Warning-WIDTH: 2ndSharedMemory.sv:2266: Bit extraction of array[15:0] requires 4 bit index, not 6 bits.
%Warning-WIDTH: 2ndSharedMemory.sv:2270: Bit extraction of array[6:0] requires 3 bit index, not 6 bits.
%Warning-WIDTH: 2ndSharedMemory.sv:2270: Bit extraction of array[15:0] requires 4 bit index, not 6 bits.
%Warning-WIDTH: 2ndSharedMemory.sv:2271: Bit extraction of array[31:0] requires 5 bit index, not 6 bits.
%Warning-WIDTH: 2ndSharedMemory.sv:2271: Bit extraction of array[15:0] requires 4 bit index, not 6 bits.
%Warning-WIDTH: 2ndSharedMemory.sv:2275: Bit extraction of array[6:0] requires 3 bit index, not 6 bits.
%Warning-WIDTH: 2ndSharedMemory.sv:2275: Bit extraction of array[15:0] requires 4 bit index, not 6 bits.
%Warning-WIDTH: 2ndSharedMemory.sv:2276: Bit extraction of array[31:0] requires 5 bit index, not 6 bits.
%Warning-WIDTH: 2ndSharedMemory.sv:2276: Bit extraction of array[15:0] requires 4 bit index, not 6 bits.
%Warning-WIDTH: 2ndSharedMemory.sv:2310: Operator ASSIGNDLY expects 16 bits on the Assign RHS, but Assign RHS's VARREF 'index2' generates 15 bits.
%Warning-WIDTH: 2ndSharedMemory.sv:2343: Operator ASSIGNDLY expects 16 bits on the Assign RHS, but Assign RHS's VARREF 'index1' generates 15 bits.
%Error: Exiting due to 10 error(s), 210 warning(s)
%Error: Command Failed /usr/bin/verilator_bin --lint-only 2ndSharedMemory.sv
