Copyright 1986-2018 Xilinx, Inc. All Rights Reserved.
-------------------------------------------------------------------------------------
| Tool Version : Vivado v.2018.3 (lin64) Build 2405991 Thu Dec  6 23:36:41 MST 2018
| Date         : Thu Mar 12 21:07:07 2020
| Host         : GCS running 64-bit Ubuntu 18.04.4 LTS
| Command      : report_utilization -hierarchical -file hierarchical_utilization.rpt
| Design       : SecondSharedMemory
| Device       : 7vx690tffg1157-3
| Design State : Synthesized
-------------------------------------------------------------------------------------

Utilization Design Information

Table of Contents
-----------------
1. Utilization by Hierarchy

1. Utilization by Hierarchy
---------------------------

+------------------------+-----------+------------+------------+---------+------+------+--------+--------+--------------+
|        Instance        |   Module  | Total LUTs | Logic LUTs | LUTRAMs | SRLs |  FFs | RAMB36 | RAMB18 | DSP48 Blocks |
+------------------------+-----------+------------+------------+---------+------+------+--------+--------+--------------+
| SecondSharedMemory     |     (top) |       6273 |       6273 |       0 |    0 | 1222 |      0 |    224 |            0 |
|   (SecondSharedMemory) |     (top) |       1340 |       1340 |       0 |    0 | 1222 |      0 |      0 |            0 |
|   ram_3d1[0].u         |    ram_3d |          0 |          0 |       0 |    0 |    0 |      0 |     16 |            0 |
|   ram_3d1[1].u         |  ram_3d_0 |          0 |          0 |       0 |    0 |    0 |      0 |     16 |            0 |
|   ram_3d1[2].u         |  ram_3d_1 |          0 |          0 |       0 |    0 |    0 |      0 |     16 |            0 |
|   ram_3d1[3].u         |  ram_3d_2 |        288 |        288 |       0 |    0 |    0 |      0 |     16 |            0 |
|   ram_3d1[4].u         |  ram_3d_3 |          0 |          0 |       0 |    0 |    0 |      0 |     16 |            0 |
|   ram_3d1[5].u         |  ram_3d_4 |          0 |          0 |       0 |    0 |    0 |      0 |     16 |            0 |
|   ram_3d1[6].u         |  ram_3d_5 |        256 |        256 |       0 |    0 |    0 |      0 |     16 |            0 |
|   ram_3d2[0].u         |  ram_3d_6 |        256 |        256 |       0 |    0 |    0 |      0 |     16 |            0 |
|   ram_3d2[1].u         |  ram_3d_7 |       1029 |       1029 |       0 |    0 |    0 |      0 |     16 |            0 |
|   ram_3d2[2].u         |  ram_3d_8 |        352 |        352 |       0 |    0 |    0 |      0 |     16 |            0 |
|   ram_3d2[3].u         |  ram_3d_9 |       1056 |       1056 |       0 |    0 |    0 |      0 |     16 |            0 |
|   ram_3d2[4].u         | ram_3d_10 |        512 |        512 |       0 |    0 |    0 |      0 |     16 |            0 |
|   ram_3d2[5].u         | ram_3d_11 |        256 |        256 |       0 |    0 |    0 |      0 |     16 |            0 |
|   ram_3d2[6].u         | ram_3d_12 |        928 |        928 |       0 |    0 |    0 |      0 |     16 |            0 |
+------------------------+-----------+------------+------------+---------+------+------+--------+--------+--------------+


