Copyright 1986-2018 Xilinx, Inc. All Rights Reserved.
-------------------------------------------------------------------------------------
| Tool Version : Vivado v.2018.3 (lin64) Build 2405991 Thu Dec  6 23:36:41 MST 2018
| Date         : Wed Mar  4 06:23:06 2020
| Host         : GCS running 64-bit Ubuntu 18.04.4 LTS
| Command      : report_utilization -hierarchical -file hierarchical_utilization.rpt
| Design       : fire6_expand1
| Device       : 7vx690tffg1157-3
| Design State : Synthesized
-------------------------------------------------------------------------------------

Utilization Design Information

Table of Contents
-----------------
1. Utilization by Hierarchy

1. Utilization by Hierarchy
---------------------------

+----------------------+---------+------------+------------+---------+------+------+--------+--------+--------------+
|       Instance       |  Module | Total LUTs | Logic LUTs | LUTRAMs | SRLs |  FFs | RAMB36 | RAMB18 | DSP48 Blocks |
+----------------------+---------+------------+------------+---------+------+------+--------+--------+--------------+
| fire6_expand1        |   (top) |       5728 |       5728 |       0 |    0 | 4302 |      0 |      0 |          256 |
|   (fire6_expand1)    |   (top) |        419 |        419 |       0 |    0 | 4302 |      0 |      0 |            0 |
|   genblk1[0].mac_i   |     mac |         42 |         42 |       0 |    0 |    0 |      0 |      0 |            1 |
|   genblk1[100].mac_i |   mac_0 |         14 |         14 |       0 |    0 |    0 |      0 |      0 |            1 |
|   genblk1[101].mac_i |   mac_1 |         16 |         16 |       0 |    0 |    0 |      0 |      0 |            1 |
|   genblk1[102].mac_i |   mac_2 |         15 |         15 |       0 |    0 |    0 |      0 |      0 |            1 |
|   genblk1[103].mac_i |   mac_3 |         44 |         44 |       0 |    0 |    0 |      0 |      0 |            1 |
|   genblk1[104].mac_i |   mac_4 |         13 |         13 |       0 |    0 |    0 |      0 |      0 |            1 |
|   genblk1[105].mac_i |   mac_5 |         16 |         16 |       0 |    0 |    0 |      0 |      0 |            1 |
|   genblk1[106].mac_i |   mac_6 |         14 |         14 |       0 |    0 |    0 |      0 |      0 |            1 |
|   genblk1[107].mac_i |   mac_7 |         16 |         16 |       0 |    0 |    0 |      0 |      0 |            1 |
|   genblk1[108].mac_i |   mac_8 |         17 |         17 |       0 |    0 |    0 |      0 |      0 |            1 |
|   genblk1[109].mac_i |   mac_9 |         16 |         16 |       0 |    0 |    0 |      0 |      0 |            1 |
|   genblk1[10].mac_i  |  mac_10 |         15 |         15 |       0 |    0 |    0 |      0 |      0 |            1 |
|   genblk1[110].mac_i |  mac_11 |         16 |         16 |       0 |    0 |    0 |      0 |      0 |            1 |
|   genblk1[111].mac_i |  mac_12 |         14 |         14 |       0 |    0 |    0 |      0 |      0 |            1 |
|   genblk1[112].mac_i |  mac_13 |         14 |         14 |       0 |    0 |    0 |      0 |      0 |            1 |
|   genblk1[113].mac_i |  mac_14 |         16 |         16 |       0 |    0 |    0 |      0 |      0 |            1 |
|   genblk1[114].mac_i |  mac_15 |         41 |         41 |       0 |    0 |    0 |      0 |      0 |            1 |
|   genblk1[115].mac_i |  mac_16 |         16 |         16 |       0 |    0 |    0 |      0 |      0 |            1 |
|   genblk1[116].mac_i |  mac_17 |         13 |         13 |       0 |    0 |    0 |      0 |      0 |            1 |
|   genblk1[117].mac_i |  mac_18 |         17 |         17 |       0 |    0 |    0 |      0 |      0 |            1 |
|   genblk1[118].mac_i |  mac_19 |         16 |         16 |       0 |    0 |    0 |      0 |      0 |            1 |
|   genblk1[119].mac_i |  mac_20 |         15 |         15 |       0 |    0 |    0 |      0 |      0 |            1 |
|   genblk1[11].mac_i  |  mac_21 |         16 |         16 |       0 |    0 |    0 |      0 |      0 |            1 |
|   genblk1[120].mac_i |  mac_22 |         17 |         17 |       0 |    0 |    0 |      0 |      0 |            1 |
|   genblk1[121].mac_i |  mac_23 |         42 |         42 |       0 |    0 |    0 |      0 |      0 |            1 |
|   genblk1[122].mac_i |  mac_24 |         41 |         41 |       0 |    0 |    0 |      0 |      0 |            1 |
|   genblk1[123].mac_i |  mac_25 |         16 |         16 |       0 |    0 |    0 |      0 |      0 |            1 |
|   genblk1[124].mac_i |  mac_26 |         17 |         17 |       0 |    0 |    0 |      0 |      0 |            1 |
|   genblk1[125].mac_i |  mac_27 |         15 |         15 |       0 |    0 |    0 |      0 |      0 |            1 |
|   genblk1[126].mac_i |  mac_28 |         15 |         15 |       0 |    0 |    0 |      0 |      0 |            1 |
|   genblk1[127].mac_i |  mac_29 |         15 |         15 |       0 |    0 |    0 |      0 |      0 |            1 |
|   genblk1[128].mac_i |  mac_30 |         41 |         41 |       0 |    0 |    0 |      0 |      0 |            1 |
|   genblk1[129].mac_i |  mac_31 |         14 |         14 |       0 |    0 |    0 |      0 |      0 |            1 |
|   genblk1[12].mac_i  |  mac_32 |         14 |         14 |       0 |    0 |    0 |      0 |      0 |            1 |
|   genblk1[130].mac_i |  mac_33 |         14 |         14 |       0 |    0 |    0 |      0 |      0 |            1 |
|   genblk1[131].mac_i |  mac_34 |         14 |         14 |       0 |    0 |    0 |      0 |      0 |            1 |
|   genblk1[132].mac_i |  mac_35 |         18 |         18 |       0 |    0 |    0 |      0 |      0 |            1 |
|   genblk1[133].mac_i |  mac_36 |         14 |         14 |       0 |    0 |    0 |      0 |      0 |            1 |
|   genblk1[134].mac_i |  mac_37 |         17 |         17 |       0 |    0 |    0 |      0 |      0 |            1 |
|   genblk1[135].mac_i |  mac_38 |         15 |         15 |       0 |    0 |    0 |      0 |      0 |            1 |
|   genblk1[136].mac_i |  mac_39 |         15 |         15 |       0 |    0 |    0 |      0 |      0 |            1 |
|   genblk1[137].mac_i |  mac_40 |         15 |         15 |       0 |    0 |    0 |      0 |      0 |            1 |
|   genblk1[138].mac_i |  mac_41 |         42 |         42 |       0 |    0 |    0 |      0 |      0 |            1 |
|   genblk1[139].mac_i |  mac_42 |         16 |         16 |       0 |    0 |    0 |      0 |      0 |            1 |
|   genblk1[13].mac_i  |  mac_43 |         16 |         16 |       0 |    0 |    0 |      0 |      0 |            1 |
|   genblk1[140].mac_i |  mac_44 |         16 |         16 |       0 |    0 |    0 |      0 |      0 |            1 |
|   genblk1[141].mac_i |  mac_45 |         15 |         15 |       0 |    0 |    0 |      0 |      0 |            1 |
|   genblk1[142].mac_i |  mac_46 |         16 |         16 |       0 |    0 |    0 |      0 |      0 |            1 |
|   genblk1[143].mac_i |  mac_47 |         13 |         13 |       0 |    0 |    0 |      0 |      0 |            1 |
|   genblk1[144].mac_i |  mac_48 |         14 |         14 |       0 |    0 |    0 |      0 |      0 |            1 |
|   genblk1[145].mac_i |  mac_49 |         16 |         16 |       0 |    0 |    0 |      0 |      0 |            1 |
|   genblk1[146].mac_i |  mac_50 |         15 |         15 |       0 |    0 |    0 |      0 |      0 |            1 |
|   genblk1[147].mac_i |  mac_51 |         15 |         15 |       0 |    0 |    0 |      0 |      0 |            1 |
|   genblk1[148].mac_i |  mac_52 |         42 |         42 |       0 |    0 |    0 |      0 |      0 |            1 |
|   genblk1[149].mac_i |  mac_53 |         40 |         40 |       0 |    0 |    0 |      0 |      0 |            1 |
|   genblk1[14].mac_i  |  mac_54 |         14 |         14 |       0 |    0 |    0 |      0 |      0 |            1 |
|   genblk1[150].mac_i |  mac_55 |         16 |         16 |       0 |    0 |    0 |      0 |      0 |            1 |
|   genblk1[151].mac_i |  mac_56 |         15 |         15 |       0 |    0 |    0 |      0 |      0 |            1 |
|   genblk1[152].mac_i |  mac_57 |         41 |         41 |       0 |    0 |    0 |      0 |      0 |            1 |
|   genblk1[153].mac_i |  mac_58 |         14 |         14 |       0 |    0 |    0 |      0 |      0 |            1 |
|   genblk1[154].mac_i |  mac_59 |         13 |         13 |       0 |    0 |    0 |      0 |      0 |            1 |
|   genblk1[155].mac_i |  mac_60 |         16 |         16 |       0 |    0 |    0 |      0 |      0 |            1 |
|   genblk1[156].mac_i |  mac_61 |         13 |         13 |       0 |    0 |    0 |      0 |      0 |            1 |
|   genblk1[157].mac_i |  mac_62 |         14 |         14 |       0 |    0 |    0 |      0 |      0 |            1 |
|   genblk1[158].mac_i |  mac_63 |         15 |         15 |       0 |    0 |    0 |      0 |      0 |            1 |
|   genblk1[159].mac_i |  mac_64 |         13 |         13 |       0 |    0 |    0 |      0 |      0 |            1 |
|   genblk1[15].mac_i  |  mac_65 |         18 |         18 |       0 |    0 |    0 |      0 |      0 |            1 |
|   genblk1[160].mac_i |  mac_66 |         15 |         15 |       0 |    0 |    0 |      0 |      0 |            1 |
|   genblk1[161].mac_i |  mac_67 |         16 |         16 |       0 |    0 |    0 |      0 |      0 |            1 |
|   genblk1[162].mac_i |  mac_68 |         18 |         18 |       0 |    0 |    0 |      0 |      0 |            1 |
|   genblk1[163].mac_i |  mac_69 |         41 |         41 |       0 |    0 |    0 |      0 |      0 |            1 |
|   genblk1[164].mac_i |  mac_70 |         41 |         41 |       0 |    0 |    0 |      0 |      0 |            1 |
|   genblk1[165].mac_i |  mac_71 |         43 |         43 |       0 |    0 |    0 |      0 |      0 |            1 |
|   genblk1[166].mac_i |  mac_72 |         14 |         14 |       0 |    0 |    0 |      0 |      0 |            1 |
|   genblk1[167].mac_i |  mac_73 |         41 |         41 |       0 |    0 |    0 |      0 |      0 |            1 |
|   genblk1[168].mac_i |  mac_74 |         42 |         42 |       0 |    0 |    0 |      0 |      0 |            1 |
|   genblk1[169].mac_i |  mac_75 |         17 |         17 |       0 |    0 |    0 |      0 |      0 |            1 |
|   genblk1[16].mac_i  |  mac_76 |         15 |         15 |       0 |    0 |    0 |      0 |      0 |            1 |
|   genblk1[170].mac_i |  mac_77 |         17 |         17 |       0 |    0 |    0 |      0 |      0 |            1 |
|   genblk1[171].mac_i |  mac_78 |         16 |         16 |       0 |    0 |    0 |      0 |      0 |            1 |
|   genblk1[172].mac_i |  mac_79 |         15 |         15 |       0 |    0 |    0 |      0 |      0 |            1 |
|   genblk1[173].mac_i |  mac_80 |         15 |         15 |       0 |    0 |    0 |      0 |      0 |            1 |
|   genblk1[174].mac_i |  mac_81 |         42 |         42 |       0 |    0 |    0 |      0 |      0 |            1 |
|   genblk1[175].mac_i |  mac_82 |         15 |         15 |       0 |    0 |    0 |      0 |      0 |            1 |
|   genblk1[176].mac_i |  mac_83 |         13 |         13 |       0 |    0 |    0 |      0 |      0 |            1 |
|   genblk1[177].mac_i |  mac_84 |         16 |         16 |       0 |    0 |    0 |      0 |      0 |            1 |
|   genblk1[178].mac_i |  mac_85 |         15 |         15 |       0 |    0 |    0 |      0 |      0 |            1 |
|   genblk1[179].mac_i |  mac_86 |         17 |         17 |       0 |    0 |    0 |      0 |      0 |            1 |
|   genblk1[17].mac_i  |  mac_87 |         14 |         14 |       0 |    0 |    0 |      0 |      0 |            1 |
|   genblk1[180].mac_i |  mac_88 |         15 |         15 |       0 |    0 |    0 |      0 |      0 |            1 |
|   genblk1[181].mac_i |  mac_89 |         15 |         15 |       0 |    0 |    0 |      0 |      0 |            1 |
|   genblk1[182].mac_i |  mac_90 |         40 |         40 |       0 |    0 |    0 |      0 |      0 |            1 |
|   genblk1[183].mac_i |  mac_91 |         12 |         12 |       0 |    0 |    0 |      0 |      0 |            1 |
|   genblk1[184].mac_i |  mac_92 |         18 |         18 |       0 |    0 |    0 |      0 |      0 |            1 |
|   genblk1[185].mac_i |  mac_93 |         14 |         14 |       0 |    0 |    0 |      0 |      0 |            1 |
|   genblk1[186].mac_i |  mac_94 |         16 |         16 |       0 |    0 |    0 |      0 |      0 |            1 |
|   genblk1[187].mac_i |  mac_95 |         43 |         43 |       0 |    0 |    0 |      0 |      0 |            1 |
|   genblk1[188].mac_i |  mac_96 |         44 |         44 |       0 |    0 |    0 |      0 |      0 |            1 |
|   genblk1[189].mac_i |  mac_97 |         14 |         14 |       0 |    0 |    0 |      0 |      0 |            1 |
|   genblk1[18].mac_i  |  mac_98 |         16 |         16 |       0 |    0 |    0 |      0 |      0 |            1 |
|   genblk1[190].mac_i |  mac_99 |         42 |         42 |       0 |    0 |    0 |      0 |      0 |            1 |
|   genblk1[191].mac_i | mac_100 |         44 |         44 |       0 |    0 |    0 |      0 |      0 |            1 |
|   genblk1[192].mac_i | mac_101 |         15 |         15 |       0 |    0 |    0 |      0 |      0 |            1 |
|   genblk1[193].mac_i | mac_102 |         16 |         16 |       0 |    0 |    0 |      0 |      0 |            1 |
|   genblk1[194].mac_i | mac_103 |         41 |         41 |       0 |    0 |    0 |      0 |      0 |            1 |
|   genblk1[195].mac_i | mac_104 |         14 |         14 |       0 |    0 |    0 |      0 |      0 |            1 |
|   genblk1[196].mac_i | mac_105 |         42 |         42 |       0 |    0 |    0 |      0 |      0 |            1 |
|   genblk1[197].mac_i | mac_106 |         15 |         15 |       0 |    0 |    0 |      0 |      0 |            1 |
|   genblk1[198].mac_i | mac_107 |         14 |         14 |       0 |    0 |    0 |      0 |      0 |            1 |
|   genblk1[199].mac_i | mac_108 |         16 |         16 |       0 |    0 |    0 |      0 |      0 |            1 |
|   genblk1[19].mac_i  | mac_109 |         15 |         15 |       0 |    0 |    0 |      0 |      0 |            1 |
|   genblk1[1].mac_i   | mac_110 |         17 |         17 |       0 |    0 |    0 |      0 |      0 |            1 |
|   genblk1[200].mac_i | mac_111 |         42 |         42 |       0 |    0 |    0 |      0 |      0 |            1 |
|   genblk1[201].mac_i | mac_112 |         41 |         41 |       0 |    0 |    0 |      0 |      0 |            1 |
|   genblk1[202].mac_i | mac_113 |         16 |         16 |       0 |    0 |    0 |      0 |      0 |            1 |
|   genblk1[203].mac_i | mac_114 |         16 |         16 |       0 |    0 |    0 |      0 |      0 |            1 |
|   genblk1[204].mac_i | mac_115 |         15 |         15 |       0 |    0 |    0 |      0 |      0 |            1 |
|   genblk1[205].mac_i | mac_116 |         14 |         14 |       0 |    0 |    0 |      0 |      0 |            1 |
|   genblk1[206].mac_i | mac_117 |         16 |         16 |       0 |    0 |    0 |      0 |      0 |            1 |
|   genblk1[207].mac_i | mac_118 |         17 |         17 |       0 |    0 |    0 |      0 |      0 |            1 |
|   genblk1[208].mac_i | mac_119 |         15 |         15 |       0 |    0 |    0 |      0 |      0 |            1 |
|   genblk1[209].mac_i | mac_120 |         17 |         17 |       0 |    0 |    0 |      0 |      0 |            1 |
|   genblk1[20].mac_i  | mac_121 |         15 |         15 |       0 |    0 |    0 |      0 |      0 |            1 |
|   genblk1[210].mac_i | mac_122 |         14 |         14 |       0 |    0 |    0 |      0 |      0 |            1 |
|   genblk1[211].mac_i | mac_123 |         14 |         14 |       0 |    0 |    0 |      0 |      0 |            1 |
|   genblk1[212].mac_i | mac_124 |         42 |         42 |       0 |    0 |    0 |      0 |      0 |            1 |
|   genblk1[213].mac_i | mac_125 |         18 |         18 |       0 |    0 |    0 |      0 |      0 |            1 |
|   genblk1[214].mac_i | mac_126 |         16 |         16 |       0 |    0 |    0 |      0 |      0 |            1 |
|   genblk1[215].mac_i | mac_127 |         41 |         41 |       0 |    0 |    0 |      0 |      0 |            1 |
|   genblk1[216].mac_i | mac_128 |         15 |         15 |       0 |    0 |    0 |      0 |      0 |            1 |
|   genblk1[217].mac_i | mac_129 |         41 |         41 |       0 |    0 |    0 |      0 |      0 |            1 |
|   genblk1[218].mac_i | mac_130 |         17 |         17 |       0 |    0 |    0 |      0 |      0 |            1 |
|   genblk1[219].mac_i | mac_131 |         17 |         17 |       0 |    0 |    0 |      0 |      0 |            1 |
|   genblk1[21].mac_i  | mac_132 |         15 |         15 |       0 |    0 |    0 |      0 |      0 |            1 |
|   genblk1[220].mac_i | mac_133 |         42 |         42 |       0 |    0 |    0 |      0 |      0 |            1 |
|   genblk1[221].mac_i | mac_134 |         15 |         15 |       0 |    0 |    0 |      0 |      0 |            1 |
|   genblk1[222].mac_i | mac_135 |         16 |         16 |       0 |    0 |    0 |      0 |      0 |            1 |
|   genblk1[223].mac_i | mac_136 |         16 |         16 |       0 |    0 |    0 |      0 |      0 |            1 |
|   genblk1[224].mac_i | mac_137 |         16 |         16 |       0 |    0 |    0 |      0 |      0 |            1 |
|   genblk1[225].mac_i | mac_138 |         15 |         15 |       0 |    0 |    0 |      0 |      0 |            1 |
|   genblk1[226].mac_i | mac_139 |         41 |         41 |       0 |    0 |    0 |      0 |      0 |            1 |
|   genblk1[227].mac_i | mac_140 |         42 |         42 |       0 |    0 |    0 |      0 |      0 |            1 |
|   genblk1[228].mac_i | mac_141 |         41 |         41 |       0 |    0 |    0 |      0 |      0 |            1 |
|   genblk1[229].mac_i | mac_142 |         14 |         14 |       0 |    0 |    0 |      0 |      0 |            1 |
|   genblk1[22].mac_i  | mac_143 |         16 |         16 |       0 |    0 |    0 |      0 |      0 |            1 |
|   genblk1[230].mac_i | mac_144 |         17 |         17 |       0 |    0 |    0 |      0 |      0 |            1 |
|   genblk1[231].mac_i | mac_145 |         15 |         15 |       0 |    0 |    0 |      0 |      0 |            1 |
|   genblk1[232].mac_i | mac_146 |         16 |         16 |       0 |    0 |    0 |      0 |      0 |            1 |
|   genblk1[233].mac_i | mac_147 |         14 |         14 |       0 |    0 |    0 |      0 |      0 |            1 |
|   genblk1[234].mac_i | mac_148 |         15 |         15 |       0 |    0 |    0 |      0 |      0 |            1 |
|   genblk1[235].mac_i | mac_149 |         14 |         14 |       0 |    0 |    0 |      0 |      0 |            1 |
|   genblk1[236].mac_i | mac_150 |         39 |         39 |       0 |    0 |    0 |      0 |      0 |            1 |
|   genblk1[237].mac_i | mac_151 |         14 |         14 |       0 |    0 |    0 |      0 |      0 |            1 |
|   genblk1[238].mac_i | mac_152 |         16 |         16 |       0 |    0 |    0 |      0 |      0 |            1 |
|   genblk1[239].mac_i | mac_153 |         15 |         15 |       0 |    0 |    0 |      0 |      0 |            1 |
|   genblk1[23].mac_i  | mac_154 |         16 |         16 |       0 |    0 |    0 |      0 |      0 |            1 |
|   genblk1[240].mac_i | mac_155 |         15 |         15 |       0 |    0 |    0 |      0 |      0 |            1 |
|   genblk1[241].mac_i | mac_156 |         16 |         16 |       0 |    0 |    0 |      0 |      0 |            1 |
|   genblk1[242].mac_i | mac_157 |         15 |         15 |       0 |    0 |    0 |      0 |      0 |            1 |
|   genblk1[243].mac_i | mac_158 |         41 |         41 |       0 |    0 |    0 |      0 |      0 |            1 |
|   genblk1[244].mac_i | mac_159 |         14 |         14 |       0 |    0 |    0 |      0 |      0 |            1 |
|   genblk1[245].mac_i | mac_160 |         15 |         15 |       0 |    0 |    0 |      0 |      0 |            1 |
|   genblk1[246].mac_i | mac_161 |         43 |         43 |       0 |    0 |    0 |      0 |      0 |            1 |
|   genblk1[247].mac_i | mac_162 |         18 |         18 |       0 |    0 |    0 |      0 |      0 |            1 |
|   genblk1[248].mac_i | mac_163 |         15 |         15 |       0 |    0 |    0 |      0 |      0 |            1 |
|   genblk1[249].mac_i | mac_164 |         17 |         17 |       0 |    0 |    0 |      0 |      0 |            1 |
|   genblk1[24].mac_i  | mac_165 |         17 |         17 |       0 |    0 |    0 |      0 |      0 |            1 |
|   genblk1[250].mac_i | mac_166 |         41 |         41 |       0 |    0 |    0 |      0 |      0 |            1 |
|   genblk1[251].mac_i | mac_167 |         13 |         13 |       0 |    0 |    0 |      0 |      0 |            1 |
|   genblk1[252].mac_i | mac_168 |         15 |         15 |       0 |    0 |    0 |      0 |      0 |            1 |
|   genblk1[253].mac_i | mac_169 |         18 |         18 |       0 |    0 |    0 |      0 |      0 |            1 |
|   genblk1[254].mac_i | mac_170 |         42 |         42 |       0 |    0 |    0 |      0 |      0 |            1 |
|   genblk1[255].mac_i | mac_171 |         18 |         18 |       0 |    0 |    0 |      0 |      0 |            1 |
|   genblk1[25].mac_i  | mac_172 |         15 |         15 |       0 |    0 |    0 |      0 |      0 |            1 |
|   genblk1[26].mac_i  | mac_173 |         41 |         41 |       0 |    0 |    0 |      0 |      0 |            1 |
|   genblk1[27].mac_i  | mac_174 |         14 |         14 |       0 |    0 |    0 |      0 |      0 |            1 |
|   genblk1[28].mac_i  | mac_175 |         38 |         38 |       0 |    0 |    0 |      0 |      0 |            1 |
|   genblk1[29].mac_i  | mac_176 |         15 |         15 |       0 |    0 |    0 |      0 |      0 |            1 |
|   genblk1[2].mac_i   | mac_177 |         43 |         43 |       0 |    0 |    0 |      0 |      0 |            1 |
|   genblk1[30].mac_i  | mac_178 |         16 |         16 |       0 |    0 |    0 |      0 |      0 |            1 |
|   genblk1[31].mac_i  | mac_179 |         16 |         16 |       0 |    0 |    0 |      0 |      0 |            1 |
|   genblk1[32].mac_i  | mac_180 |         14 |         14 |       0 |    0 |    0 |      0 |      0 |            1 |
|   genblk1[33].mac_i  | mac_181 |         15 |         15 |       0 |    0 |    0 |      0 |      0 |            1 |
|   genblk1[34].mac_i  | mac_182 |         16 |         16 |       0 |    0 |    0 |      0 |      0 |            1 |
|   genblk1[35].mac_i  | mac_183 |         40 |         40 |       0 |    0 |    0 |      0 |      0 |            1 |
|   genblk1[36].mac_i  | mac_184 |         16 |         16 |       0 |    0 |    0 |      0 |      0 |            1 |
|   genblk1[37].mac_i  | mac_185 |         41 |         41 |       0 |    0 |    0 |      0 |      0 |            1 |
|   genblk1[38].mac_i  | mac_186 |         16 |         16 |       0 |    0 |    0 |      0 |      0 |            1 |
|   genblk1[39].mac_i  | mac_187 |         43 |         43 |       0 |    0 |    0 |      0 |      0 |            1 |
|   genblk1[3].mac_i   | mac_188 |         15 |         15 |       0 |    0 |    0 |      0 |      0 |            1 |
|   genblk1[40].mac_i  | mac_189 |         15 |         15 |       0 |    0 |    0 |      0 |      0 |            1 |
|   genblk1[41].mac_i  | mac_190 |         15 |         15 |       0 |    0 |    0 |      0 |      0 |            1 |
|   genblk1[42].mac_i  | mac_191 |         16 |         16 |       0 |    0 |    0 |      0 |      0 |            1 |
|   genblk1[43].mac_i  | mac_192 |         42 |         42 |       0 |    0 |    0 |      0 |      0 |            1 |
|   genblk1[44].mac_i  | mac_193 |         16 |         16 |       0 |    0 |    0 |      0 |      0 |            1 |
|   genblk1[45].mac_i  | mac_194 |         16 |         16 |       0 |    0 |    0 |      0 |      0 |            1 |
|   genblk1[46].mac_i  | mac_195 |         42 |         42 |       0 |    0 |    0 |      0 |      0 |            1 |
|   genblk1[47].mac_i  | mac_196 |         15 |         15 |       0 |    0 |    0 |      0 |      0 |            1 |
|   genblk1[48].mac_i  | mac_197 |         15 |         15 |       0 |    0 |    0 |      0 |      0 |            1 |
|   genblk1[49].mac_i  | mac_198 |         15 |         15 |       0 |    0 |    0 |      0 |      0 |            1 |
|   genblk1[4].mac_i   | mac_199 |         15 |         15 |       0 |    0 |    0 |      0 |      0 |            1 |
|   genblk1[50].mac_i  | mac_200 |         14 |         14 |       0 |    0 |    0 |      0 |      0 |            1 |
|   genblk1[51].mac_i  | mac_201 |         13 |         13 |       0 |    0 |    0 |      0 |      0 |            1 |
|   genblk1[52].mac_i  | mac_202 |         17 |         17 |       0 |    0 |    0 |      0 |      0 |            1 |
|   genblk1[53].mac_i  | mac_203 |         16 |         16 |       0 |    0 |    0 |      0 |      0 |            1 |
|   genblk1[54].mac_i  | mac_204 |         14 |         14 |       0 |    0 |    0 |      0 |      0 |            1 |
|   genblk1[55].mac_i  | mac_205 |         41 |         41 |       0 |    0 |    0 |      0 |      0 |            1 |
|   genblk1[56].mac_i  | mac_206 |         15 |         15 |       0 |    0 |    0 |      0 |      0 |            1 |
|   genblk1[57].mac_i  | mac_207 |         16 |         16 |       0 |    0 |    0 |      0 |      0 |            1 |
|   genblk1[58].mac_i  | mac_208 |         14 |         14 |       0 |    0 |    0 |      0 |      0 |            1 |
|   genblk1[59].mac_i  | mac_209 |         14 |         14 |       0 |    0 |    0 |      0 |      0 |            1 |
|   genblk1[5].mac_i   | mac_210 |         42 |         42 |       0 |    0 |    0 |      0 |      0 |            1 |
|   genblk1[60].mac_i  | mac_211 |         42 |         42 |       0 |    0 |    0 |      0 |      0 |            1 |
|   genblk1[61].mac_i  | mac_212 |         14 |         14 |       0 |    0 |    0 |      0 |      0 |            1 |
|   genblk1[62].mac_i  | mac_213 |         16 |         16 |       0 |    0 |    0 |      0 |      0 |            1 |
|   genblk1[63].mac_i  | mac_214 |         16 |         16 |       0 |    0 |    0 |      0 |      0 |            1 |
|   genblk1[64].mac_i  | mac_215 |         15 |         15 |       0 |    0 |    0 |      0 |      0 |            1 |
|   genblk1[65].mac_i  | mac_216 |         15 |         15 |       0 |    0 |    0 |      0 |      0 |            1 |
|   genblk1[66].mac_i  | mac_217 |         15 |         15 |       0 |    0 |    0 |      0 |      0 |            1 |
|   genblk1[67].mac_i  | mac_218 |         40 |         40 |       0 |    0 |    0 |      0 |      0 |            1 |
|   genblk1[68].mac_i  | mac_219 |         40 |         40 |       0 |    0 |    0 |      0 |      0 |            1 |
|   genblk1[69].mac_i  | mac_220 |         15 |         15 |       0 |    0 |    0 |      0 |      0 |            1 |
|   genblk1[6].mac_i   | mac_221 |         15 |         15 |       0 |    0 |    0 |      0 |      0 |            1 |
|   genblk1[70].mac_i  | mac_222 |         13 |         13 |       0 |    0 |    0 |      0 |      0 |            1 |
|   genblk1[71].mac_i  | mac_223 |         16 |         16 |       0 |    0 |    0 |      0 |      0 |            1 |
|   genblk1[72].mac_i  | mac_224 |         13 |         13 |       0 |    0 |    0 |      0 |      0 |            1 |
|   genblk1[73].mac_i  | mac_225 |         15 |         15 |       0 |    0 |    0 |      0 |      0 |            1 |
|   genblk1[74].mac_i  | mac_226 |         16 |         16 |       0 |    0 |    0 |      0 |      0 |            1 |
|   genblk1[75].mac_i  | mac_227 |         39 |         39 |       0 |    0 |    0 |      0 |      0 |            1 |
|   genblk1[76].mac_i  | mac_228 |         15 |         15 |       0 |    0 |    0 |      0 |      0 |            1 |
|   genblk1[77].mac_i  | mac_229 |         16 |         16 |       0 |    0 |    0 |      0 |      0 |            1 |
|   genblk1[78].mac_i  | mac_230 |         16 |         16 |       0 |    0 |    0 |      0 |      0 |            1 |
|   genblk1[79].mac_i  | mac_231 |         16 |         16 |       0 |    0 |    0 |      0 |      0 |            1 |
|   genblk1[7].mac_i   | mac_232 |         14 |         14 |       0 |    0 |    0 |      0 |      0 |            1 |
|   genblk1[80].mac_i  | mac_233 |         16 |         16 |       0 |    0 |    0 |      0 |      0 |            1 |
|   genblk1[81].mac_i  | mac_234 |         16 |         16 |       0 |    0 |    0 |      0 |      0 |            1 |
|   genblk1[82].mac_i  | mac_235 |         17 |         17 |       0 |    0 |    0 |      0 |      0 |            1 |
|   genblk1[83].mac_i  | mac_236 |         17 |         17 |       0 |    0 |    0 |      0 |      0 |            1 |
|   genblk1[84].mac_i  | mac_237 |         16 |         16 |       0 |    0 |    0 |      0 |      0 |            1 |
|   genblk1[85].mac_i  | mac_238 |         16 |         16 |       0 |    0 |    0 |      0 |      0 |            1 |
|   genblk1[86].mac_i  | mac_239 |         42 |         42 |       0 |    0 |    0 |      0 |      0 |            1 |
|   genblk1[87].mac_i  | mac_240 |         17 |         17 |       0 |    0 |    0 |      0 |      0 |            1 |
|   genblk1[88].mac_i  | mac_241 |         14 |         14 |       0 |    0 |    0 |      0 |      0 |            1 |
|   genblk1[89].mac_i  | mac_242 |         15 |         15 |       0 |    0 |    0 |      0 |      0 |            1 |
|   genblk1[8].mac_i   | mac_243 |         17 |         17 |       0 |    0 |    0 |      0 |      0 |            1 |
|   genblk1[90].mac_i  | mac_244 |         15 |         15 |       0 |    0 |    0 |      0 |      0 |            1 |
|   genblk1[91].mac_i  | mac_245 |         17 |         17 |       0 |    0 |    0 |      0 |      0 |            1 |
|   genblk1[92].mac_i  | mac_246 |         41 |         41 |       0 |    0 |    0 |      0 |      0 |            1 |
|   genblk1[93].mac_i  | mac_247 |         16 |         16 |       0 |    0 |    0 |      0 |      0 |            1 |
|   genblk1[94].mac_i  | mac_248 |         15 |         15 |       0 |    0 |    0 |      0 |      0 |            1 |
|   genblk1[95].mac_i  | mac_249 |         16 |         16 |       0 |    0 |    0 |      0 |      0 |            1 |
|   genblk1[96].mac_i  | mac_250 |         18 |         18 |       0 |    0 |    0 |      0 |      0 |            1 |
|   genblk1[97].mac_i  | mac_251 |         13 |         13 |       0 |    0 |    0 |      0 |      0 |            1 |
|   genblk1[98].mac_i  | mac_252 |         15 |         15 |       0 |    0 |    0 |      0 |      0 |            1 |
|   genblk1[99].mac_i  | mac_253 |         14 |         14 |       0 |    0 |    0 |      0 |      0 |            1 |
|   genblk1[9].mac_i   | mac_254 |         15 |         15 |       0 |    0 |    0 |      0 |      0 |            1 |
+----------------------+---------+------------+------------+---------+------+------+--------+--------+--------------+


