reg__1: reg__1
rom__5: rom__5
rom_fire4_squeeze__GB7: rom_fire4_squeeze__GB7
rom__13: rom__13
logic__33: logic__33
reg__11: reg__11
reg__69: reg__69
logic__36: logic__36
counter: counter
mac__28: mac
reg__30: reg__30
logic__25: logic__25
reg__18: reg__18
muxpart__29: muxpart__29
dsp48e1__13: dsp48e1
datapath__30: datapath__30
dsp48e1__9: dsp48e1
muxpart__2_rom_fire4_squeeze: muxpart__2_rom_fire4_squeeze
datapath__15: datapath__15
reg__55: reg__55
logic__22: logic__22
reg__38: reg__38
reg__87: reg__87
muxpart__20_rom_fire4_squeeze: muxpart__20_rom_fire4_squeeze
reg__96: reg__96
muxpart__32: muxpart__32
reg__46: reg__46
dsp48e1__1: dsp48e1
dsp48e1__28: dsp48e1
dsp48e1__15: dsp48e1
mac__25: mac
dsp48e1__2: dsp48e1
reg__54: reg__54
case__17: case__17
mac__1: mac
case__24: case__24
logic__35: logic__35
reg__44: reg__44
rom__6: rom__6
case__9: case__9
logic__55: logic__55
datapath__13: datapath__13
reg__36: reg__36
reg__94: reg__94
case__10: case__10
rom__9: rom__9
mac__17: mac
case__8: case__8
reg__77: reg__77
case__2: case__2
mac__9: mac
datapath__32: datapath__32
datapath__24: datapath__24
muxpart__7_rom_fire4_squeeze: muxpart__7_rom_fire4_squeeze
dsp48e1__29: dsp48e1
muxpart__24: muxpart__24
reg__68: reg__68
reg__83: reg__83
datapath: datapath
datapath__22: datapath__22
rom__21: rom__21
reg__31: reg__31
mac__7: mac
reg__14: reg__14
logic__31: logic__31
mac__6: mac
muxpart__18_rom_fire4_squeeze: muxpart__18_rom_fire4_squeeze
dsp48e1__16: dsp48e1
logic__16: logic__16
mac__21: mac
mac__29: mac
reg__66: reg__66
logic__4: logic__4
reg__90: reg__90
reg__19: reg__19
rom__4: rom__4
logic__7: logic__7
logic__29: logic__29
reg__99: reg__99
rom__10: rom__10
logic__44: logic__44
reg__2: reg__2
reg__76: reg__76
reg__63: reg__63
datapath__7: datapath__7
reg__22: reg__22
reg__53: reg__53
mac__22: mac
logic__42: logic__42
datapath__27: datapath__27
reg__43: reg__43
dsp48e1__7: dsp48e1
rom__22: rom__22
dsp48e1__4: dsp48e1
reg__3: reg__3
datapath__31: datapath__31
muxpart__21: muxpart__21
rom__28: rom__28
rom__23: rom__23
mac__16: mac
reg__28: reg__28
muxpart__22: muxpart__22
datapath__16: datapath__16
datapath__8: datapath__8
dsp48e1__17: dsp48e1
case__6: case__6
muxpart__9: muxpart__9
case__31: case__31
case__20: case__20
reg__60: reg__60
reg__8: reg__8
reg__67: reg__67
logic__49: logic__49
reg__92: reg__92
logic__50: logic__50
rom__16: rom__16
rom__7: rom__7
case__30: case__30
reg__6: reg__6
dsp48e1__10: dsp48e1
reg__81: reg__81
dsp48e1__3: dsp48e1
reg__12: reg__12
muxpart: muxpart
mac__15: mac
dsp48e1: dsp48e1
rom__17: rom__17
reg__71: reg__71
muxpart__26: muxpart__26
reg__29: reg__29
datapath__17: datapath__17
logic__45: logic__45
mac__18: mac
dsp48e1__8: dsp48e1
reg__65: reg__65
reg__24: reg__24
reg__80: reg__80
dsp48e1__24: dsp48e1
case__28: case__28
rom__19: rom__19
muxpart__19: muxpart__19
case__19: case__19
dsp48e1__22: dsp48e1
reg__62: reg__62
logic__43: logic__43
reg__74: reg__74
reg__72: reg__72
dsp48e1__27: dsp48e1
reg__52: reg__52
mac: mac
mac__23: mac
muxpart__28_rom_fire4_squeeze: muxpart__28_rom_fire4_squeeze
rom__14: rom__14
reg__88: reg__88
logic__26: logic__26
muxpart__33: muxpart__33
muxpart__25: muxpart__25
reg__35: reg__35
reg__97: reg__97
reg__34: reg__34
rom_fire4_squeeze__GB20: rom_fire4_squeeze__GB20
mac__2: mac
keep: keep
rom__8: rom__8
datapath__19: datapath__19
reg__27: reg__27
logic__34: logic__34
reg__51: reg__51
muxpart__16_rom_fire4_squeeze: muxpart__16_rom_fire4_squeeze
reg__101: reg__101
case__21: case__21
case__4: case__4
rom__18: rom__18
reg__23: reg__23
mac__4: mac
case__16: case__16
logic__48: logic__48
reg__59: reg__59
reg__16: reg__16
rom__2: rom__2
rom__20: rom__20
logic__20: logic__20
reg__17: reg__17
reg__33: reg__33
case__15: case__15
case__32: case__32
rom: rom
muxpart__15_rom_fire4_squeeze: muxpart__15_rom_fire4_squeeze
reg__32: reg__32
reg__5: reg__5
logic__27: logic__27
muxpart__10: muxpart__10
muxpart__17: muxpart__17
rom__15: rom__15
rom2_fire4_squeeze: rom2_fire4_squeeze
logic__41: logic__41
biasing_fire4_squeeze: biasing_fire4_squeeze
reg__84: reg__84
logic__47: logic__47
reg__42: reg__42
muxpart__3_rom_fire4_squeeze: muxpart__3_rom_fire4_squeeze
reg__64: reg__64
mac__20: mac
datapath__6: datapath__6
reg__78: reg__78
case__3: case__3
reg__4: reg__4
muxpart__5: muxpart__5
rom_fire4_squeeze__GB16: rom_fire4_squeeze__GB16
reg__61: reg__61
logic__57: logic__57
rom__24: rom__24
reg__103: reg__103
rom__11: rom__11
rom__29: rom__29
muxpart__13: muxpart__13
dsp48e1__31: dsp48e1
rom__3: rom__3
mac__13: mac
datapath__2: datapath__2
case__23: case__23
datapath__23: datapath__23
mac__19: mac
reg__37: reg__37
rom__26: rom__26
case__22: case__22
mac__11: mac
reg__50: reg__50
reg__70: reg__70
datapath__28: datapath__28
reg__102: reg__102
logic__32: logic__32
case__26: case__26
case__14: case__14
reg__13: reg__13
datapath__20: datapath__20
reg__86: reg__86
mac__14: mac
rom_fire4_squeeze__GB10: rom_fire4_squeeze__GB10
datapath__11: datapath__11
reg__95: reg__95
reg__58: reg__58
logic__21: logic__21
logic__30: logic__30
dsp48e1__23: dsp48e1
reg__21: reg__21
case__25: case__25
rom__25: rom__25
rom_fire4_squeeze__GB4: rom_fire4_squeeze__GB4
reg__57: reg__57
reg__48: reg__48
logic__51: logic__51
mac__12: mac
rom__30: rom__30
datapath__1: datapath__1
case__7: case__7
case__1: case__1
logic__38: logic__38
dsp48e1__26: dsp48e1
logic__56: logic__56
reg__41: reg__41
reg__93: reg__93
logic__3: logic__3
rom__27: rom__27
rom_fire4_squeeze__GB5: rom_fire4_squeeze__GB5
rom__1: rom__1
datapath__14: datapath__14
dsp48e1__19: dsp48e1
muxpart__1: muxpart__1
fire4_squeeze__GC0: fire4_squeeze__GC0
reg__7: reg__7
muxpart__27_rom_fire4_squeeze: muxpart__27_rom_fire4_squeeze
mac__5: mac
datapath__3: datapath__3
case__29: case__29
muxpart__31: muxpart__31
reg__9: reg__9
logic__28: logic__28
logic: logic
datapath__25: datapath__25
reg__82: reg__82
muxpart__8_rom_fire4_squeeze: muxpart__8_rom_fire4_squeeze
datapath__34: datapath__34
case__12: case__12
rom__31: rom__31
reg__25: reg__25
dsp48e1__30: dsp48e1
muxpart__6: muxpart__6
datapath__10: datapath__10
dsp48e1__21: dsp48e1
mac__26: mac
counter__1: counter__1
logic__11: logic__11
mac__31: mac
case__13: case__13
logic__52: logic__52
reg__49: reg__49
datapath__5: datapath__5
mac__30: mac
logic__40: logic__40
datapath__26: datapath__26
reg__10: reg__10
reg: reg
reg__39: reg__39
reg__75: reg__75
dsp48e1__6: dsp48e1
datapath__18: datapath__18
keep__1: keep__1
reg__89: reg__89
reg__15: reg__15
reg__98: reg__98
reg__73: reg__73
rom_fire4_squeeze__GB17: rom_fire4_squeeze__GB17
rom_fire4_squeeze__GB0: rom_fire4_squeeze__GB0
dsp48e1__12: dsp48e1
dsp48e1__18: dsp48e1
muxpart__11_rom_fire4_squeeze: muxpart__11_rom_fire4_squeeze
mac__8: mac
reg__56: reg__56
logic__54: logic__54
reg__47: reg__47
reg__104: reg__104
rom__12: rom__12
datapath__29: datapath__29
mac__3: mac
case__18: case__18
datapath__21: datapath__21
case__5: case__5
reg__40: reg__40
datapath__4: datapath__4
case__11: case__11
dsp48e1__25: dsp48e1
case: case
case__27: case__27
datapath__9: datapath__9
mac__27: mac
reg__45: reg__45
dsp48e1__11: dsp48e1
logic__37: logic__37
muxpart__14: muxpart__14
rom_fire4_squeeze__GB21: rom_fire4_squeeze__GB21
mac__10: mac
reg__91: reg__91
rom_fire4_squeeze__GB3: rom_fire4_squeeze__GB3
mac__24: mac
datapath__33: datapath__33
dsp48e1__5: dsp48e1
reg__85: reg__85
reg__26: reg__26
dsp48e1__20: dsp48e1
logic__53: logic__53
reg__20: reg__20
logic__39: logic__39
datapath__12: datapath__12
logic__46: logic__46
rom_fire4_squeeze__GB13: rom_fire4_squeeze__GB13
reg__100: reg__100
dsp48e1__14: dsp48e1
muxpart__4: muxpart__4
muxpart__12: muxpart__12
muxpart__30: muxpart__30
muxpart__23: muxpart__23
reg__79: reg__79
