Copyright 1986-2018 Xilinx, Inc. All Rights Reserved.
-------------------------------------------------------------------------------------
| Tool Version : Vivado v.2018.3 (lin64) Build 2405991 Thu Dec  6 23:36:41 MST 2018
| Date         : Fri Feb 28 21:56:25 2020
| Host         : GCS running 64-bit Ubuntu 18.04.4 LTS
| Command      : report_utilization -hierarchical -file hierarchical_utilization.rpt
| Design       : fire8_expand3
| Device       : 7vx690tffg1157-3
| Design State : Synthesized
-------------------------------------------------------------------------------------

Utilization Design Information

Table of Contents
-----------------
1. Utilization by Hierarchy

1. Utilization by Hierarchy
---------------------------

+--------------------+--------+------------+------------+---------+------+------+--------+--------+--------------+
|      Instance      | Module | Total LUTs | Logic LUTs | LUTRAMs | SRLs |  FFs | RAMB36 | RAMB18 | DSP48 Blocks |
+--------------------+--------+------------+------------+---------+------+------+--------+--------+--------------+
| fire8_expand3      |  (top) |       3519 |       3519 |       0 |    0 | 3400 |      0 |      0 |            1 |
|   (fire8_expand3)  |  (top) |        238 |        238 |       0 |    0 | 3400 |      0 |      0 |            0 |
|   genblk1[0].mac_i |    mac |       3281 |       3281 |       0 |    0 |    0 |      0 |      0 |            1 |
+--------------------+--------+------------+------------+---------+------+------+--------+--------+--------------+


