Copyright 1986-2018 Xilinx, Inc. All Rights Reserved.
-------------------------------------------------------------------------------------
| Tool Version : Vivado v.2018.3 (lin64) Build 2405991 Thu Dec  6 23:36:41 MST 2018
| Date         : Mon Mar  9 14:16:49 2020
| Host         : GCS running 64-bit Ubuntu 18.04.4 LTS
| Command      : report_utilization -hierarchical -file hierarchical_utilization.rpt
| Design       : fire9_expand3
| Device       : 7vx690tffg1157-3
| Design State : Synthesized
-------------------------------------------------------------------------------------

Utilization Design Information

Table of Contents
-----------------
1. Utilization by Hierarchy

1. Utilization by Hierarchy
---------------------------

+----------------------+-------------------+------------+------------+---------+------+------+--------+--------+--------------+
|       Instance       |       Module      | Total LUTs | Logic LUTs | LUTRAMs | SRLs |  FFs | RAMB36 | RAMB18 | DSP48 Blocks |
+----------------------+-------------------+------------+------------+---------+------+------+--------+--------+--------------+
| fire9_expand3        |             (top) |       1692 |       1692 |       0 |    0 | 5958 |      0 |    368 |          368 |
|   (fire9_expand3)    |             (top) |         26 |         26 |       0 |    0 | 5958 |      0 |      0 |            0 |
|   genblk1[0].mac_i   |               mac |          4 |          4 |       0 |    0 |    0 |      0 |      0 |            1 |
|   genblk1[100].mac_i |             mac_0 |          5 |          5 |       0 |    0 |    0 |      0 |      0 |            1 |
|   genblk1[101].mac_i |             mac_1 |          5 |          5 |       0 |    0 |    0 |      0 |      0 |            1 |
|   genblk1[102].mac_i |             mac_2 |          5 |          5 |       0 |    0 |    0 |      0 |      0 |            1 |
|   genblk1[103].mac_i |             mac_3 |          5 |          5 |       0 |    0 |    0 |      0 |      0 |            1 |
|   genblk1[104].mac_i |             mac_4 |          7 |          7 |       0 |    0 |    0 |      0 |      0 |            1 |
|   genblk1[105].mac_i |             mac_5 |          5 |          5 |       0 |    0 |    0 |      0 |      0 |            1 |
|   genblk1[106].mac_i |             mac_6 |          4 |          4 |       0 |    0 |    0 |      0 |      0 |            1 |
|   genblk1[107].mac_i |             mac_7 |          3 |          3 |       0 |    0 |    0 |      0 |      0 |            1 |
|   genblk1[108].mac_i |             mac_8 |          3 |          3 |       0 |    0 |    0 |      0 |      0 |            1 |
|   genblk1[109].mac_i |             mac_9 |          4 |          4 |       0 |    0 |    0 |      0 |      0 |            1 |
|   genblk1[10].mac_i  |            mac_10 |          5 |          5 |       0 |    0 |    0 |      0 |      0 |            1 |
|   genblk1[110].mac_i |            mac_11 |          4 |          4 |       0 |    0 |    0 |      0 |      0 |            1 |
|   genblk1[111].mac_i |            mac_12 |          4 |          4 |       0 |    0 |    0 |      0 |      0 |            1 |
|   genblk1[112].mac_i |            mac_13 |          4 |          4 |       0 |    0 |    0 |      0 |      0 |            1 |
|   genblk1[113].mac_i |            mac_14 |          3 |          3 |       0 |    0 |    0 |      0 |      0 |            1 |
|   genblk1[114].mac_i |            mac_15 |          5 |          5 |       0 |    0 |    0 |      0 |      0 |            1 |
|   genblk1[115].mac_i |            mac_16 |          4 |          4 |       0 |    0 |    0 |      0 |      0 |            1 |
|   genblk1[116].mac_i |            mac_17 |          3 |          3 |       0 |    0 |    0 |      0 |      0 |            1 |
|   genblk1[117].mac_i |            mac_18 |          6 |          6 |       0 |    0 |    0 |      0 |      0 |            1 |
|   genblk1[118].mac_i |            mac_19 |          4 |          4 |       0 |    0 |    0 |      0 |      0 |            1 |
|   genblk1[119].mac_i |            mac_20 |          5 |          5 |       0 |    0 |    0 |      0 |      0 |            1 |
|   genblk1[11].mac_i  |            mac_21 |          5 |          5 |       0 |    0 |    0 |      0 |      0 |            1 |
|   genblk1[120].mac_i |            mac_22 |          5 |          5 |       0 |    0 |    0 |      0 |      0 |            1 |
|   genblk1[121].mac_i |            mac_23 |          5 |          5 |       0 |    0 |    0 |      0 |      0 |            1 |
|   genblk1[122].mac_i |            mac_24 |          4 |          4 |       0 |    0 |    0 |      0 |      0 |            1 |
|   genblk1[123].mac_i |            mac_25 |          7 |          7 |       0 |    0 |    0 |      0 |      0 |            1 |
|   genblk1[124].mac_i |            mac_26 |          6 |          6 |       0 |    0 |    0 |      0 |      0 |            1 |
|   genblk1[125].mac_i |            mac_27 |          6 |          6 |       0 |    0 |    0 |      0 |      0 |            1 |
|   genblk1[126].mac_i |            mac_28 |          7 |          7 |       0 |    0 |    0 |      0 |      0 |            1 |
|   genblk1[127].mac_i |            mac_29 |          5 |          5 |       0 |    0 |    0 |      0 |      0 |            1 |
|   genblk1[128].mac_i |            mac_30 |          3 |          3 |       0 |    0 |    0 |      0 |      0 |            1 |
|   genblk1[129].mac_i |            mac_31 |          5 |          5 |       0 |    0 |    0 |      0 |      0 |            1 |
|   genblk1[12].mac_i  |            mac_32 |          5 |          5 |       0 |    0 |    0 |      0 |      0 |            1 |
|   genblk1[130].mac_i |            mac_33 |          7 |          7 |       0 |    0 |    0 |      0 |      0 |            1 |
|   genblk1[131].mac_i |            mac_34 |          5 |          5 |       0 |    0 |    0 |      0 |      0 |            1 |
|   genblk1[132].mac_i |            mac_35 |          3 |          3 |       0 |    0 |    0 |      0 |      0 |            1 |
|   genblk1[133].mac_i |            mac_36 |          4 |          4 |       0 |    0 |    0 |      0 |      0 |            1 |
|   genblk1[134].mac_i |            mac_37 |          4 |          4 |       0 |    0 |    0 |      0 |      0 |            1 |
|   genblk1[135].mac_i |            mac_38 |          3 |          3 |       0 |    0 |    0 |      0 |      0 |            1 |
|   genblk1[136].mac_i |            mac_39 |          5 |          5 |       0 |    0 |    0 |      0 |      0 |            1 |
|   genblk1[137].mac_i |            mac_40 |          4 |          4 |       0 |    0 |    0 |      0 |      0 |            1 |
|   genblk1[138].mac_i |            mac_41 |          4 |          4 |       0 |    0 |    0 |      0 |      0 |            1 |
|   genblk1[139].mac_i |            mac_42 |          4 |          4 |       0 |    0 |    0 |      0 |      0 |            1 |
|   genblk1[13].mac_i  |            mac_43 |          4 |          4 |       0 |    0 |    0 |      0 |      0 |            1 |
|   genblk1[140].mac_i |            mac_44 |          2 |          2 |       0 |    0 |    0 |      0 |      0 |            1 |
|   genblk1[141].mac_i |            mac_45 |          5 |          5 |       0 |    0 |    0 |      0 |      0 |            1 |
|   genblk1[142].mac_i |            mac_46 |          5 |          5 |       0 |    0 |    0 |      0 |      0 |            1 |
|   genblk1[143].mac_i |            mac_47 |          2 |          2 |       0 |    0 |    0 |      0 |      0 |            1 |
|   genblk1[144].mac_i |            mac_48 |          3 |          3 |       0 |    0 |    0 |      0 |      0 |            1 |
|   genblk1[145].mac_i |            mac_49 |          5 |          5 |       0 |    0 |    0 |      0 |      0 |            1 |
|   genblk1[146].mac_i |            mac_50 |          4 |          4 |       0 |    0 |    0 |      0 |      0 |            1 |
|   genblk1[147].mac_i |            mac_51 |          4 |          4 |       0 |    0 |    0 |      0 |      0 |            1 |
|   genblk1[148].mac_i |            mac_52 |          5 |          5 |       0 |    0 |    0 |      0 |      0 |            1 |
|   genblk1[149].mac_i |            mac_53 |          7 |          7 |       0 |    0 |    0 |      0 |      0 |            1 |
|   genblk1[14].mac_i  |            mac_54 |          4 |          4 |       0 |    0 |    0 |      0 |      0 |            1 |
|   genblk1[150].mac_i |            mac_55 |          5 |          5 |       0 |    0 |    0 |      0 |      0 |            1 |
|   genblk1[151].mac_i |            mac_56 |          5 |          5 |       0 |    0 |    0 |      0 |      0 |            1 |
|   genblk1[152].mac_i |            mac_57 |          4 |          4 |       0 |    0 |    0 |      0 |      0 |            1 |
|   genblk1[153].mac_i |            mac_58 |          4 |          4 |       0 |    0 |    0 |      0 |      0 |            1 |
|   genblk1[154].mac_i |            mac_59 |          4 |          4 |       0 |    0 |    0 |      0 |      0 |            1 |
|   genblk1[155].mac_i |            mac_60 |          4 |          4 |       0 |    0 |    0 |      0 |      0 |            1 |
|   genblk1[156].mac_i |            mac_61 |          5 |          5 |       0 |    0 |    0 |      0 |      0 |            1 |
|   genblk1[157].mac_i |            mac_62 |          6 |          6 |       0 |    0 |    0 |      0 |      0 |            1 |
|   genblk1[158].mac_i |            mac_63 |          3 |          3 |       0 |    0 |    0 |      0 |      0 |            1 |
|   genblk1[159].mac_i |            mac_64 |          5 |          5 |       0 |    0 |    0 |      0 |      0 |            1 |
|   genblk1[15].mac_i  |            mac_65 |          6 |          6 |       0 |    0 |    0 |      0 |      0 |            1 |
|   genblk1[160].mac_i |            mac_66 |          4 |          4 |       0 |    0 |    0 |      0 |      0 |            1 |
|   genblk1[161].mac_i |            mac_67 |          4 |          4 |       0 |    0 |    0 |      0 |      0 |            1 |
|   genblk1[162].mac_i |            mac_68 |          4 |          4 |       0 |    0 |    0 |      0 |      0 |            1 |
|   genblk1[163].mac_i |            mac_69 |          5 |          5 |       0 |    0 |    0 |      0 |      0 |            1 |
|   genblk1[164].mac_i |            mac_70 |          6 |          6 |       0 |    0 |    0 |      0 |      0 |            1 |
|   genblk1[165].mac_i |            mac_71 |          4 |          4 |       0 |    0 |    0 |      0 |      0 |            1 |
|   genblk1[166].mac_i |            mac_72 |          5 |          5 |       0 |    0 |    0 |      0 |      0 |            1 |
|   genblk1[167].mac_i |            mac_73 |          5 |          5 |       0 |    0 |    0 |      0 |      0 |            1 |
|   genblk1[168].mac_i |            mac_74 |          5 |          5 |       0 |    0 |    0 |      0 |      0 |            1 |
|   genblk1[169].mac_i |            mac_75 |          5 |          5 |       0 |    0 |    0 |      0 |      0 |            1 |
|   genblk1[16].mac_i  |            mac_76 |          5 |          5 |       0 |    0 |    0 |      0 |      0 |            1 |
|   genblk1[170].mac_i |            mac_77 |          6 |          6 |       0 |    0 |    0 |      0 |      0 |            1 |
|   genblk1[171].mac_i |            mac_78 |          6 |          6 |       0 |    0 |    0 |      0 |      0 |            1 |
|   genblk1[172].mac_i |            mac_79 |          5 |          5 |       0 |    0 |    0 |      0 |      0 |            1 |
|   genblk1[173].mac_i |            mac_80 |          6 |          6 |       0 |    0 |    0 |      0 |      0 |            1 |
|   genblk1[174].mac_i |            mac_81 |          5 |          5 |       0 |    0 |    0 |      0 |      0 |            1 |
|   genblk1[175].mac_i |            mac_82 |          6 |          6 |       0 |    0 |    0 |      0 |      0 |            1 |
|   genblk1[176].mac_i |            mac_83 |          4 |          4 |       0 |    0 |    0 |      0 |      0 |            1 |
|   genblk1[177].mac_i |            mac_84 |          4 |          4 |       0 |    0 |    0 |      0 |      0 |            1 |
|   genblk1[178].mac_i |            mac_85 |          4 |          4 |       0 |    0 |    0 |      0 |      0 |            1 |
|   genblk1[179].mac_i |            mac_86 |          5 |          5 |       0 |    0 |    0 |      0 |      0 |            1 |
|   genblk1[17].mac_i  |            mac_87 |          3 |          3 |       0 |    0 |    0 |      0 |      0 |            1 |
|   genblk1[180].mac_i |            mac_88 |          5 |          5 |       0 |    0 |    0 |      0 |      0 |            1 |
|   genblk1[181].mac_i |            mac_89 |          6 |          6 |       0 |    0 |    0 |      0 |      0 |            1 |
|   genblk1[182].mac_i |            mac_90 |          3 |          3 |       0 |    0 |    0 |      0 |      0 |            1 |
|   genblk1[183].mac_i |            mac_91 |          5 |          5 |       0 |    0 |    0 |      0 |      0 |            1 |
|   genblk1[184].mac_i |            mac_92 |          6 |          6 |       0 |    0 |    0 |      0 |      0 |            1 |
|   genblk1[185].mac_i |            mac_93 |          5 |          5 |       0 |    0 |    0 |      0 |      0 |            1 |
|   genblk1[186].mac_i |            mac_94 |          3 |          3 |       0 |    0 |    0 |      0 |      0 |            1 |
|   genblk1[187].mac_i |            mac_95 |          5 |          5 |       0 |    0 |    0 |      0 |      0 |            1 |
|   genblk1[188].mac_i |            mac_96 |          5 |          5 |       0 |    0 |    0 |      0 |      0 |            1 |
|   genblk1[189].mac_i |            mac_97 |          6 |          6 |       0 |    0 |    0 |      0 |      0 |            1 |
|   genblk1[18].mac_i  |            mac_98 |          4 |          4 |       0 |    0 |    0 |      0 |      0 |            1 |
|   genblk1[190].mac_i |            mac_99 |          5 |          5 |       0 |    0 |    0 |      0 |      0 |            1 |
|   genblk1[191].mac_i |           mac_100 |          6 |          6 |       0 |    0 |    0 |      0 |      0 |            1 |
|   genblk1[192].mac_i |           mac_101 |          2 |          2 |       0 |    0 |    0 |      0 |      0 |            1 |
|   genblk1[193].mac_i |           mac_102 |          5 |          5 |       0 |    0 |    0 |      0 |      0 |            1 |
|   genblk1[194].mac_i |           mac_103 |          3 |          3 |       0 |    0 |    0 |      0 |      0 |            1 |
|   genblk1[195].mac_i |           mac_104 |          5 |          5 |       0 |    0 |    0 |      0 |      0 |            1 |
|   genblk1[196].mac_i |           mac_105 |          4 |          4 |       0 |    0 |    0 |      0 |      0 |            1 |
|   genblk1[197].mac_i |           mac_106 |          6 |          6 |       0 |    0 |    0 |      0 |      0 |            1 |
|   genblk1[198].mac_i |           mac_107 |          3 |          3 |       0 |    0 |    0 |      0 |      0 |            1 |
|   genblk1[199].mac_i |           mac_108 |          4 |          4 |       0 |    0 |    0 |      0 |      0 |            1 |
|   genblk1[19].mac_i  |           mac_109 |          6 |          6 |       0 |    0 |    0 |      0 |      0 |            1 |
|   genblk1[1].mac_i   |           mac_110 |          4 |          4 |       0 |    0 |    0 |      0 |      0 |            1 |
|   genblk1[200].mac_i |           mac_111 |          3 |          3 |       0 |    0 |    0 |      0 |      0 |            1 |
|   genblk1[201].mac_i |           mac_112 |          4 |          4 |       0 |    0 |    0 |      0 |      0 |            1 |
|   genblk1[202].mac_i |           mac_113 |          3 |          3 |       0 |    0 |    0 |      0 |      0 |            1 |
|   genblk1[203].mac_i |           mac_114 |          4 |          4 |       0 |    0 |    0 |      0 |      0 |            1 |
|   genblk1[204].mac_i |           mac_115 |          3 |          3 |       0 |    0 |    0 |      0 |      0 |            1 |
|   genblk1[205].mac_i |           mac_116 |          4 |          4 |       0 |    0 |    0 |      0 |      0 |            1 |
|   genblk1[206].mac_i |           mac_117 |          3 |          3 |       0 |    0 |    0 |      0 |      0 |            1 |
|   genblk1[207].mac_i |           mac_118 |          5 |          5 |       0 |    0 |    0 |      0 |      0 |            1 |
|   genblk1[208].mac_i |           mac_119 |          5 |          5 |       0 |    0 |    0 |      0 |      0 |            1 |
|   genblk1[209].mac_i |           mac_120 |          5 |          5 |       0 |    0 |    0 |      0 |      0 |            1 |
|   genblk1[20].mac_i  |           mac_121 |          3 |          3 |       0 |    0 |    0 |      0 |      0 |            1 |
|   genblk1[210].mac_i |           mac_122 |          5 |          5 |       0 |    0 |    0 |      0 |      0 |            1 |
|   genblk1[211].mac_i |           mac_123 |          5 |          5 |       0 |    0 |    0 |      0 |      0 |            1 |
|   genblk1[212].mac_i |           mac_124 |          4 |          4 |       0 |    0 |    0 |      0 |      0 |            1 |
|   genblk1[213].mac_i |           mac_125 |          4 |          4 |       0 |    0 |    0 |      0 |      0 |            1 |
|   genblk1[214].mac_i |           mac_126 |          4 |          4 |       0 |    0 |    0 |      0 |      0 |            1 |
|   genblk1[215].mac_i |           mac_127 |          5 |          5 |       0 |    0 |    0 |      0 |      0 |            1 |
|   genblk1[216].mac_i |           mac_128 |          5 |          5 |       0 |    0 |    0 |      0 |      0 |            1 |
|   genblk1[217].mac_i |           mac_129 |          7 |          7 |       0 |    0 |    0 |      0 |      0 |            1 |
|   genblk1[218].mac_i |           mac_130 |          3 |          3 |       0 |    0 |    0 |      0 |      0 |            1 |
|   genblk1[219].mac_i |           mac_131 |          4 |          4 |       0 |    0 |    0 |      0 |      0 |            1 |
|   genblk1[21].mac_i  |           mac_132 |          5 |          5 |       0 |    0 |    0 |      0 |      0 |            1 |
|   genblk1[220].mac_i |           mac_133 |          6 |          6 |       0 |    0 |    0 |      0 |      0 |            1 |
|   genblk1[221].mac_i |           mac_134 |          3 |          3 |       0 |    0 |    0 |      0 |      0 |            1 |
|   genblk1[222].mac_i |           mac_135 |          6 |          6 |       0 |    0 |    0 |      0 |      0 |            1 |
|   genblk1[223].mac_i |           mac_136 |          4 |          4 |       0 |    0 |    0 |      0 |      0 |            1 |
|   genblk1[224].mac_i |           mac_137 |          4 |          4 |       0 |    0 |    0 |      0 |      0 |            1 |
|   genblk1[225].mac_i |           mac_138 |          3 |          3 |       0 |    0 |    0 |      0 |      0 |            1 |
|   genblk1[226].mac_i |           mac_139 |          5 |          5 |       0 |    0 |    0 |      0 |      0 |            1 |
|   genblk1[227].mac_i |           mac_140 |          5 |          5 |       0 |    0 |    0 |      0 |      0 |            1 |
|   genblk1[228].mac_i |           mac_141 |          5 |          5 |       0 |    0 |    0 |      0 |      0 |            1 |
|   genblk1[229].mac_i |           mac_142 |          3 |          3 |       0 |    0 |    0 |      0 |      0 |            1 |
|   genblk1[22].mac_i  |           mac_143 |          3 |          3 |       0 |    0 |    0 |      0 |      0 |            1 |
|   genblk1[230].mac_i |           mac_144 |          5 |          5 |       0 |    0 |    0 |      0 |      0 |            1 |
|   genblk1[231].mac_i |           mac_145 |          4 |          4 |       0 |    0 |    0 |      0 |      0 |            1 |
|   genblk1[232].mac_i |           mac_146 |          6 |          6 |       0 |    0 |    0 |      0 |      0 |            1 |
|   genblk1[233].mac_i |           mac_147 |          6 |          6 |       0 |    0 |    0 |      0 |      0 |            1 |
|   genblk1[234].mac_i |           mac_148 |          5 |          5 |       0 |    0 |    0 |      0 |      0 |            1 |
|   genblk1[235].mac_i |           mac_149 |          6 |          6 |       0 |    0 |    0 |      0 |      0 |            1 |
|   genblk1[236].mac_i |           mac_150 |          6 |          6 |       0 |    0 |    0 |      0 |      0 |            1 |
|   genblk1[237].mac_i |           mac_151 |          3 |          3 |       0 |    0 |    0 |      0 |      0 |            1 |
|   genblk1[238].mac_i |           mac_152 |          4 |          4 |       0 |    0 |    0 |      0 |      0 |            1 |
|   genblk1[239].mac_i |           mac_153 |          6 |          6 |       0 |    0 |    0 |      0 |      0 |            1 |
|   genblk1[23].mac_i  |           mac_154 |          4 |          4 |       0 |    0 |    0 |      0 |      0 |            1 |
|   genblk1[240].mac_i |           mac_155 |          5 |          5 |       0 |    0 |    0 |      0 |      0 |            1 |
|   genblk1[241].mac_i |           mac_156 |          2 |          2 |       0 |    0 |    0 |      0 |      0 |            1 |
|   genblk1[242].mac_i |           mac_157 |          3 |          3 |       0 |    0 |    0 |      0 |      0 |            1 |
|   genblk1[243].mac_i |           mac_158 |          5 |          5 |       0 |    0 |    0 |      0 |      0 |            1 |
|   genblk1[244].mac_i |           mac_159 |          2 |          2 |       0 |    0 |    0 |      0 |      0 |            1 |
|   genblk1[245].mac_i |           mac_160 |          5 |          5 |       0 |    0 |    0 |      0 |      0 |            1 |
|   genblk1[246].mac_i |           mac_161 |          4 |          4 |       0 |    0 |    0 |      0 |      0 |            1 |
|   genblk1[247].mac_i |           mac_162 |          5 |          5 |       0 |    0 |    0 |      0 |      0 |            1 |
|   genblk1[248].mac_i |           mac_163 |          3 |          3 |       0 |    0 |    0 |      0 |      0 |            1 |
|   genblk1[249].mac_i |           mac_164 |          5 |          5 |       0 |    0 |    0 |      0 |      0 |            1 |
|   genblk1[24].mac_i  |           mac_165 |          3 |          3 |       0 |    0 |    0 |      0 |      0 |            1 |
|   genblk1[250].mac_i |           mac_166 |          4 |          4 |       0 |    0 |    0 |      0 |      0 |            1 |
|   genblk1[251].mac_i |           mac_167 |          4 |          4 |       0 |    0 |    0 |      0 |      0 |            1 |
|   genblk1[252].mac_i |           mac_168 |          3 |          3 |       0 |    0 |    0 |      0 |      0 |            1 |
|   genblk1[253].mac_i |           mac_169 |          5 |          5 |       0 |    0 |    0 |      0 |      0 |            1 |
|   genblk1[254].mac_i |           mac_170 |          5 |          5 |       0 |    0 |    0 |      0 |      0 |            1 |
|   genblk1[255].mac_i |           mac_171 |          3 |          3 |       0 |    0 |    0 |      0 |      0 |            1 |
|   genblk1[256].mac_i |           mac_172 |          5 |          5 |       0 |    0 |    0 |      0 |      0 |            1 |
|   genblk1[257].mac_i |           mac_173 |          5 |          5 |       0 |    0 |    0 |      0 |      0 |            1 |
|   genblk1[258].mac_i |           mac_174 |          5 |          5 |       0 |    0 |    0 |      0 |      0 |            1 |
|   genblk1[259].mac_i |           mac_175 |          3 |          3 |       0 |    0 |    0 |      0 |      0 |            1 |
|   genblk1[25].mac_i  |           mac_176 |          5 |          5 |       0 |    0 |    0 |      0 |      0 |            1 |
|   genblk1[260].mac_i |           mac_177 |          6 |          6 |       0 |    0 |    0 |      0 |      0 |            1 |
|   genblk1[261].mac_i |           mac_178 |          4 |          4 |       0 |    0 |    0 |      0 |      0 |            1 |
|   genblk1[262].mac_i |           mac_179 |          6 |          6 |       0 |    0 |    0 |      0 |      0 |            1 |
|   genblk1[263].mac_i |           mac_180 |          4 |          4 |       0 |    0 |    0 |      0 |      0 |            1 |
|   genblk1[264].mac_i |           mac_181 |          5 |          5 |       0 |    0 |    0 |      0 |      0 |            1 |
|   genblk1[265].mac_i |           mac_182 |          5 |          5 |       0 |    0 |    0 |      0 |      0 |            1 |
|   genblk1[266].mac_i |           mac_183 |          5 |          5 |       0 |    0 |    0 |      0 |      0 |            1 |
|   genblk1[267].mac_i |           mac_184 |          5 |          5 |       0 |    0 |    0 |      0 |      0 |            1 |
|   genblk1[268].mac_i |           mac_185 |          4 |          4 |       0 |    0 |    0 |      0 |      0 |            1 |
|   genblk1[269].mac_i |           mac_186 |          2 |          2 |       0 |    0 |    0 |      0 |      0 |            1 |
|   genblk1[26].mac_i  |           mac_187 |          5 |          5 |       0 |    0 |    0 |      0 |      0 |            1 |
|   genblk1[270].mac_i |           mac_188 |          3 |          3 |       0 |    0 |    0 |      0 |      0 |            1 |
|   genblk1[271].mac_i |           mac_189 |          4 |          4 |       0 |    0 |    0 |      0 |      0 |            1 |
|   genblk1[272].mac_i |           mac_190 |          5 |          5 |       0 |    0 |    0 |      0 |      0 |            1 |
|   genblk1[273].mac_i |           mac_191 |          5 |          5 |       0 |    0 |    0 |      0 |      0 |            1 |
|   genblk1[274].mac_i |           mac_192 |          5 |          5 |       0 |    0 |    0 |      0 |      0 |            1 |
|   genblk1[275].mac_i |           mac_193 |          4 |          4 |       0 |    0 |    0 |      0 |      0 |            1 |
|   genblk1[276].mac_i |           mac_194 |          3 |          3 |       0 |    0 |    0 |      0 |      0 |            1 |
|   genblk1[277].mac_i |           mac_195 |          4 |          4 |       0 |    0 |    0 |      0 |      0 |            1 |
|   genblk1[278].mac_i |           mac_196 |          4 |          4 |       0 |    0 |    0 |      0 |      0 |            1 |
|   genblk1[279].mac_i |           mac_197 |          3 |          3 |       0 |    0 |    0 |      0 |      0 |            1 |
|   genblk1[27].mac_i  |           mac_198 |          5 |          5 |       0 |    0 |    0 |      0 |      0 |            1 |
|   genblk1[280].mac_i |           mac_199 |          5 |          5 |       0 |    0 |    0 |      0 |      0 |            1 |
|   genblk1[281].mac_i |           mac_200 |          4 |          4 |       0 |    0 |    0 |      0 |      0 |            1 |
|   genblk1[282].mac_i |           mac_201 |          5 |          5 |       0 |    0 |    0 |      0 |      0 |            1 |
|   genblk1[283].mac_i |           mac_202 |          3 |          3 |       0 |    0 |    0 |      0 |      0 |            1 |
|   genblk1[284].mac_i |           mac_203 |          3 |          3 |       0 |    0 |    0 |      0 |      0 |            1 |
|   genblk1[285].mac_i |           mac_204 |          4 |          4 |       0 |    0 |    0 |      0 |      0 |            1 |
|   genblk1[286].mac_i |           mac_205 |          5 |          5 |       0 |    0 |    0 |      0 |      0 |            1 |
|   genblk1[287].mac_i |           mac_206 |         30 |         30 |       0 |    0 |    0 |      0 |      0 |            1 |
|   genblk1[288].mac_i |           mac_207 |          5 |          5 |       0 |    0 |    0 |      0 |      0 |            1 |
|   genblk1[289].mac_i |           mac_208 |          5 |          5 |       0 |    0 |    0 |      0 |      0 |            1 |
|   genblk1[28].mac_i  |           mac_209 |          3 |          3 |       0 |    0 |    0 |      0 |      0 |            1 |
|   genblk1[290].mac_i |           mac_210 |          4 |          4 |       0 |    0 |    0 |      0 |      0 |            1 |
|   genblk1[291].mac_i |           mac_211 |          4 |          4 |       0 |    0 |    0 |      0 |      0 |            1 |
|   genblk1[292].mac_i |           mac_212 |          3 |          3 |       0 |    0 |    0 |      0 |      0 |            1 |
|   genblk1[293].mac_i |           mac_213 |          3 |          3 |       0 |    0 |    0 |      0 |      0 |            1 |
|   genblk1[294].mac_i |           mac_214 |          4 |          4 |       0 |    0 |    0 |      0 |      0 |            1 |
|   genblk1[295].mac_i |           mac_215 |          4 |          4 |       0 |    0 |    0 |      0 |      0 |            1 |
|   genblk1[296].mac_i |           mac_216 |          3 |          3 |       0 |    0 |    0 |      0 |      0 |            1 |
|   genblk1[297].mac_i |           mac_217 |          5 |          5 |       0 |    0 |    0 |      0 |      0 |            1 |
|   genblk1[298].mac_i |           mac_218 |          4 |          4 |       0 |    0 |    0 |      0 |      0 |            1 |
|   genblk1[299].mac_i |           mac_219 |          5 |          5 |       0 |    0 |    0 |      0 |      0 |            1 |
|   genblk1[29].mac_i  |           mac_220 |          3 |          3 |       0 |    0 |    0 |      0 |      0 |            1 |
|   genblk1[2].mac_i   |           mac_221 |          5 |          5 |       0 |    0 |    0 |      0 |      0 |            1 |
|   genblk1[300].mac_i |           mac_222 |          4 |          4 |       0 |    0 |    0 |      0 |      0 |            1 |
|   genblk1[301].mac_i |           mac_223 |          6 |          6 |       0 |    0 |    0 |      0 |      0 |            1 |
|   genblk1[302].mac_i |           mac_224 |          4 |          4 |       0 |    0 |    0 |      0 |      0 |            1 |
|   genblk1[303].mac_i |           mac_225 |          4 |          4 |       0 |    0 |    0 |      0 |      0 |            1 |
|   genblk1[304].mac_i |           mac_226 |          4 |          4 |       0 |    0 |    0 |      0 |      0 |            1 |
|   genblk1[305].mac_i |           mac_227 |          4 |          4 |       0 |    0 |    0 |      0 |      0 |            1 |
|   genblk1[306].mac_i |           mac_228 |          6 |          6 |       0 |    0 |    0 |      0 |      0 |            1 |
|   genblk1[307].mac_i |           mac_229 |         31 |         31 |       0 |    0 |    0 |      0 |      0 |            1 |
|   genblk1[308].mac_i |           mac_230 |          4 |          4 |       0 |    0 |    0 |      0 |      0 |            1 |
|   genblk1[309].mac_i |           mac_231 |          5 |          5 |       0 |    0 |    0 |      0 |      0 |            1 |
|   genblk1[30].mac_i  |           mac_232 |          4 |          4 |       0 |    0 |    0 |      0 |      0 |            1 |
|   genblk1[310].mac_i |           mac_233 |          4 |          4 |       0 |    0 |    0 |      0 |      0 |            1 |
|   genblk1[311].mac_i |           mac_234 |          6 |          6 |       0 |    0 |    0 |      0 |      0 |            1 |
|   genblk1[312].mac_i |           mac_235 |          5 |          5 |       0 |    0 |    0 |      0 |      0 |            1 |
|   genblk1[313].mac_i |           mac_236 |          3 |          3 |       0 |    0 |    0 |      0 |      0 |            1 |
|   genblk1[314].mac_i |           mac_237 |          5 |          5 |       0 |    0 |    0 |      0 |      0 |            1 |
|   genblk1[315].mac_i |           mac_238 |          5 |          5 |       0 |    0 |    0 |      0 |      0 |            1 |
|   genblk1[316].mac_i |           mac_239 |          4 |          4 |       0 |    0 |    0 |      0 |      0 |            1 |
|   genblk1[317].mac_i |           mac_240 |          3 |          3 |       0 |    0 |    0 |      0 |      0 |            1 |
|   genblk1[318].mac_i |           mac_241 |          5 |          5 |       0 |    0 |    0 |      0 |      0 |            1 |
|   genblk1[319].mac_i |           mac_242 |          4 |          4 |       0 |    0 |    0 |      0 |      0 |            1 |
|   genblk1[31].mac_i  |           mac_243 |          3 |          3 |       0 |    0 |    0 |      0 |      0 |            1 |
|   genblk1[320].mac_i |           mac_244 |          5 |          5 |       0 |    0 |    0 |      0 |      0 |            1 |
|   genblk1[321].mac_i |           mac_245 |          4 |          4 |       0 |    0 |    0 |      0 |      0 |            1 |
|   genblk1[322].mac_i |           mac_246 |          4 |          4 |       0 |    0 |    0 |      0 |      0 |            1 |
|   genblk1[323].mac_i |           mac_247 |          7 |          7 |       0 |    0 |    0 |      0 |      0 |            1 |
|   genblk1[324].mac_i |           mac_248 |          3 |          3 |       0 |    0 |    0 |      0 |      0 |            1 |
|   genblk1[325].mac_i |           mac_249 |          2 |          2 |       0 |    0 |    0 |      0 |      0 |            1 |
|   genblk1[326].mac_i |           mac_250 |          6 |          6 |       0 |    0 |    0 |      0 |      0 |            1 |
|   genblk1[327].mac_i |           mac_251 |          6 |          6 |       0 |    0 |    0 |      0 |      0 |            1 |
|   genblk1[328].mac_i |           mac_252 |          4 |          4 |       0 |    0 |    0 |      0 |      0 |            1 |
|   genblk1[329].mac_i |           mac_253 |          5 |          5 |       0 |    0 |    0 |      0 |      0 |            1 |
|   genblk1[32].mac_i  |           mac_254 |          5 |          5 |       0 |    0 |    0 |      0 |      0 |            1 |
|   genblk1[330].mac_i |           mac_255 |          4 |          4 |       0 |    0 |    0 |      0 |      0 |            1 |
|   genblk1[331].mac_i |           mac_256 |          5 |          5 |       0 |    0 |    0 |      0 |      0 |            1 |
|   genblk1[332].mac_i |           mac_257 |          4 |          4 |       0 |    0 |    0 |      0 |      0 |            1 |
|   genblk1[333].mac_i |           mac_258 |          4 |          4 |       0 |    0 |    0 |      0 |      0 |            1 |
|   genblk1[334].mac_i |           mac_259 |          3 |          3 |       0 |    0 |    0 |      0 |      0 |            1 |
|   genblk1[335].mac_i |           mac_260 |          6 |          6 |       0 |    0 |    0 |      0 |      0 |            1 |
|   genblk1[336].mac_i |           mac_261 |          2 |          2 |       0 |    0 |    0 |      0 |      0 |            1 |
|   genblk1[337].mac_i |           mac_262 |          5 |          5 |       0 |    0 |    0 |      0 |      0 |            1 |
|   genblk1[338].mac_i |           mac_263 |          5 |          5 |       0 |    0 |    0 |      0 |      0 |            1 |
|   genblk1[339].mac_i |           mac_264 |          4 |          4 |       0 |    0 |    0 |      0 |      0 |            1 |
|   genblk1[33].mac_i  |           mac_265 |          3 |          3 |       0 |    0 |    0 |      0 |      0 |            1 |
|   genblk1[340].mac_i |           mac_266 |          5 |          5 |       0 |    0 |    0 |      0 |      0 |            1 |
|   genblk1[341].mac_i |           mac_267 |          5 |          5 |       0 |    0 |    0 |      0 |      0 |            1 |
|   genblk1[342].mac_i |           mac_268 |          5 |          5 |       0 |    0 |    0 |      0 |      0 |            1 |
|   genblk1[343].mac_i |           mac_269 |          6 |          6 |       0 |    0 |    0 |      0 |      0 |            1 |
|   genblk1[344].mac_i |           mac_270 |          5 |          5 |       0 |    0 |    0 |      0 |      0 |            1 |
|   genblk1[345].mac_i |           mac_271 |          4 |          4 |       0 |    0 |    0 |      0 |      0 |            1 |
|   genblk1[346].mac_i |           mac_272 |          5 |          5 |       0 |    0 |    0 |      0 |      0 |            1 |
|   genblk1[347].mac_i |           mac_273 |          4 |          4 |       0 |    0 |    0 |      0 |      0 |            1 |
|   genblk1[348].mac_i |           mac_274 |          4 |          4 |       0 |    0 |    0 |      0 |      0 |            1 |
|   genblk1[349].mac_i |           mac_275 |          3 |          3 |       0 |    0 |    0 |      0 |      0 |            1 |
|   genblk1[34].mac_i  |           mac_276 |          4 |          4 |       0 |    0 |    0 |      0 |      0 |            1 |
|   genblk1[350].mac_i |           mac_277 |          5 |          5 |       0 |    0 |    0 |      0 |      0 |            1 |
|   genblk1[351].mac_i |           mac_278 |          3 |          3 |       0 |    0 |    0 |      0 |      0 |            1 |
|   genblk1[352].mac_i |           mac_279 |          4 |          4 |       0 |    0 |    0 |      0 |      0 |            1 |
|   genblk1[353].mac_i |           mac_280 |          4 |          4 |       0 |    0 |    0 |      0 |      0 |            1 |
|   genblk1[354].mac_i |           mac_281 |          6 |          6 |       0 |    0 |    0 |      0 |      0 |            1 |
|   genblk1[355].mac_i |           mac_282 |          4 |          4 |       0 |    0 |    0 |      0 |      0 |            1 |
|   genblk1[356].mac_i |           mac_283 |          6 |          6 |       0 |    0 |    0 |      0 |      0 |            1 |
|   genblk1[357].mac_i |           mac_284 |          4 |          4 |       0 |    0 |    0 |      0 |      0 |            1 |
|   genblk1[358].mac_i |           mac_285 |          4 |          4 |       0 |    0 |    0 |      0 |      0 |            1 |
|   genblk1[359].mac_i |           mac_286 |          5 |          5 |       0 |    0 |    0 |      0 |      0 |            1 |
|   genblk1[35].mac_i  |           mac_287 |          5 |          5 |       0 |    0 |    0 |      0 |      0 |            1 |
|   genblk1[360].mac_i |           mac_288 |          5 |          5 |       0 |    0 |    0 |      0 |      0 |            1 |
|   genblk1[361].mac_i |           mac_289 |          3 |          3 |       0 |    0 |    0 |      0 |      0 |            1 |
|   genblk1[362].mac_i |           mac_290 |          5 |          5 |       0 |    0 |    0 |      0 |      0 |            1 |
|   genblk1[363].mac_i |           mac_291 |          5 |          5 |       0 |    0 |    0 |      0 |      0 |            1 |
|   genblk1[364].mac_i |           mac_292 |          7 |          7 |       0 |    0 |    0 |      0 |      0 |            1 |
|   genblk1[365].mac_i |           mac_293 |          6 |          6 |       0 |    0 |    0 |      0 |      0 |            1 |
|   genblk1[366].mac_i |           mac_294 |          6 |          6 |       0 |    0 |    0 |      0 |      0 |            1 |
|   genblk1[367].mac_i |           mac_295 |          4 |          4 |       0 |    0 |    0 |      0 |      0 |            1 |
|   genblk1[36].mac_i  |           mac_296 |          6 |          6 |       0 |    0 |    0 |      0 |      0 |            1 |
|   genblk1[37].mac_i  |           mac_297 |          3 |          3 |       0 |    0 |    0 |      0 |      0 |            1 |
|   genblk1[38].mac_i  |           mac_298 |          7 |          7 |       0 |    0 |    0 |      0 |      0 |            1 |
|   genblk1[39].mac_i  |           mac_299 |          4 |          4 |       0 |    0 |    0 |      0 |      0 |            1 |
|   genblk1[3].mac_i   |           mac_300 |          5 |          5 |       0 |    0 |    0 |      0 |      0 |            1 |
|   genblk1[40].mac_i  |           mac_301 |          6 |          6 |       0 |    0 |    0 |      0 |      0 |            1 |
|   genblk1[41].mac_i  |           mac_302 |          5 |          5 |       0 |    0 |    0 |      0 |      0 |            1 |
|   genblk1[42].mac_i  |           mac_303 |          6 |          6 |       0 |    0 |    0 |      0 |      0 |            1 |
|   genblk1[43].mac_i  |           mac_304 |          6 |          6 |       0 |    0 |    0 |      0 |      0 |            1 |
|   genblk1[44].mac_i  |           mac_305 |          3 |          3 |       0 |    0 |    0 |      0 |      0 |            1 |
|   genblk1[45].mac_i  |           mac_306 |          4 |          4 |       0 |    0 |    0 |      0 |      0 |            1 |
|   genblk1[46].mac_i  |           mac_307 |          5 |          5 |       0 |    0 |    0 |      0 |      0 |            1 |
|   genblk1[47].mac_i  |           mac_308 |          2 |          2 |       0 |    0 |    0 |      0 |      0 |            1 |
|   genblk1[48].mac_i  |           mac_309 |          4 |          4 |       0 |    0 |    0 |      0 |      0 |            1 |
|   genblk1[49].mac_i  |           mac_310 |          4 |          4 |       0 |    0 |    0 |      0 |      0 |            1 |
|   genblk1[4].mac_i   |           mac_311 |          4 |          4 |       0 |    0 |    0 |      0 |      0 |            1 |
|   genblk1[50].mac_i  |           mac_312 |          4 |          4 |       0 |    0 |    0 |      0 |      0 |            1 |
|   genblk1[51].mac_i  |           mac_313 |          5 |          5 |       0 |    0 |    0 |      0 |      0 |            1 |
|   genblk1[52].mac_i  |           mac_314 |          2 |          2 |       0 |    0 |    0 |      0 |      0 |            1 |
|   genblk1[53].mac_i  |           mac_315 |          5 |          5 |       0 |    0 |    0 |      0 |      0 |            1 |
|   genblk1[54].mac_i  |           mac_316 |          4 |          4 |       0 |    0 |    0 |      0 |      0 |            1 |
|   genblk1[55].mac_i  |           mac_317 |          3 |          3 |       0 |    0 |    0 |      0 |      0 |            1 |
|   genblk1[56].mac_i  |           mac_318 |          3 |          3 |       0 |    0 |    0 |      0 |      0 |            1 |
|   genblk1[57].mac_i  |           mac_319 |          4 |          4 |       0 |    0 |    0 |      0 |      0 |            1 |
|   genblk1[58].mac_i  |           mac_320 |          4 |          4 |       0 |    0 |    0 |      0 |      0 |            1 |
|   genblk1[59].mac_i  |           mac_321 |          3 |          3 |       0 |    0 |    0 |      0 |      0 |            1 |
|   genblk1[5].mac_i   |           mac_322 |          6 |          6 |       0 |    0 |    0 |      0 |      0 |            1 |
|   genblk1[60].mac_i  |           mac_323 |          4 |          4 |       0 |    0 |    0 |      0 |      0 |            1 |
|   genblk1[61].mac_i  |           mac_324 |          4 |          4 |       0 |    0 |    0 |      0 |      0 |            1 |
|   genblk1[62].mac_i  |           mac_325 |          3 |          3 |       0 |    0 |    0 |      0 |      0 |            1 |
|   genblk1[63].mac_i  |           mac_326 |          4 |          4 |       0 |    0 |    0 |      0 |      0 |            1 |
|   genblk1[64].mac_i  |           mac_327 |          5 |          5 |       0 |    0 |    0 |      0 |      0 |            1 |
|   genblk1[65].mac_i  |           mac_328 |          3 |          3 |       0 |    0 |    0 |      0 |      0 |            1 |
|   genblk1[66].mac_i  |           mac_329 |          4 |          4 |       0 |    0 |    0 |      0 |      0 |            1 |
|   genblk1[67].mac_i  |           mac_330 |          4 |          4 |       0 |    0 |    0 |      0 |      0 |            1 |
|   genblk1[68].mac_i  |           mac_331 |          4 |          4 |       0 |    0 |    0 |      0 |      0 |            1 |
|   genblk1[69].mac_i  |           mac_332 |          5 |          5 |       0 |    0 |    0 |      0 |      0 |            1 |
|   genblk1[6].mac_i   |           mac_333 |          5 |          5 |       0 |    0 |    0 |      0 |      0 |            1 |
|   genblk1[70].mac_i  |           mac_334 |          2 |          2 |       0 |    0 |    0 |      0 |      0 |            1 |
|   genblk1[71].mac_i  |           mac_335 |          4 |          4 |       0 |    0 |    0 |      0 |      0 |            1 |
|   genblk1[72].mac_i  |           mac_336 |          3 |          3 |       0 |    0 |    0 |      0 |      0 |            1 |
|   genblk1[73].mac_i  |           mac_337 |          4 |          4 |       0 |    0 |    0 |      0 |      0 |            1 |
|   genblk1[74].mac_i  |           mac_338 |          3 |          3 |       0 |    0 |    0 |      0 |      0 |            1 |
|   genblk1[75].mac_i  |           mac_339 |          3 |          3 |       0 |    0 |    0 |      0 |      0 |            1 |
|   genblk1[76].mac_i  |           mac_340 |          6 |          6 |       0 |    0 |    0 |      0 |      0 |            1 |
|   genblk1[77].mac_i  |           mac_341 |          4 |          4 |       0 |    0 |    0 |      0 |      0 |            1 |
|   genblk1[78].mac_i  |           mac_342 |          4 |          4 |       0 |    0 |    0 |      0 |      0 |            1 |
|   genblk1[79].mac_i  |           mac_343 |          5 |          5 |       0 |    0 |    0 |      0 |      0 |            1 |
|   genblk1[7].mac_i   |           mac_344 |          4 |          4 |       0 |    0 |    0 |      0 |      0 |            1 |
|   genblk1[80].mac_i  |           mac_345 |          4 |          4 |       0 |    0 |    0 |      0 |      0 |            1 |
|   genblk1[81].mac_i  |           mac_346 |          4 |          4 |       0 |    0 |    0 |      0 |      0 |            1 |
|   genblk1[82].mac_i  |           mac_347 |          6 |          6 |       0 |    0 |    0 |      0 |      0 |            1 |
|   genblk1[83].mac_i  |           mac_348 |          4 |          4 |       0 |    0 |    0 |      0 |      0 |            1 |
|   genblk1[84].mac_i  |           mac_349 |          4 |          4 |       0 |    0 |    0 |      0 |      0 |            1 |
|   genblk1[85].mac_i  |           mac_350 |          3 |          3 |       0 |    0 |    0 |      0 |      0 |            1 |
|   genblk1[86].mac_i  |           mac_351 |          3 |          3 |       0 |    0 |    0 |      0 |      0 |            1 |
|   genblk1[87].mac_i  |           mac_352 |          3 |          3 |       0 |    0 |    0 |      0 |      0 |            1 |
|   genblk1[88].mac_i  |           mac_353 |          3 |          3 |       0 |    0 |    0 |      0 |      0 |            1 |
|   genblk1[89].mac_i  |           mac_354 |          7 |          7 |       0 |    0 |    0 |      0 |      0 |            1 |
|   genblk1[8].mac_i   |           mac_355 |          5 |          5 |       0 |    0 |    0 |      0 |      0 |            1 |
|   genblk1[90].mac_i  |           mac_356 |          3 |          3 |       0 |    0 |    0 |      0 |      0 |            1 |
|   genblk1[91].mac_i  |           mac_357 |          4 |          4 |       0 |    0 |    0 |      0 |      0 |            1 |
|   genblk1[92].mac_i  |           mac_358 |          3 |          3 |       0 |    0 |    0 |      0 |      0 |            1 |
|   genblk1[93].mac_i  |           mac_359 |          2 |          2 |       0 |    0 |    0 |      0 |      0 |            1 |
|   genblk1[94].mac_i  |           mac_360 |          5 |          5 |       0 |    0 |    0 |      0 |      0 |            1 |
|   genblk1[95].mac_i  |           mac_361 |          4 |          4 |       0 |    0 |    0 |      0 |      0 |            1 |
|   genblk1[96].mac_i  |           mac_362 |          4 |          4 |       0 |    0 |    0 |      0 |      0 |            1 |
|   genblk1[97].mac_i  |           mac_363 |          4 |          4 |       0 |    0 |    0 |      0 |      0 |            1 |
|   genblk1[98].mac_i  |           mac_364 |          5 |          5 |       0 |    0 |    0 |      0 |      0 |            1 |
|   genblk1[99].mac_i  |           mac_365 |          4 |          4 |       0 |    0 |    0 |      0 |      0 |            1 |
|   genblk1[9].mac_i   |           mac_366 |          3 |          3 |       0 |    0 |    0 |      0 |      0 |            1 |
|   u_2                | rom_fire9_expand3 |          0 |          0 |       0 |    0 |    0 |      0 |    368 |            0 |
+----------------------+-------------------+------------+------------+---------+------+------+--------+--------+--------------+


