reg__486: fire6_expand3__GCB3, 
rom__436: wrapper_rom_fire6_expand3__GC0, 
datapath__94: fire6_expand3__GCB0, 
reg__512: fire6_expand3__GCB3, 
reg__46: fire6_expand3__GCB3, 
rom__232: rom_fire6_expand3__GB1, 
datapath__131: fire6_expand3__GCB1, 
reg__282: fire6_expand3__GCB1, 
datapath__221: fire6_expand3__GCB3, 
reg__363: fire6_expand3__GCB2, 
case__202: wrapper_rom_fire6_expand3__GC0, 
reg__62: fire6_expand3__GCB0, 
datapath__171: fire6_expand3__GCB0, 
logic__113: fire6_expand3__GCB0, 
rom__255: rom_fire6_expand3__GB1, 
rom__233: rom_fire6_expand3__GB1, 
reg__421: fire6_expand3__GCB3, 
case__94: wrapper_rom_fire6_expand3__GC0, 
reg__505: fire6_expand3__GCB3, 
rom__494: wrapper_rom_fire6_expand3__GC0, 
logic__47: fire6_expand3__GCB3, 
rom__288: wrapper_rom_fire6_expand3__GC0, 
rom__91: rom_fire6_expand3__GB0, 
case__159: wrapper_rom_fire6_expand3__GC0, 
rom__395: wrapper_rom_fire6_expand3__GC0, 
reg__130: fire6_expand3__GCB0, 
datapath__10: fire6_expand3__GCB1, 
rom__102: rom_fire6_expand3__GB0, 
datapath__123: fire6_expand3__GCB0, 
case__18: wrapper_rom_fire6_expand3__GC0, 
rom__162: rom_fire6_expand3__GB1, 
rom__338: wrapper_rom_fire6_expand3__GC0, 
logic__175: fire6_expand3__GCB0, 
rom__193: rom_fire6_expand3__GB1, 
reg__341: fire6_expand3__GCB1, 
rom__206: rom_fire6_expand3__GB1, 
reg__229: fire6_expand3__GCB3, 
rom__422: wrapper_rom_fire6_expand3__GC0, 
reg__138: fire6_expand3__GCB3, 
reg__56: fire6_expand3__GCB0, 
logic__130: fire6_expand3__GCB3, 
rom__62: rom_fire6_expand3__GB0, 
rom__2: rom_fire6_expand3__GB0, 
reg__430: fire6_expand3__GCB3, 
case__195: wrapper_rom_fire6_expand3__GC0, 
reg__316: fire6_expand3__GCB3, 
logic__255: fire6_expand3__GCB3, 
case__87: wrapper_rom_fire6_expand3__GC0, 
logic__218: fire6_expand3__GCB3, 
logic__14: fire6_expand3__GCB3, 
reg__35: fire6_expand3__GCB3, 
reg__354: fire6_expand3__GCB2, 
rom__480: wrapper_rom_fire6_expand3__GC0, 
rom__21: rom_fire6_expand3__GB0, 
rom__274: wrapper_rom_fire6_expand3__GC0, 
case__152: wrapper_rom_fire6_expand3__GC0, 
rom__187: rom_fire6_expand3__GB1, 
datapath__227: fire6_expand3__GCB0, 
rom__381: wrapper_rom_fire6_expand3__GC0, 
rom__253: rom_fire6_expand3__GB1, 
case__11: wrapper_rom_fire6_expand3__GC0, 
logic__41: fire6_expand3__GCB3, 
rom__176: rom_fire6_expand3__GB1, 
reg__305: fire6_expand3__GCB1, 
rom__465: wrapper_rom_fire6_expand3__GC0, 
rom__82: rom_fire6_expand3__GB0, 
rom__408: wrapper_rom_fire6_expand3__GC0, 
reg__4: fire6_expand3__GCB3, 
rom__241: rom_fire6_expand3__GB1, 
rom__186: rom_fire6_expand3__GB1, 
rom__90: rom_fire6_expand3__GB0, 
case__240: wrapper_rom_fire6_expand3__GC0, 
reg__180: fire6_expand3__GCB0, 
logic__19: fire6_expand3__GCB3, 
case__132: wrapper_rom_fire6_expand3__GC0, 
rom__223: rom_fire6_expand3__GB1, 
rom__28: rom_fire6_expand3__GB0, 
case__188: wrapper_rom_fire6_expand3__GC0, 
logic__116: fire6_expand3__GCB3, 
case__80: wrapper_rom_fire6_expand3__GC0, 
reg__297: fire6_expand3__GCB2, 
logic__127: fire6_expand3__GCB3, 
datapath__48: fire6_expand3__GCB3, 
reg__377: fire6_expand3__GCB2, 
logic__193: fire6_expand3__GCB0, 
rom__317: wrapper_rom_fire6_expand3__GC0, 
reg__374: fire6_expand3__GCB2, 
rom__260: wrapper_rom_fire6_expand3__GC0, 
rom__148: rom_fire6_expand3__GB1, 
rom__131: rom_fire6_expand3__GB1, 
case__145: wrapper_rom_fire6_expand3__GC0, 
reg__234: fire6_expand3__GCB3, 
logic__92: fire6_expand3__GCB3, 
rom__40: rom_fire6_expand3__GB0, 
rom__367: wrapper_rom_fire6_expand3__GC0, 
reg__44: fire6_expand3__GCB0, 
reg__77: fire6_expand3__GCB3, 
datapath__178: fire6_expand3__GCB0, 
reg__196: fire6_expand3__GCB3, 
reg__411: fire6_expand3__GCB2, 
case__55: wrapper_rom_fire6_expand3__GC0, 
logic__201: fire6_expand3__GCB0, 
rom__451: wrapper_rom_fire6_expand3__GC0, 
datapath__3: fire6_expand3__GCB3, 
reg__140: fire6_expand3__GCB3, 
rom__65: rom_fire6_expand3__GB0, 
reg__390: fire6_expand3__GCB2, 
logic__132: fire6_expand3__GCB0, 
reg__387: fire6_expand3__GCB2, 
logic__174: fire6_expand3__GCB0, 
case__233: wrapper_rom_fire6_expand3__GC0, 
datapath__49: fire6_expand3__GCB0, 
logic__161: fire6_expand3__GCB2, 
rom__203: rom_fire6_expand3__GB1, 
reg__240: fire6_expand3__GCB3, 
case__125: wrapper_rom_fire6_expand3__GC0, 
rom__254: rom_fire6_expand3__GB1, 
reg__16: fire6_expand3__GCB3, 
datapath__106: fire6_expand3__GCB1, 
rom__234: rom_fire6_expand3__GB1, 
case__181: wrapper_rom_fire6_expand3__GC0, 
logic__40: fire6_expand3__GCB0, 
datapath__232: fire6_expand3__GCB0, 
case__73: wrapper_rom_fire6_expand3__GC0, 
reg__491: fire6_expand3__GCB3, 
reg__153: fire6_expand3__GCB2, 
rom__509: wrapper_rom_fire6_expand3__GC0, 
datapath__43: fire6_expand3__GCB0, 
rom__31: rom_fire6_expand3__GB0, 
logic__169: fire6_expand3__GCB2, 
rom__303: wrapper_rom_fire6_expand3__GC0, 
datapath__194: fire6_expand3__GCB0, 
logic__229: fire6_expand3__GCB3, 
datapath__40: fire6_expand3__GCB0, 
reg__247: fire6_expand3__GCB3, 
reg__403: fire6_expand3__GCB2, 
datapath__61: fire6_expand3__GCB0, 
reg__199: fire6_expand3__GCB0, 
rom__247: rom_fire6_expand3__GB1, 
datapath__138: fire6_expand3__GCB0, 
rom__117: rom_fire6_expand3__GB0, 
case__138: wrapper_rom_fire6_expand3__GC0, 
datapath__58: fire6_expand3__GCB3, 
rom__353: wrapper_rom_fire6_expand3__GC0, 
logic__97: fire6_expand3__GCB3, 
case__48: wrapper_rom_fire6_expand3__GC0, 
datapath__238: fire6_expand3__GCB0, 
datapath__55: fire6_expand3__GCB3, 
reg__147: fire6_expand3__GCB3, 
rom__437: wrapper_rom_fire6_expand3__GC0, 
datapath__140: fire6_expand3__GCB1, 
reg__347: fire6_expand3__GCB1, 
reg__463: fire6_expand3__GCB3, 
reg__460: fire6_expand3__GCB3, 
datapath__151: fire6_expand3__GCB2, 
reg__277: fire6_expand3__GCB3, 
case__226: wrapper_rom_fire6_expand3__GC0, 
logic__198: fire6_expand3__GCB0, 
rom__161: rom_fire6_expand3__GB1, 
case__118: wrapper_rom_fire6_expand3__GC0, 
reg__269: fire6_expand3__GCB2, 
datapath__197: fire6_expand3__GCB3, 
datapath__245: fire6_expand3__GCB0, 
reg__49: fire6_expand3__GCB3, 
reg__215: fire6_expand3__GCB3, 
rom__145: rom_fire6_expand3__GB1, 
case__174: wrapper_rom_fire6_expand3__GC0, 
reg__250: fire6_expand3__GCB3, 
case__66: wrapper_rom_fire6_expand3__GC0, 
case__249: wrapper_rom_fire6_expand3__GC0, 
rom__495: wrapper_rom_fire6_expand3__GC0, 
reg__453: fire6_expand3__GCB3, 
reg__263: fire6_expand3__GCB3, 
logic__266: fire6_expand3__GCB3, 
rom__289: wrapper_rom_fire6_expand3__GC0, 
reg__224: fire6_expand3__GCB3, 
logic__34: fire6_expand3__GCB3, 
reg__473: fire6_expand3__GCB3, 
datapath__69: fire6_expand3__GCB0, 
rom__396: wrapper_rom_fire6_expand3__GC0, 
rom__103: rom_fire6_expand3__GB0, 
rom__246: rom_fire6_expand3__GB1, 
rom__237: rom_fire6_expand3__GB1, 
muxpart__1: fire6_expand3__GCB3, 
datapath__66: fire6_expand3__GCB3, 
rom__339: wrapper_rom_fire6_expand3__GC0, 
rom__16: rom_fire6_expand3__GB0, 
logic__279: fire6_expand3__GCB3, 
case__41: wrapper_rom_fire6_expand3__GC0, 
logic__28: fire6_expand3__GCB0, 
reg__475: fire6_expand3__GCB3, 
rom__423: wrapper_rom_fire6_expand3__GC0, 
reg__171: fire6_expand3__GCB0, 
datapath__76: fire6_expand3__GCB3, 
reg__367: fire6_expand3__GCB1, 
datapath__248: fire6_expand3__GCB3, 
reg__495: fire6_expand3__GCB3, 
logic__107: fire6_expand3__GCB0, 
rom__256: wrapper_rom_fire6_expand3__GC0, 
reg__425: fire6_expand3__GCB3, 
logic__144: fire6_expand3__GCB3, 
rom__50: rom_fire6_expand3__GB0, 
case__219: wrapper_rom_fire6_expand3__GC0, 
rom__175: rom_fire6_expand3__GB1, 
datapath__222: fire6_expand3__GCB0, 
case__111: wrapper_rom_fire6_expand3__GC0, 
reg__204: fire6_expand3__GCB3, 
logic__184: fire6_expand3__GCB0, 
rom__4: rom_fire6_expand3__GB0, 
reg__92: fire6_expand3__GCB2, 
rom__481: wrapper_rom_fire6_expand3__GC0, 
rom__275: wrapper_rom_fire6_expand3__GC0, 
rom__382: wrapper_rom_fire6_expand3__GC0, 
datapath__169: fire6_expand3__GCB0, 
logic__23: fire6_expand3__GCB3, 
logic__136: fire6_expand3__GCB0, 
rom__466: wrapper_rom_fire6_expand3__GC0, 
case__34: wrapper_rom_fire6_expand3__GC0, 
reg__103: fire6_expand3__GCB0, 
rom__52: rom_fire6_expand3__GB0, 
datapath__202: fire6_expand3__GCB0, 
rom__409: wrapper_rom_fire6_expand3__GC0, 
reg__90: fire6_expand3__GCB3, 
rom__147: rom_fire6_expand3__GB1, 
reg__437: fire6_expand3__GCB3, 
reg__434: fire6_expand3__GCB3, 
reg__1: fire6_expand3__GCB3, 
case__212: wrapper_rom_fire6_expand3__GC0, 
case__104: wrapper_rom_fire6_expand3__GC0, 
reg__311: fire6_expand3__GCB2, 
rom__318: wrapper_rom_fire6_expand3__GC0, 
rom__68: rom_fire6_expand3__GB0, 
reg__165: fire6_expand3__GCB0, 
datapath__19: fire6_expand3__GCB3, 
rom__261: wrapper_rom_fire6_expand3__GC0, 
rom__132: rom_fire6_expand3__GB1, 
rom__250: rom_fire6_expand3__GB1, 
reg__278: fire6_expand3__GCB1, 
rom__80: rom_fire6_expand3__GB0, 
rom__368: wrapper_rom_fire6_expand3__GC0, 
logic__240: fire6_expand3__GCB3, 
reg__120: fire6_expand3__GCB3, 
counter: fire6_expand3__GCB3, 
reg__296: fire6_expand3__GCB2, 
rom__452: wrapper_rom_fire6_expand3__GC0, 
reg__245: fire6_expand3__GCB3, 
case__27: wrapper_rom_fire6_expand3__GC0, 
reg__208: fire6_expand3__GCB3, 
rom__144: rom_fire6_expand3__GB1, 
dsp48e1: fire6_expand3__GCB3, fire6_expand3__GCB2, fire6_expand3__GCB1, fire6_expand3__GCB0, 
datapath__92: fire6_expand3__GCB0, 
rom__32: rom_fire6_expand3__GB0, 
datapath__163: fire6_expand3__GCB0, 
datapath__89: fire6_expand3__GCB2, 
reg__381: fire6_expand3__GCB2, 
rom__510: wrapper_rom_fire6_expand3__GC0, 
datapath__118: fire6_expand3__GCB2, 
rom__304: wrapper_rom_fire6_expand3__GC0, 
case__167: wrapper_rom_fire6_expand3__GC0, 
datapath__256: fire6_expand3__GCB1, 
logic__61: fire6_expand3__GCB3, 
reg__95: fire6_expand3__GCB1, 
rom__159: rom_fire6_expand3__GB1, 
rom__118: rom_fire6_expand3__GB0, 
reg__418: fire6_expand3__GCB2, 
datapath__206: fire6_expand3__GCB2, 
rom__354: wrapper_rom_fire6_expand3__GC0, 
reg__441: fire6_expand3__GCB3, 
reg__397: fire6_expand3__GCB2, 
reg__394: fire6_expand3__GCB2, 
rom__438: wrapper_rom_fire6_expand3__GC0, 
logic__191: fire6_expand3__GCB0, 
case__8: wrapper_rom_fire6_expand3__GC0, 
rom__218: rom_fire6_expand3__GB1, 
rom__238: rom_fire6_expand3__GB1, 
rom__231: rom_fire6_expand3__GB1, 
reg__106: fire6_expand3__GCB3, 
reg__481: fire6_expand3__GCB3, 
reg__37: fire6_expand3__GCB3, 
reg__117: fire6_expand3__GCB3, 
logic__49: fire6_expand3__GCB0, 
rom__221: rom_fire6_expand3__GB1, 
case__203: wrapper_rom_fire6_expand3__GC0, 
reg__183: fire6_expand3__GCB0, 
reg__60: fire6_expand3__GCB0, 
rom__160: rom_fire6_expand3__GB1, 
logic__62: fire6_expand3__GCB3, 
case__95: wrapper_rom_fire6_expand3__GC0, 
logic__119: fire6_expand3__GCB3, 
rom__496: wrapper_rom_fire6_expand3__GC0, 
logic__245: fire6_expand3__GCB3, 
reg__407: fire6_expand3__GCB2, 
logic__56: fire6_expand3__GCB3, 
rom__290: wrapper_rom_fire6_expand3__GC0, 
case__160: wrapper_rom_fire6_expand3__GC0, 
reg__191: fire6_expand3__GCB0, 
logic__207: fire6_expand3__GCB0, 
rom__397: wrapper_rom_fire6_expand3__GC0, 
logic__53: fire6_expand3__GCB3, 
rom__104: rom_fire6_expand3__GB0, 
datapath__104: fire6_expand3__GCB0, 
logic__74: fire6_expand3__GCB0, 
reg__122: fire6_expand3__GCB0, 
case__19: wrapper_rom_fire6_expand3__GC0, 
logic__151: fire6_expand3__GCB3, 
rom__340: wrapper_rom_fire6_expand3__GC0, 
reg__164: fire6_expand3__GCB0, 
reg__15: fire6_expand3__GCB3, 
reg__151: fire6_expand3__GCB2, 
datapath__181: fire6_expand3__GCB0, 
logic__71: fire6_expand3__GCB3, 
rom__188: rom_fire6_expand3__GB1, 
rom__10: rom_fire6_expand3__GB0, 
reg__467: fire6_expand3__GCB3, 
rom__424: wrapper_rom_fire6_expand3__GC0, 
logic__251: fire6_expand3__GCB3, 
reg__336: fire6_expand3__GCB3, 
logic__68: fire6_expand3__GCB3, 
reg__310: fire6_expand3__GCB2, 
reg__516: fire6_expand3__GCB3, 
logic__153: fire6_expand3__GCB3, 
reg__159: fire6_expand3__GCB2, 
logic__164: fire6_expand3__GCB2, 
rom__14: rom_fire6_expand3__GB0, 
datapath__189: fire6_expand3__GCB0, 
case__196: wrapper_rom_fire6_expand3__GC0, 
reg__219: fire6_expand3__GCB3, 
case__88: wrapper_rom_fire6_expand3__GC0, 
logic__258: fire6_expand3__GCB3, 
logic__210: fire6_expand3__GCB3, 
datapath__120: fire6_expand3__GCB0, 
rom__482: wrapper_rom_fire6_expand3__GC0, 
rom__276: wrapper_rom_fire6_expand3__GC0, 
rom__77: rom_fire6_expand3__GB0, 
case__153: wrapper_rom_fire6_expand3__GC0, 
reg__349: fire6_expand3__GCB2, 
rom__383: wrapper_rom_fire6_expand3__GC0, 
datapath__35: fire6_expand3__GCB2, 
rom__210: rom_fire6_expand3__GB1, 
logic__82: fire6_expand3__GCB0, 
case__12: wrapper_rom_fire6_expand3__GC0, 
rom__174: rom_fire6_expand3__GB1, 
reg__479: fire6_expand3__GCB3, 
reg__271: fire6_expand3__GCB3, 
reg__188: fire6_expand3__GCB0, 
rom__467: wrapper_rom_fire6_expand3__GC0, 
datapath__157: fire6_expand3__GCB2, 
logic__79: fire6_expand3__GCB3, 
rom__55: rom_fire6_expand3__GB0, 
reg__499: fire6_expand3__GCB3, 
rom__410: wrapper_rom_fire6_expand3__GC0, 
datapath__101: fire6_expand3__GCB0, 
case__2: wrapper_rom_fire6_expand3__GC0, 
case__241: wrapper_rom_fire6_expand3__GC0, 
case__133: wrapper_rom_fire6_expand3__GC0, 
reg__24: fire6_expand3__GCB3, 
logic__89: fire6_expand3__GCB3, 
reg__256: fire6_expand3__GCB3, 
logic__261: fire6_expand3__GCB3, 
case__189: wrapper_rom_fire6_expand3__GC0, 
case__81: wrapper_rom_fire6_expand3__GC0, 
datapath__1: fire6_expand3__GCB3, 
logic__235: fire6_expand3__GCB3, 
rom__225: rom_fire6_expand3__GB1, 
rom__319: wrapper_rom_fire6_expand3__GC0, 
datapath__186: fire6_expand3__GCB0, 
rom__262: wrapper_rom_fire6_expand3__GC0, 
rom__133: rom_fire6_expand3__GB1, 
case__146: wrapper_rom_fire6_expand3__GC0, 
reg__369: fire6_expand3__GCB2, 
rom__369: wrapper_rom_fire6_expand3__GC0, 
rom__78: rom_fire6_expand3__GB0, 
logic__182: fire6_expand3__GCB0, 
case__56: wrapper_rom_fire6_expand3__GC0, 
rom__23: rom_fire6_expand3__GB0, 
reg__134: fire6_expand3__GCB3, 
rom__453: wrapper_rom_fire6_expand3__GC0, 
datapath__254: fire6_expand3__GCB1, 
biasing_fire6_expand3: fire6_expand3__GCB0, 
datapath__217: fire6_expand3__GCB0, 
datapath__29: fire6_expand3__GCB0, 
reg__174: fire6_expand3__GCB0, 
logic__215: fire6_expand3__GCB0, 
case__234: wrapper_rom_fire6_expand3__GC0, 
case__126: wrapper_rom_fire6_expand3__GC0, 
reg__382: fire6_expand3__GCB2, 
rom__67: rom_fire6_expand3__GB0, 
case__182: wrapper_rom_fire6_expand3__GC0, 
case__74: wrapper_rom_fire6_expand3__GC0, 
datapath__7: fire6_expand3__GCB3, 
rom__511: wrapper_rom_fire6_expand3__GC0, 
reg__358: fire6_expand3__GCB2, 
rom__305: wrapper_rom_fire6_expand3__GC0, 
reg__126: fire6_expand3__GCB0, 
rom__119: rom_fire6_expand3__GB0, 
case__139: wrapper_rom_fire6_expand3__GC0, 
reg__69: fire6_expand3__GCB3, 
rom__192: rom_fire6_expand3__GB1, 
logic__32: fire6_expand3__GCB3, 
rom__355: wrapper_rom_fire6_expand3__GC0, 
datapath__172: fire6_expand3__GCB0, 
rom2_fire6_expand3: wrapper_rom_fire6_expand3__GC0, 
case__49: wrapper_rom_fire6_expand3__GC0, 
datapath__80: fire6_expand3__GCB0, 
rom__439: wrapper_rom_fire6_expand3__GC0, 
reg__98: fire6_expand3__GCB1, 
datapath__24: fire6_expand3__GCB1, 
reg__342: fire6_expand3__GCB2, 
case__227: wrapper_rom_fire6_expand3__GC0, 
rom__229: rom_fire6_expand3__GB1, 
reg__455: fire6_expand3__GCB3, 
case__119: wrapper_rom_fire6_expand3__GC0, 
datapath__124: fire6_expand3__GCB0, 
logic__105: fire6_expand3__GCB0, 
case__175: wrapper_rom_fire6_expand3__GC0, 
reg__27: fire6_expand3__GCB3, 
case__67: wrapper_rom_fire6_expand3__GC0, 
logic__176: fire6_expand3__GCB0, 
logic__102: fire6_expand3__GCB2, 
case__250: wrapper_rom_fire6_expand3__GC0, 
rom__497: wrapper_rom_fire6_expand3__GC0, 
reg__230: fire6_expand3__GCB3, 
rom__211: rom_fire6_expand3__GB1, 
rom__291: wrapper_rom_fire6_expand3__GC0, 
reg__276: fire6_expand3__GCB3, 
rom__88: rom_fire6_expand3__GB0, 
datapath__132: fire6_expand3__GCB1, 
counter__1: fire6_expand3__GCB3, 
reg__448: fire6_expand3__GCB3, 
logic__131: fire6_expand3__GCB2, 
rom__398: wrapper_rom_fire6_expand3__GC0, 
reg__445: fire6_expand3__GCB3, 
logic__269: fire6_expand3__GCB3, 
rom__105: rom_fire6_expand3__GB0, 
reg__468: fire6_expand3__GCB3, 
rom__341: wrapper_rom_fire6_expand3__GC0, 
reg__19: fire6_expand3__GCB3, 
reg__288: fire6_expand3__GCB2, 
logic__219: fire6_expand3__GCB2, 
case__42: wrapper_rom_fire6_expand3__GC0, 
reg__323: fire6_expand3__GCB3, 
reg__485: fire6_expand3__GCB3, 
rom__425: wrapper_rom_fire6_expand3__GC0, 
reg__511: fire6_expand3__GCB3, 
logic__6: fire6_expand3__GCB3, 
reg__318: fire6_expand3__GCB3, 
datapath__85: fire6_expand3__GCB0, 
reg__362: fire6_expand3__GCB2, 
datapath__228: fire6_expand3__GCB0, 
case__220: wrapper_rom_fire6_expand3__GC0, 
rom__51: rom_fire6_expand3__GB0, 
case__112: wrapper_rom_fire6_expand3__GC0, 
reg__504: fire6_expand3__GCB3, 
rom__483: wrapper_rom_fire6_expand3__GC0, 
rom__277: wrapper_rom_fire6_expand3__GC0, 
datapath__12: fire6_expand3__GCB3, 
reg__181: fire6_expand3__GCB0, 
rom__384: wrapper_rom_fire6_expand3__GC0, 
rom__173: rom_fire6_expand3__GB1, 
logic__117: fire6_expand3__GCB3, 
rom__468: wrapper_rom_fire6_expand3__GC0, 
datapath__22: fire6_expand3__GCB1, 
reg__330: fire6_expand3__GCB3, 
reg__340: fire6_expand3__GCB2, 
case__35: wrapper_rom_fire6_expand3__GC0, 
logic__170: fire6_expand3__GCB2, 
reg__12: fire6_expand3__GCB3, 
rom__411: wrapper_rom_fire6_expand3__GC0, 
logic__194: fire6_expand3__GCB0, 
reg__109: fire6_expand3__GCB3, 
rom__183: rom_fire6_expand3__GB1, 
reg__235: fire6_expand3__GCB3, 
case__213: wrapper_rom_fire6_expand3__GC0, 
reg__429: fire6_expand3__GCB3, 
rom__57: rom_fire6_expand3__GB0, 
case__105: wrapper_rom_fire6_expand3__GC0, 
logic__202: fire6_expand3__GCB0, 
datapath__95: fire6_expand3__GCB0, 
reg__197: fire6_expand3__GCB0, 
rom__320: wrapper_rom_fire6_expand3__GC0, 
reg__141: fire6_expand3__GCB3, 
reg__353: fire6_expand3__GCB2, 
reg__287: fire6_expand3__GCB1, 
logic__133: fire6_expand3__GCB0, 
reg__308: fire6_expand3__GCB3, 
rom__134: rom_fire6_expand3__GB1, 
rom__263: wrapper_rom_fire6_expand3__GC0, 
rom__370: wrapper_rom_fire6_expand3__GC0, 
reg__66: fire6_expand3__GCB3, 
datapath__234: fire6_expand3__GCB0, 
datapath__107: fire6_expand3__GCB1, 
reg__143: fire6_expand3__GCB3, 
datapath__233: fire6_expand3__GCB3, 
rom__454: wrapper_rom_fire6_expand3__GC0, 
rom__226: rom_fire6_expand3__GB1, 
logic__48: fire6_expand3__GCB2, 
reg__154: fire6_expand3__GCB2, 
case__28: wrapper_rom_fire6_expand3__GC0, 
rom__220: rom_fire6_expand3__GB1, 
datapath__195: fire6_expand3__GCB0, 
datapath__11: fire6_expand3__GCB3, 
reg__248: fire6_expand3__GCB3, 
reg__200: fire6_expand3__GCB3, 
case__256: fire6_expand3__GCB3, 
logic__114: fire6_expand3__GCB3, 
datapath__139: fire6_expand3__GCB0, 
rom__198: rom_fire6_expand3__GB1, 
case__98: wrapper_rom_fire6_expand3__GC0, 
reg__303: fire6_expand3__GCB2, 
logic__4: fire6_expand3__GCB3, 
reg__376: fire6_expand3__GCB2, 
case__168: wrapper_rom_fire6_expand3__GC0, 
datapath__141: fire6_expand3__GCB0, 
rom__306: wrapper_rom_fire6_expand3__GC0, 
reg__373: fire6_expand3__GCB2, 
case: wrapper_rom_fire6_expand3__GC0, 
rom__157: rom_fire6_expand3__GB1, 
datapath__152: fire6_expand3__GCB2, 
rom__120: rom_fire6_expand3__GB0, 
logic__199: fire6_expand3__GCB0, 
rom__356: wrapper_rom_fire6_expand3__GC0, 
datapath__198: fire6_expand3__GCB0, 
datapath__246: fire6_expand3__GCB0, 
reg__410: fire6_expand3__GCB2, 
datapath__209: fire6_expand3__GCB0, 
reg__251: fire6_expand3__GCB3, 
rom__440: wrapper_rom_fire6_expand3__GC0, 
logic__267: fire6_expand3__GCB3, 
reg__389: fire6_expand3__GCB2, 
reg__85: fire6_expand3__GCB0, 
reg__225: fire6_expand3__GCB3, 
logic__230: fire6_expand3__GCB3, 
reg__386: fire6_expand3__GCB2, 
reg__275: fire6_expand3__GCB2, 
case__204: wrapper_rom_fire6_expand3__GC0, 
logic__42: fire6_expand3__GCB0, 
datapath: fire6_expand3__GCB3, 
case__96: wrapper_rom_fire6_expand3__GC0, 
datapath__45: fire6_expand3__GCB1, 
reg__31: fire6_expand3__GCB3, 
reg__490: fire6_expand3__GCB3, 
rom__498: wrapper_rom_fire6_expand3__GC0, 
reg__54: fire6_expand3__GCB2, 
logic__20: fire6_expand3__GCB3, 
reg__172: fire6_expand3__GCB0, 
case__161: wrapper_rom_fire6_expand3__GC0, 
rom__292: wrapper_rom_fire6_expand3__GC0, 
datapath__249: fire6_expand3__GCB1, 
reg__402: fire6_expand3__GCB2, 
rom__399: wrapper_rom_fire6_expand3__GC0, 
rom__106: rom_fire6_expand3__GB0, 
case__20: wrapper_rom_fire6_expand3__GC0, 
datapath__223: fire6_expand3__GCB0, 
rom__342: wrapper_rom_fire6_expand3__GC0, 
rom__158: rom_fire6_expand3__GB1, 
reg__205: fire6_expand3__GCB0, 
logic__185: fire6_expand3__GCB0, 
reg__7: fire6_expand3__GCB3, 
rom__426: wrapper_rom_fire6_expand3__GC0, 
logic__93: fire6_expand3__GCB3, 
reg__346: fire6_expand3__GCB2, 
reg__462: fire6_expand3__GCB3, 
reg__459: fire6_expand3__GCB3, 
rom__41: rom_fire6_expand3__GB0, 
logic__37: fire6_expand3__GCB3, 
case__197: wrapper_rom_fire6_expand3__GC0, 
case__89: wrapper_rom_fire6_expand3__GC0, 
reg__81: fire6_expand3__GCB3, 
reg__61: fire6_expand3__GCB3, 
datapath__37: fire6_expand3__GCB2, 
logic__137: fire6_expand3__GCB0, 
case__5: wrapper_rom_fire6_expand3__GC0, 
rom__242: rom_fire6_expand3__GB1, 
rom__484: wrapper_rom_fire6_expand3__GC0, 
datapath__203: fire6_expand3__GCB0, 
datapath__50: fire6_expand3__GCB0, 
reg__452: fire6_expand3__GCB3, 
case__154: wrapper_rom_fire6_expand3__GC0, 
rom__278: wrapper_rom_fire6_expand3__GC0, 
reg__472: fire6_expand3__GCB3, 
rom__385: wrapper_rom_fire6_expand3__GC0, 
case__10: wrapper_rom_fire6_expand3__GC0, 
rom__48: rom_fire6_expand3__GB0, 
logic__145: fire6_expand3__GCB3, 
case__13: wrapper_rom_fire6_expand3__GC0, 
datapath__44: fire6_expand3__GCB0, 
reg__241: fire6_expand3__GCB3, 
rom__469: wrapper_rom_fire6_expand3__GC0, 
reg__290: fire6_expand3__GCB2, 
datapath__62: fire6_expand3__GCB2, 
rom__412: wrapper_rom_fire6_expand3__GC0, 
reg__366: fire6_expand3__GCB2, 
case__242: wrapper_rom_fire6_expand3__GC0, 
rom_fire6_expand3__GB1: rom_fire6_expand3__GB1, 
reg__166: fire6_expand3__GCB0, 
case__134: wrapper_rom_fire6_expand3__GC0, 
datapath__59: fire6_expand3__GCB0, 
reg__424: fire6_expand3__GCB3, 
reg__42: fire6_expand3__GCB2, 
reg__75: fire6_expand3__GCB3, 
logic__98: fire6_expand3__GCB3, 
reg__55: fire6_expand3__GCB3, 
case__190: wrapper_rom_fire6_expand3__GC0, 
datapath__56: fire6_expand3__GCB3, 
logic__241: fire6_expand3__GCB3, 
case__82: wrapper_rom_fire6_expand3__GC0, 
case__257: fire6_expand3__GCB3, 
reg__121: fire6_expand3__GCB2, 
reg__259: fire6_expand3__GCB3, 
rom__25: rom_fire6_expand3__GB0, 
rom__172: rom_fire6_expand3__GB1, 
rom__321: wrapper_rom_fire6_expand3__GC0, 
reg__291: fire6_expand3__GCB2, 
datapath__239: fire6_expand3__GCB3, 
reg__209: fire6_expand3__GCB2, 
reg__34: fire6_expand3__GCB3, 
rom__135: rom_fire6_expand3__GB1, 
case__147: wrapper_rom_fire6_expand3__GC0, 
rom__264: wrapper_rom_fire6_expand3__GC0, 
rom__371: wrapper_rom_fire6_expand3__GC0, 
logic__25: fire6_expand3__GCB3, 
datapath__164: fire6_expand3__GCB0, 
case__57: wrapper_rom_fire6_expand3__GC0, 
datapath__73: fire6_expand3__GCB3, 
rom__455: wrapper_rom_fire6_expand3__GC0, 
rom__208: rom_fire6_expand3__GB1, 
logic__35: fire6_expand3__GCB0, 
datapath__70: fire6_expand3__GCB3, 
reg__113: fire6_expand3__GCB3, 
rom__215: rom_fire6_expand3__GB1, 
rom__142: rom_fire6_expand3__GB1, 
rom__34: rom_fire6_expand3__GB0, 
mac: fire6_expand3__GCB3, fire6_expand3__GCB2, fire6_expand3__GCB1, fire6_expand3__GCB0, 
reg__436: fire6_expand3__GCB3, 
case__235: wrapper_rom_fire6_expand3__GC0, 
reg__433: fire6_expand3__GCB3, 
case__127: wrapper_rom_fire6_expand3__GC0, 
rom__93: rom_fire6_expand3__GB0, 
datapath__67: fire6_expand3__GCB0, 
datapath__207: fire6_expand3__GCB0, 
case__183: wrapper_rom_fire6_expand3__GC0, 
case__75: wrapper_rom_fire6_expand3__GC0, 
datapath__77: fire6_expand3__GCB3, 
logic__108: fire6_expand3__GCB0, 
rom__307: wrapper_rom_fire6_expand3__GC0, 
reg__107: fire6_expand3__GCB3, 
rom__121: rom_fire6_expand3__GB0, 
case__140: wrapper_rom_fire6_expand3__GC0, 
reg__160: fire6_expand3__GCB2, 
rom__95: rom_fire6_expand3__GB0, 
datapath__111: fire6_expand3__GCB1, 
reg__184: fire6_expand3__GCB0, 
rom__357: wrapper_rom_fire6_expand3__GC0, 
rom__7: rom_fire6_expand3__GB0, 
case__50: wrapper_rom_fire6_expand3__GC0, 
datapath__2: fire6_expand3__GCB3, 
logic__247: fire6_expand3__GCB3, 
rom__248: rom_fire6_expand3__GB1, 
logic__120: fire6_expand3__GCB3, 
rom__441: wrapper_rom_fire6_expand3__GC0, 
reg__43: fire6_expand3__GCB3, 
logic__246: fire6_expand3__GCB3, 
reg__76: fire6_expand3__GCB3, 
reg__192: fire6_expand3__GCB0, 
case__228: wrapper_rom_fire6_expand3__GC0, 
rom__239: rom_fire6_expand3__GB1, 
logic__208: fire6_expand3__GCB0, 
logic__24: fire6_expand3__GCB3, 
case__120: wrapper_rom_fire6_expand3__GC0, 
datapath__105: fire6_expand3__GCB0, 
reg__123: fire6_expand3__GCB0, 
logic__152: fire6_expand3__GCB0, 
case__176: wrapper_rom_fire6_expand3__GC0, 
datapath__158: fire6_expand3__GCB2, 
rom__64: rom_fire6_expand3__GB0, 
reg__380: fire6_expand3__GCB2, 
datapath__182: fire6_expand3__GCB0, 
case__68: wrapper_rom_fire6_expand3__GC0, 
case__251: wrapper_rom_fire6_expand3__GC0, 
rom__499: wrapper_rom_fire6_expand3__GC0, 
datapath__145: fire6_expand3__GCB0, 
datapath__16: fire6_expand3__GCB3, 
rom__293: wrapper_rom_fire6_expand3__GC0, 
logic__154: fire6_expand3__GCB3, 
rom__400: wrapper_rom_fire6_expand3__GC0, 
rom__107: rom_fire6_expand3__GB0, 
reg__417: fire6_expand3__GCB2, 
datapath__190: fire6_expand3__GCB3, 
reg__414: fire6_expand3__GCB2, 
logic__165: fire6_expand3__GCB2, 
datapath__153: fire6_expand3__GCB2, 
rom__343: wrapper_rom_fire6_expand3__GC0, 
rom__35: rom_fire6_expand3__GB0, 
datapath__213: fire6_expand3__GCB0, 
reg__104: fire6_expand3__GCB3, 
rom__201: rom_fire6_expand3__GB1, 
case__43: wrapper_rom_fire6_expand3__GC0, 
reg__396: fire6_expand3__GCB2, 
logic__259: fire6_expand3__GCB3, 
logic__211: fire6_expand3__GCB0, 
datapath__121: fire6_expand3__GCB0, 
reg__393: fire6_expand3__GCB1, 
rom__427: wrapper_rom_fire6_expand3__GC0, 
logic__222: fire6_expand3__GCB3, 
rom__39: rom_fire6_expand3__GB0, 
rom__71: rom_fire6_expand3__GB0, 
rom__214: rom_fire6_expand3__GB1, 
datapath__86: fire6_expand3__GCB0, 
case__221: wrapper_rom_fire6_expand3__GC0, 
rom__171: rom_fire6_expand3__GB1, 
rom__36: rom_fire6_expand3__GB0, 
case__113: wrapper_rom_fire6_expand3__GC0, 
reg__72: fire6_expand3__GCB0, 
reg__494: fire6_expand3__GCB3, 
reg__189: fire6_expand3__GCB0, 
logic__58: fire6_expand3__GCB3, 
case__244: wrapper_rom_fire6_expand3__GC0, 
rom__485: wrapper_rom_fire6_expand3__GC0, 
datapath__93: fire6_expand3__GCB0, 
reg__406: fire6_expand3__GCB2, 
rom__216: rom_fire6_expand3__GB1, 
rom__279: wrapper_rom_fire6_expand3__GC0, 
reg__84: fire6_expand3__GCB3, 
rom__386: wrapper_rom_fire6_expand3__GC0, 
reg__257: fire6_expand3__GCB3, 
logic__262: fire6_expand3__GCB3, 
reg__220: fire6_expand3__GCB3, 
rom__74: rom_fire6_expand3__GB0, 
rom__470: wrapper_rom_fire6_expand3__GC0, 
logic__236: fire6_expand3__GCB3, 
case__36: wrapper_rom_fire6_expand3__GC0, 
reg__466: fire6_expand3__GCB3, 
reg__328: fire6_expand3__GCB2, 
reg__30: fire6_expand3__GCB1, 
rom__413: wrapper_rom_fire6_expand3__GC0, 
rom__100: rom_fire6_expand3__GB0, 
reg__335: fire6_expand3__GCB1, 
reg__515: fire6_expand3__GCB3, 
datapath__98: fire6_expand3__GCB2, 
fire6_expand3__GCB3: fire6_expand3__GCB3, 
case__214: wrapper_rom_fire6_expand3__GC0, 
case__106: wrapper_rom_fire6_expand3__GC0, 
datapath__255: fire6_expand3__GCB1, 
datapath__128: fire6_expand3__GCB0, 
rom__322: wrapper_rom_fire6_expand3__GC0, 
logic__270: fire6_expand3__GCB3, 
datapath__218: fire6_expand3__GCB0, 
logic__50: fire6_expand3__GCB3, 
reg__48: fire6_expand3__GCB3, 
reg__91: fire6_expand3__GCB3, 
rom__136: rom_fire6_expand3__GB1, 
reg__175: fire6_expand3__GCB0, 
rom__265: wrapper_rom_fire6_expand3__GC0, 
logic__63: fire6_expand3__GCB3, 
reg__348: fire6_expand3__GCB2, 
logic__216: fire6_expand3__GCB0, 
case__4: wrapper_rom_fire6_expand3__GC0, 
rom__372: wrapper_rom_fire6_expand3__GC0, 
reg__478: fire6_expand3__GCB3, 
rom__456: wrapper_rom_fire6_expand3__GC0, 
logic__57: fire6_expand3__GCB3, 
rom__22: rom_fire6_expand3__GB0, 
case__29: wrapper_rom_fire6_expand3__GC0, 
reg__498: fire6_expand3__GCB3, 
reg__307: fire6_expand3__GCB3, 
reg__127: fire6_expand3__GCB0, 
logic__75: fire6_expand3__GCB2, 
reg__89: fire6_expand3__GCB3, 
logic__72: fire6_expand3__GCB0, 
datapath__173: fire6_expand3__GCB0, 
case__99: wrapper_rom_fire6_expand3__GC0, 
logic__69: fire6_expand3__GCB3, 
reg__135: fire6_expand3__GCB3, 
case__169: wrapper_rom_fire6_expand3__GC0, 
rom__308: wrapper_rom_fire6_expand3__GC0, 
rom__42: rom_fire6_expand3__GB0, 
datapath__32: fire6_expand3__GCB2, 
rom__122: rom_fire6_expand3__GB0, 
logic__252: fire6_expand3__GCB3, 
reg__368: fire6_expand3__GCB2, 
rom__358: wrapper_rom_fire6_expand3__GC0, 
rom__75: rom_fire6_expand3__GB0, 
datapath__125: fire6_expand3__GCB0, 
logic__177: fire6_expand3__GCB0, 
rom__442: wrapper_rom_fire6_expand3__GC0, 
reg__440: fire6_expand3__GCB3, 
reg__231: fire6_expand3__GCB3, 
logic__86: fire6_expand3__GCB3, 
logic__288: fire6_expand3__GCB3, 
datapath__36: fire6_expand3__GCB0, 
datapath__133: fire6_expand3__GCB1, 
logic__83: fire6_expand3__GCB3, 
case__205: wrapper_rom_fire6_expand3__GC0, 
case__97: wrapper_rom_fire6_expand3__GC0, 
logic__80: fire6_expand3__GCB0, 
reg__292: fire6_expand3__GCB2, 
logic__220: fire6_expand3__GCB0, 
rom__500: wrapper_rom_fire6_expand3__GC0, 
logic__10: fire6_expand3__GCB3, 
reg__357: fire6_expand3__GCB2, 
case__162: wrapper_rom_fire6_expand3__GC0, 
rom__294: wrapper_rom_fire6_expand3__GC0, 
reg__177: fire6_expand3__GCB0, 
reg__317: fire6_expand3__GCB2, 
reg__517: fire6_expand3__GCB3, 
reg__6: fire6_expand3__GCB3, 
rom__401: wrapper_rom_fire6_expand3__GC0, 
rom__108: rom_fire6_expand3__GB0, 
rom__240: rom_fire6_expand3__GB1, 
datapath__229: fire6_expand3__GCB0, 
case__21: wrapper_rom_fire6_expand3__GC0, 
rom__344: wrapper_rom_fire6_expand3__GC0, 
reg__94: fire6_expand3__GCB1, 
logic__124: fire6_expand3__GCB3, 
rom__141: rom_fire6_expand3__GB1, 
rom__46: rom_fire6_expand3__GB0, 
reg__264: fire6_expand3__GCB3, 
rom__92: rom_fire6_expand3__GB0, 
rom__428: wrapper_rom_fire6_expand3__GC0, 
reg__331: fire6_expand3__GCB2, 
case__198: wrapper_rom_fire6_expand3__GC0, 
datapath__175: fire6_expand3__GCB0, 
datapath__4: fire6_expand3__GCB3, 
case__90: wrapper_rom_fire6_expand3__GC0, 
rom__24: rom_fire6_expand3__GB0, 
rom__155: rom_fire6_expand3__GB1, 
logic__118: fire6_expand3__GCB3, 
reg__59: fire6_expand3__GCB3, 
rom__486: wrapper_rom_fire6_expand3__GC0, 
datapath__30: fire6_expand3__GCB1, 
logic__171: fire6_expand3__GCB2, 
logic__195: fire6_expand3__GCB0, 
logic__158: fire6_expand3__GCB3, 
case__155: wrapper_rom_fire6_expand3__GC0, 
rom__280: wrapper_rom_fire6_expand3__GC0, 
rom__197: rom_fire6_expand3__GB1, 
logic__29: fire6_expand3__GCB3, 
reg__237: fire6_expand3__GCB3, 
reg__110: fire6_expand3__GCB3, 
rom__387: wrapper_rom_fire6_expand3__GC0, 
reg__444: fire6_expand3__GCB3, 
reg__236: fire6_expand3__GCB3, 
case__14: wrapper_rom_fire6_expand3__GC0, 
reg__400: fire6_expand3__GCB2, 
reg__18: fire6_expand3__GCB0, 
rom__170: rom_fire6_expand3__GB1, 
rom__471: wrapper_rom_fire6_expand3__GC0, 
logic__203: fire6_expand3__GCB3, 
reg__198: fire6_expand3__GCB0, 
logic__166: fire6_expand3__GCB2, 
logic__226: fire6_expand3__GCB3, 
reg__484: fire6_expand3__GCB3, 
rom__53: rom_fire6_expand3__GB0, 
rom__414: wrapper_rom_fire6_expand3__GC0, 
reg__14: fire6_expand3__GCB3, 
reg__142: fire6_expand3__GCB0, 
reg__510: fire6_expand3__GCB3, 
case__243: wrapper_rom_fire6_expand3__GC0, 
logic__134: fire6_expand3__GCB0, 
rom__85: rom_fire6_expand3__GB0, 
rom__83: rom_fire6_expand3__GB0, 
logic__99: fire6_expand3__GCB3, 
case__191: wrapper_rom_fire6_expand3__GC0, 
datapath__235: fire6_expand3__GCB0, 
datapath__81: fire6_expand3__GCB1, 
case__83: wrapper_rom_fire6_expand3__GC0, 
datapath__108: fire6_expand3__GCB2, 
reg__144: fire6_expand3__GCB3, 
datapath__25: fire6_expand3__GCB2, 
reg__155: fire6_expand3__GCB2, 
rom__323: wrapper_rom_fire6_expand3__GC0, 
reg__503: fire6_expand3__GCB3, 
rom__156: rom_fire6_expand3__GB1, 
rom__137: rom_fire6_expand3__GB1, 
case__148: wrapper_rom_fire6_expand3__GC0, 
rom__266: wrapper_rom_fire6_expand3__GC0, 
logic__106: fire6_expand3__GCB2, 
reg__249: fire6_expand3__GCB3, 
reg__201: fire6_expand3__GCB0, 
rom__373: wrapper_rom_fire6_expand3__GC0, 
reg__212: fire6_expand3__GCB3, 
reg__286: fire6_expand3__GCB2, 
rom__189: rom_fire6_expand3__GB1, 
reg__319: fire6_expand3__GCB2, 
case__58: wrapper_rom_fire6_expand3__GC0, 
rom__457: wrapper_rom_fire6_expand3__GC0, 
reg__51: fire6_expand3__GCB3, 
datapath__82: fire6_expand3__GCB0, 
reg__339: fire6_expand3__GCB2, 
reg__312: fire6_expand3__GCB3, 
datapath__142: fire6_expand3__GCB0, 
case__236: wrapper_rom_fire6_expand3__GC0, 
rom__99: rom_fire6_expand3__GB0, 
case__128: wrapper_rom_fire6_expand3__GC0, 
reg__428: fire6_expand3__GCB3, 
case__184: wrapper_rom_fire6_expand3__GC0, 
logic__111: fire6_expand3__GCB2, 
case__76: wrapper_rom_fire6_expand3__GC0, 
datapath__199: fire6_expand3__GCB0, 
reg__23: fire6_expand3__GCB0, 
datapath__210: fire6_expand3__GCB0, 
reg__252: fire6_expand3__GCB3, 
rom__207: rom_fire6_expand3__GB1, 
rom__309: wrapper_rom_fire6_expand3__GC0, 
reg__352: fire6_expand3__GCB2, 
reg__334: fire6_expand3__GCB2, 
rom__15: rom_fire6_expand3__GB0, 
rom__205: rom_fire6_expand3__GB1, 
logic__268: fire6_expand3__GCB3, 
logic__141: fire6_expand3__GCB0, 
rom__204: rom_fire6_expand3__GB1, 
reg__226: fire6_expand3__GCB3, 
logic__231: fire6_expand3__GCB3, 
rom__123: rom_fire6_expand3__GB0, 
case__141: wrapper_rom_fire6_expand3__GC0, 
logic__13: fire6_expand3__GCB3, 
reg__321: fire6_expand3__GCB2, 
rom__359: wrapper_rom_fire6_expand3__GC0, 
case__51: wrapper_rom_fire6_expand3__GC0, 
rom__443: wrapper_rom_fire6_expand3__GC0, 
reg__298: fire6_expand3__GCB2, 
fire6_expand3__GCB1: fire6_expand3__GCB1, 
datapath__13: fire6_expand3__GCB3, 
datapath__166: fire6_expand3__GCB0, 
case__229: wrapper_rom_fire6_expand3__GC0, 
datapath__250: fire6_expand3__GCB1, 
case__121: wrapper_rom_fire6_expand3__GC0, 
datapath__23: fire6_expand3__GCB0, 
reg__260: fire6_expand3__GCB3, 
case__177: wrapper_rom_fire6_expand3__GC0, 
datapath__224: fire6_expand3__GCB0, 
reg__206: fire6_expand3__GCB0, 
case__69: wrapper_rom_fire6_expand3__GC0, 
rom__56: rom_fire6_expand3__GB0, 
rom__501: wrapper_rom_fire6_expand3__GC0, 
logic__186: fire6_expand3__GCB0, 
case__252: wrapper_rom_fire6_expand3__GC0, 
reg__375: fire6_expand3__GCB2, 
rom__295: wrapper_rom_fire6_expand3__GC0, 
reg__372: fire6_expand3__GCB2, 
datapath__258: fire6_expand3__GCB3, 
rom__402: wrapper_rom_fire6_expand3__GC0, 
rom__109: rom_fire6_expand3__GB0, 
logic__45: fire6_expand3__GCB3, 
datapath__96: fire6_expand3__GCB0, 
rom__345: wrapper_rom_fire6_expand3__GC0, 
reg__68: fire6_expand3__GCB3, 
reg__409: fire6_expand3__GCB2, 
case__44: wrapper_rom_fire6_expand3__GC0, 
rom__97: rom_fire6_expand3__GB0, 
logic__138: fire6_expand3__GCB0, 
datapath__8: fire6_expand3__GCB1, 
wrapper_rom_fire6_expand3__GC0: wrapper_rom_fire6_expand3__GC0, 
rom__429: wrapper_rom_fire6_expand3__GC0, 
reg__388: fire6_expand3__GCB2, 
reg__385: fire6_expand3__GCB2, 
reg__97: fire6_expand3__GCB1, 
case__222: wrapper_rom_fire6_expand3__GC0, 
rom__169: rom_fire6_expand3__GB1, 
case__114: wrapper_rom_fire6_expand3__GC0, 
logic__146: fire6_expand3__GCB3, 
reg__242: fire6_expand3__GCB3, 
reg__361: fire6_expand3__GCB2, 
case__62: wrapper_rom_fire6_expand3__GC0, 
reg__489: fire6_expand3__GCB3, 
rom__487: wrapper_rom_fire6_expand3__GC0, 
rom__199: rom_fire6_expand3__GB1, 
case__245: wrapper_rom_fire6_expand3__GC0, 
reg__265: fire6_expand3__GCB3, 
rom: rom_fire6_expand3__GB0, 
rom__281: wrapper_rom_fire6_expand3__GC0, 
reg__26: fire6_expand3__GCB0, 
reg__167: fire6_expand3__GCB0, 
reg__401: fire6_expand3__GCB2, 
rom__388: wrapper_rom_fire6_expand3__GC0, 
rom__38: rom_fire6_expand3__GB0, 
rom__331: wrapper_rom_fire6_expand3__GC0, 
logic__242: fire6_expand3__GCB3, 
reg__294: fire6_expand3__GCB2, 
rom__472: wrapper_rom_fire6_expand3__GC0, 
rom__191: rom_fire6_expand3__GB1, 
datapath__115: fire6_expand3__GCB2, 
case__37: wrapper_rom_fire6_expand3__GC0, 
reg__329: fire6_expand3__GCB2, 
rom__72: rom_fire6_expand3__GB0, 
rom__415: wrapper_rom_fire6_expand3__GC0, 
rom__87: rom_fire6_expand3__GB0, 
reg__345: fire6_expand3__GCB2, 
datapath__240: fire6_expand3__GCB0, 
reg__461: fire6_expand3__GCB3, 
reg__210: fire6_expand3__GCB0, 
case__7: wrapper_rom_fire6_expand3__GC0, 
reg__458: fire6_expand3__GCB3, 
muxpart__3: fire6_expand3__GCB3, 
case__215: wrapper_rom_fire6_expand3__GC0, 
case__107: wrapper_rom_fire6_expand3__GC0, 
datapath__165: fire6_expand3__GCB0, 
logic__188: fire6_expand3__GCB0, 
logic__17: fire6_expand3__GCB3, 
rom__324: wrapper_rom_fire6_expand3__GC0, 
reg__451: fire6_expand3__GCB3, 
reg__114: fire6_expand3__GCB3, 
logic__43: fire6_expand3__GCB3, 
rom__224: rom_fire6_expand3__GB1, 
rom__267: wrapper_rom_fire6_expand3__GC0, 
rom__138: rom_fire6_expand3__GB1, 
reg__471: fire6_expand3__GCB3, 
rom__374: wrapper_rom_fire6_expand3__GC0, 
datapath__46: fire6_expand3__GCB0, 
reg__39: fire6_expand3__GCB0, 
datapath__208: fire6_expand3__GCB0, 
rom__29: rom_fire6_expand3__GB0, 
rom__76: rom_fire6_expand3__GB0, 
logic__90: fire6_expand3__GCB3, 
rom__458: wrapper_rom_fire6_expand3__GC0, 
case__30: wrapper_rom_fire6_expand3__GC0, 
reg__108: fire6_expand3__GCB3, 
reg__365: fire6_expand3__GCB2, 
reg__423: fire6_expand3__GCB3, 
reg__11: fire6_expand3__GCB3, 
reg__161: fire6_expand3__GCB2, 
datapath__112: fire6_expand3__GCB1, 
reg__185: fire6_expand3__GCB0, 
case__208: wrapper_rom_fire6_expand3__GC0, 
reg__148: fire6_expand3__GCB3, 
case__100: wrapper_rom_fire6_expand3__GC0, 
rom__227: rom_fire6_expand3__GB1, 
reg__507: fire6_expand3__GCB3, 
logic__248: fire6_expand3__GCB3, 
logic__94: fire6_expand3__GCB3, 
logic__121: fire6_expand3__GCB3, 
case__258: fire6_expand3__GCB3, 
rom__310: wrapper_rom_fire6_expand3__GC0, 
case__170: wrapper_rom_fire6_expand3__GC0, 
logic__38: fire6_expand3__GCB3, 
reg__193: fire6_expand3__GCB3, 
reg__156: fire6_expand3__GCB2, 
datapath__41: fire6_expand3__GCB0, 
rom__124: rom_fire6_expand3__GB0, 
reg__216: fire6_expand3__GCB3, 
rom__360: wrapper_rom_fire6_expand3__GC0, 
muxpart__4: fire6_expand3__GCB3, 
datapath__38: fire6_expand3__GCB1, 
reg__280: fire6_expand3__GCB2, 
reg__124: fire6_expand3__GCB0, 
datapath__159: fire6_expand3__GCB2, 
datapath__51: fire6_expand3__GCB2, 
rom__444: wrapper_rom_fire6_expand3__GC0, 
case__1: wrapper_rom_fire6_expand3__GC0, 
datapath__146: fire6_expand3__GCB0, 
reg__65: fire6_expand3__GCB2, 
logic__95: fire6_expand3__GCB0, 
reg__435: fire6_expand3__GCB3, 
datapath__53: fire6_expand3__GCB0, 
reg__432: fire6_expand3__GCB3, 
logic__155: fire6_expand3__GCB3, 
case__206: wrapper_rom_fire6_expand3__GC0, 
datapath__191: fire6_expand3__GCB3, 
reg__270: fire6_expand3__GCB2, 
datapath__154: fire6_expand3__GCB2, 
rom__63: rom_fire6_expand3__GB0, 
datapath__214: fire6_expand3__GCB0, 
datapath__63: fire6_expand3__GCB3, 
rom__502: wrapper_rom_fire6_expand3__GC0, 
datapath__122: fire6_expand3__GCB2, 
logic__212: fire6_expand3__GCB0, 
rom__296: wrapper_rom_fire6_expand3__GC0, 
case__163: wrapper_rom_fire6_expand3__GC0, 
datapath__60: fire6_expand3__GCB2, 
logic__223: fire6_expand3__GCB3, 
reg__518: fire6_expand3__GCB3, 
rom__403: wrapper_rom_fire6_expand3__GC0, 
rom__110: rom_fire6_expand3__GB0, 
case__22: wrapper_rom_fire6_expand3__GC0, 
rom__346: wrapper_rom_fire6_expand3__GC0, 
rom__200: rom_fire6_expand3__GB1, 
datapath__183: fire6_expand3__GCB0, 
rom__430: wrapper_rom_fire6_expand3__GC0, 
rom__236: rom_fire6_expand3__GB1, 
reg__101: fire6_expand3__GCB2, 
logic__26: fire6_expand3__GCB3, 
case__199: wrapper_rom_fire6_expand3__GC0, 
logic__179: fire6_expand3__GCB0, 
reg__258: fire6_expand3__GCB3, 
logic__263: fire6_expand3__GCB3, 
case__91: wrapper_rom_fire6_expand3__GC0, 
datapath__74: fire6_expand3__GCB0, 
datapath__251: fire6_expand3__GCB1, 
reg__131: fire6_expand3__GCB0, 
reg__221: fire6_expand3__GCB3, 
logic__36: fire6_expand3__GCB0, 
reg__379: fire6_expand3__GCB2, 
datapath__71: fire6_expand3__GCB2, 
logic__237: fire6_expand3__GCB3, 
rom__488: wrapper_rom_fire6_expand3__GC0, 
reg__304: fire6_expand3__GCB2, 
rom__282: wrapper_rom_fire6_expand3__GC0, 
case__156: wrapper_rom_fire6_expand3__GC0, 
reg__293: fire6_expand3__GCB2, 
datapath__68: fire6_expand3__GCB0, 
reg__53: fire6_expand3__GCB3, 
rom__389: wrapper_rom_fire6_expand3__GC0, 
rom__252: rom_fire6_expand3__GB1, 
reg__416: fire6_expand3__GCB2, 
reg__413: fire6_expand3__GCB2, 
case__15: wrapper_rom_fire6_expand3__GC0, 
rom__332: wrapper_rom_fire6_expand3__GC0, 
rom__473: wrapper_rom_fire6_expand3__GC0, 
logic__109: fire6_expand3__GCB0, 
reg__395: fire6_expand3__GCB2, 
reg__392: fire6_expand3__GCB2, 
rom__416: wrapper_rom_fire6_expand3__GC0, 
datapath__129: fire6_expand3__GCB0, 
datapath__219: fire6_expand3__GCB0, 
logic__21: fire6_expand3__GCB3, 
reg__176: fire6_expand3__GCB0, 
reg__302: fire6_expand3__GCB2, 
case__192: wrapper_rom_fire6_expand3__GC0, 
rom__59: rom_fire6_expand3__GB0, 
case__84: wrapper_rom_fire6_expand3__GC0, 
reg__493: fire6_expand3__GCB3, 
rom__168: rom_fire6_expand3__GB1, 
reg__301: fire6_expand3__GCB2, 
rom__325: wrapper_rom_fire6_expand3__GC0, 
rom__154: rom_fire6_expand3__GB1, 
rom__18: rom_fire6_expand3__GB0, 
reg__80: fire6_expand3__GCB3, 
reg__405: fire6_expand3__GCB2, 
rom__268: wrapper_rom_fire6_expand3__GC0, 
rom__139: rom_fire6_expand3__GB1, 
case__149: wrapper_rom_fire6_expand3__GC0, 
logic__283: fire6_expand3__GCB3, 
reg__128: fire6_expand3__GCB0, 
rom__182: rom_fire6_expand3__GB1, 
rom__375: wrapper_rom_fire6_expand3__GC0, 
datapath__174: fire6_expand3__GCB0, 
case__59: wrapper_rom_fire6_expand3__GC0, 
datapath__17: fire6_expand3__GCB3, 
rom__459: wrapper_rom_fire6_expand3__GC0, 
reg__465: fire6_expand3__GCB3, 
reg__273: fire6_expand3__GCB3, 
reg__136: fire6_expand3__GCB3, 
rom__94: rom_fire6_expand3__GB0, 
rom__190: rom_fire6_expand3__GB1, 
logic__128: fire6_expand3__GCB3, 
case__237: wrapper_rom_fire6_expand3__GC0, 
reg__514: fire6_expand3__GCB3, 
logic: fire6_expand3__GCB3, fire6_expand3__GCB2, fire6_expand3__GCB1, fire6_expand3__GCB0, 
case__129: wrapper_rom_fire6_expand3__GC0, 
logic__253: fire6_expand3__GCB3, 
case__185: wrapper_rom_fire6_expand3__GC0, 
reg__267: fire6_expand3__GCB3, 
datapath__126: fire6_expand3__GCB0, 
muxpart: fire6_expand3__GCB3, 
case__77: wrapper_rom_fire6_expand3__GC0, 
datapath__90: fire6_expand3__GCB0, 
reg__41: fire6_expand3__GCB3, 
reg__74: fire6_expand3__GCB2, 
reg__21: fire6_expand3__GCB1, 
logic__178: fire6_expand3__GCB0, 
reg: fire6_expand3__GCB2, 
rom__311: wrapper_rom_fire6_expand3__GC0, 
datapath__87: fire6_expand3__GCB1, 
rom__5: rom_fire6_expand3__GB0, 
reg__232: fire6_expand3__GCB3, 
rom__125: rom_fire6_expand3__GB0, 
case__142: wrapper_rom_fire6_expand3__GC0, 
datapath__134: fire6_expand3__GCB0, 
rom__361: wrapper_rom_fire6_expand3__GC0, 
logic__59: fire6_expand3__GCB3, 
case__52: wrapper_rom_fire6_expand3__GC0, 
reg__477: fire6_expand3__GCB3, 
logic__221: fire6_expand3__GCB3, 
rom__445: wrapper_rom_fire6_expand3__GC0, 
reg__315: fire6_expand3__GCB3, 
reg__497: fire6_expand3__GCB3, 
reg__178: fire6_expand3__GCB0, 
reg__427: fire6_expand3__GCB3, 
case__230: wrapper_rom_fire6_expand3__GC0, 
case__122: wrapper_rom_fire6_expand3__GC0, 
rom__89: rom_fire6_expand3__GB0, 
case__178: wrapper_rom_fire6_expand3__GC0, 
logic__125: fire6_expand3__GCB3, 
rom__185: rom_fire6_expand3__GB1, 
case__70: wrapper_rom_fire6_expand3__GC0, 
case__253: wrapper_rom_fire6_expand3__GC0, 
rom__503: wrapper_rom_fire6_expand3__GC0, 
reg__326: fire6_expand3__GCB3, 
rom__44: rom_fire6_expand3__GB0, 
reg__274: fire6_expand3__GCB2, 
rom__297: wrapper_rom_fire6_expand3__GC0, 
rom__111: rom_fire6_expand3__GB0, 
case__135: wrapper_rom_fire6_expand3__GC0, 
rom__195: rom_fire6_expand3__GB1, 
datapath__176: fire6_expand3__GCB0, 
rom__347: wrapper_rom_fire6_expand3__GC0, 
logic__54: fire6_expand3__GCB0, 
case__45: wrapper_rom_fire6_expand3__GC0, 
logic__51: fire6_expand3__GCB3, 
rom__431: wrapper_rom_fire6_expand3__GC0, 
reg__320: fire6_expand3__GCB2, 
reg__439: fire6_expand3__GCB3, 
logic__172: fire6_expand3__GCB2, 
logic__64: fire6_expand3__GCB2, 
logic__159: fire6_expand3__GCB3, 
reg__238: fire6_expand3__GCB3, 
datapath__99: fire6_expand3__GCB0, 
reg__111: fire6_expand3__GCB3, 
case__223: wrapper_rom_fire6_expand3__GC0, 
case__115: wrapper_rom_fire6_expand3__GC0, 
logic__66: fire6_expand3__GCB0, 
datapath__230: fire6_expand3__GCB0, 
case__171: wrapper_rom_fire6_expand3__GC0, 
reg__3: fire6_expand3__GCB3, 
logic__204: fire6_expand3__GCB3, 
case__63: wrapper_rom_fire6_expand3__GC0, 
logic__167: fire6_expand3__GCB2, 
datapath__192: fire6_expand3__GCB0, 
case__246: wrapper_rom_fire6_expand3__GC0, 
rom__489: wrapper_rom_fire6_expand3__GC0, 
logic__7: fire6_expand3__GCB3, 
logic__227: fire6_expand3__GCB3, 
logic__76: fire6_expand3__GCB3, 
reg__356: fire6_expand3__GCB2, 
rom__283: wrapper_rom_fire6_expand3__GC0, 
datapath__136: fire6_expand3__GCB0, 
logic__135: fire6_expand3__GCB2, 
rom__390: wrapper_rom_fire6_expand3__GC0, 
logic__73: fire6_expand3__GCB2, 
datapath__236: fire6_expand3__GCB0, 
rom__333: wrapper_rom_fire6_expand3__GC0, 
rom__474: wrapper_rom_fire6_expand3__GC0, 
datapath__109: fire6_expand3__GCB2, 
reg__145: fire6_expand3__GCB3, 
case__38: wrapper_rom_fire6_expand3__GC0, 
rom__153: rom_fire6_expand3__GB1, 
rom_fire6_expand3__GB0: rom_fire6_expand3__GB0, 
rom__417: wrapper_rom_fire6_expand3__GC0, 
datapath__33: fire6_expand3__GCB2, 
datapath__149: fire6_expand3__GCB2, 
logic__196: fire6_expand3__GCB0, 
rom__30: rom_fire6_expand3__GB0, 
reg__202: fire6_expand3__GCB0, 
case__216: wrapper_rom_fire6_expand3__GC0, 
datapath__243: fire6_expand3__GCB0, 
fire6_expand3__GCB0: fire6_expand3__GCB0, 
reg__213: fire6_expand3__GCB3, 
case__108: wrapper_rom_fire6_expand3__GC0, 
rom__167: rom_fire6_expand3__GB1, 
logic__87: fire6_expand3__GCB3, 
logic__264: fire6_expand3__GCB3, 
rom__326: wrapper_rom_fire6_expand3__GC0, 
reg__71: fire6_expand3__GCB0, 
logic__84: fire6_expand3__GCB2, 
datapath__143: fire6_expand3__GCB0, 
rom__269: wrapper_rom_fire6_expand3__GC0, 
rom__140: rom_fire6_expand3__GB1, 
reg__420: fire6_expand3__GCB3, 
reg__87: fire6_expand3__GCB3, 
rom__376: wrapper_rom_fire6_expand3__GC0, 
rom__37: rom_fire6_expand3__GB0, 
logic__81: fire6_expand3__GCB0, 
reg__443: fire6_expand3__GCB3, 
reg__399: fire6_expand3__GCB2, 
reg__83: fire6_expand3__GCB3, 
rom__460: wrapper_rom_fire6_expand3__GC0, 
rom__96: rom_fire6_expand3__GB0, 
datapath__211: fire6_expand3__GCB0, 
reg__169: fire6_expand3__GCB0, 
case__31: wrapper_rom_fire6_expand3__GC0, 
reg__33: fire6_expand3__GCB3, 
reg__253: fire6_expand3__GCB3, 
reg__483: fire6_expand3__GCB3, 
rom__228: rom_fire6_expand3__GB1, 
reg__509: fire6_expand3__GCB3, 
logic__142: fire6_expand3__GCB0, 
reg__227: fire6_expand3__GCB3, 
logic__232: fire6_expand3__GCB3, 
reg__29: fire6_expand3__GCB3, 
case__209: wrapper_rom_fire6_expand3__GC0, 
case__101: wrapper_rom_fire6_expand3__GC0, 
rom__49: rom_fire6_expand3__GB0, 
rom__312: wrapper_rom_fire6_expand3__GC0, 
fire6_expand3__GCB2: fire6_expand3__GCB2, 
reg__502: fire6_expand3__GCB3, 
reg__9: fire6_expand3__GCB3, 
datapath__5: fire6_expand3__GCB3, 
datapath__167: fire6_expand3__GCB0, 
rom__126: rom_fire6_expand3__GB0, 
rom__362: wrapper_rom_fire6_expand3__GC0, 
reg__47: fire6_expand3__GCB3, 
datapath__225: fire6_expand3__GCB0, 
datapath__31: fire6_expand3__GCB0, 
rom__446: wrapper_rom_fire6_expand3__GC0, 
datapath__200: fire6_expand3__GCB0, 
logic__187: fire6_expand3__GCB0, 
logic__30: fire6_expand3__GCB3, 
reg__338: fire6_expand3__GCB1, 
reg__63: fire6_expand3__GCB2, 
reg__295: fire6_expand3__GCB2, 
reg__262: fire6_expand3__GCB3, 
datapath__78: fire6_expand3__GCB1, 
case__207: wrapper_rom_fire6_expand3__GC0, 
reg__272: fire6_expand3__GCB3, 
rom__66: rom_fire6_expand3__GB0, 
rom__17: rom_fire6_expand3__GB0, 
rom__504: wrapper_rom_fire6_expand3__GC0, 
logic__15: fire6_expand3__GCB3, 
reg__88: fire6_expand3__GCB3, 
logic__139: fire6_expand3__GCB0, 
logic__103: fire6_expand3__GCB0, 
case__164: wrapper_rom_fire6_expand3__GC0, 
rom__298: wrapper_rom_fire6_expand3__GC0, 
reg__333: fire6_expand3__GCB3, 
reg__351: fire6_expand3__GCB2, 
logic__100: fire6_expand3__GCB3, 
rom__112: rom_fire6_expand3__GB0, 
case__23: wrapper_rom_fire6_expand3__GC0, 
reg__118: fire6_expand3__GCB3, 
datapath__26: fire6_expand3__GCB2, 
rom__348: wrapper_rom_fire6_expand3__GC0, 
logic__147: fire6_expand3__GCB3, 
reg__57: fire6_expand3__GCB0, 
reg__243: fire6_expand3__GCB3, 
rom__432: wrapper_rom_fire6_expand3__GC0, 
rom__20: rom_fire6_expand3__GB0, 
reg__314: fire6_expand3__GCB2, 
reg__168: fire6_expand3__GCB0, 
case__200: wrapper_rom_fire6_expand3__GC0, 
reg__36: fire6_expand3__GCB2, 
rom__166: rom_fire6_expand3__GB1, 
case__92: wrapper_rom_fire6_expand3__GC0, 
reg__299: fire6_expand3__GCB2, 
datapath__83: fire6_expand3__GCB1, 
datapath__116: fire6_expand3__GCB1, 
rom__490: wrapper_rom_fire6_expand3__GC0, 
case__157: wrapper_rom_fire6_expand3__GC0, 
rom__284: wrapper_rom_fire6_expand3__GC0, 
reg__371: fire6_expand3__GCB2, 
datapath__241: fire6_expand3__GCB0, 
reg__211: fire6_expand3__GCB3, 
rom__8: rom_fire6_expand3__GB0, 
rom__391: wrapper_rom_fire6_expand3__GC0, 
datapath__204: fire6_expand3__GCB0, 
case__16: wrapper_rom_fire6_expand3__GC0, 
rom__334: wrapper_rom_fire6_expand3__GC0, 
reg__5: fire6_expand3__GCB3, 
rom__475: wrapper_rom_fire6_expand3__GC0, 
reg__2: fire6_expand3__GCB3, 
logic__189: fire6_expand3__GCB0, 
reg__408: fire6_expand3__GCB2, 
rom__418: wrapper_rom_fire6_expand3__GC0, 
reg__115: fire6_expand3__GCB3, 
datapath__20: fire6_expand3__GCB0, 
reg__384: fire6_expand3__GCB2, 
reg__289: fire6_expand3__GCB2, 
case__193: wrapper_rom_fire6_expand3__GC0, 
logic__112: fire6_expand3__GCB0, 
case__85: wrapper_rom_fire6_expand3__GC0, 
rom__209: rom_fire6_expand3__GB1, 
datapath__14: fire6_expand3__GCB2, 
logic__243: fire6_expand3__GCB3, 
reg__360: fire6_expand3__GCB2, 
rom__194: rom_fire6_expand3__GB1, 
rom__327: wrapper_rom_fire6_expand3__GC0, 
reg__488: fire6_expand3__GCB3, 
reg__45: fire6_expand3__GCB3, 
reg__78: fire6_expand3__GCB3, 
case__150: wrapper_rom_fire6_expand3__GC0, 
rom__270: wrapper_rom_fire6_expand3__GC0, 
logic__205: fire6_expand3__GCB0, 
reg__58: fire6_expand3__GCB3, 
datapath__102: fire6_expand3__GCB0, 
rom__377: wrapper_rom_fire6_expand3__GC0, 
logic__149: fire6_expand3__GCB3, 
reg__162: fire6_expand3__GCB2, 
case__9: wrapper_rom_fire6_expand3__GC0, 
datapath__113: fire6_expand3__GCB1, 
reg__149: fire6_expand3__GCB3, 
datapath__179: fire6_expand3__GCB0, 
case__60: wrapper_rom_fire6_expand3__GC0, 
rom__180: rom_fire6_expand3__GB1, 
rom__461: wrapper_rom_fire6_expand3__GC0, 
logic__249: fire6_expand3__GCB3, 
logic__122: fire6_expand3__GCB3, 
rom__79: rom_fire6_expand3__GB0, 
reg__17: fire6_expand3__GCB3, 
rom__404: wrapper_rom_fire6_expand3__GC0, 
rom__152: rom_fire6_expand3__GB1, 
reg__324: fire6_expand3__GCB3, 
reg__344: fire6_expand3__GCB2, 
case__238: wrapper_rom_fire6_expand3__GC0, 
reg__194: fire6_expand3__GCB3, 
logic__46: fire6_expand3__GCB2, 
datapath__97: fire6_expand3__GCB2, 
reg__457: fire6_expand3__GCB3, 
reg__157: fire6_expand3__GCB2, 
logic__162: fire6_expand3__GCB2, 
case__130: wrapper_rom_fire6_expand3__GC0, 
datapath__187: fire6_expand3__GCB0, 
reg__217: fire6_expand3__GCB3, 
reg__13: fire6_expand3__GCB3, 
case__186: wrapper_rom_fire6_expand3__GC0, 
datapath__9: fire6_expand3__GCB1, 
reg__125: fire6_expand3__GCB2, 
case__78: wrapper_rom_fire6_expand3__GC0, 
logic__256: fire6_expand3__GCB3, 
datapath__160: fire6_expand3__GCB0, 
rom__54: rom_fire6_expand3__GB0, 
datapath__147: fire6_expand3__GCB0, 
rom__313: wrapper_rom_fire6_expand3__GC0, 
reg__325: fire6_expand3__GCB3, 
reg__450: fire6_expand3__GCB3, 
reg__447: fire6_expand3__GCB3, 
rom__127: rom_fire6_expand3__GB0, 
case__143: wrapper_rom_fire6_expand3__GC0, 
logic__156: fire6_expand3__GCB3, 
reg__470: fire6_expand3__GCB3, 
rom__363: wrapper_rom_fire6_expand3__GC0, 
reg__186: fire6_expand3__GCB0, 
datapath__155: fire6_expand3__GCB2, 
case__53: wrapper_rom_fire6_expand3__GC0, 
datapath__215: fire6_expand3__GCB0, 
reg__487: fire6_expand3__GCB3, 
rom__447: wrapper_rom_fire6_expand3__GC0, 
reg__513: fire6_expand3__GCB3, 
rom__70: rom_fire6_expand3__GB0, 
logic__224: fire6_expand3__GCB3, 
reg__50: fire6_expand3__GCB3, 
reg__364: fire6_expand3__GCB2, 
case__231: wrapper_rom_fire6_expand3__GC0, 
reg__254: fire6_expand3__GCB3, 
case__123: wrapper_rom_fire6_expand3__GC0, 
reg__422: fire6_expand3__GCB3, 
rom__11: rom_fire6_expand3__GB0, 
case__179: wrapper_rom_fire6_expand3__GC0, 
case__71: wrapper_rom_fire6_expand3__GC0, 
rom__60: rom_fire6_expand3__GB0, 
reg__506: fire6_expand3__GCB3, 
rom__45: rom_fire6_expand3__GB0, 
case__254: wrapper_rom_fire6_expand3__GC0, 
rom__505: wrapper_rom_fire6_expand3__GC0, 
datapath__184: fire6_expand3__GCB0, 
rom__299: wrapper_rom_fire6_expand3__GC0, 
reg__22: fire6_expand3__GCB3, 
rom__113: rom_fire6_expand3__GB0, 
case__136: wrapper_rom_fire6_expand3__GC0, 
logic__18: fire6_expand3__GCB3, 
rom__349: wrapper_rom_fire6_expand3__GC0, 
logic__180: fire6_expand3__GCB0, 
datapath__252: fire6_expand3__GCB1, 
reg__132: fire6_expand3__GCB0, 
reg__222: fire6_expand3__GCB3, 
case__3: wrapper_rom_fire6_expand3__GC0, 
case__46: wrapper_rom_fire6_expand3__GC0, 
rom__433: wrapper_rom_fire6_expand3__GC0, 
logic__44: fire6_expand3__GCB3, 
logic__238: fire6_expand3__GCB3, 
logic__213: fire6_expand3__GCB0, 
datapath__47: fire6_expand3__GCB3, 
case__224: wrapper_rom_fire6_expand3__GC0, 
reg__431: fire6_expand3__GCB3, 
reg__93: fire6_expand3__GCB0, 
case__116: wrapper_rom_fire6_expand3__GC0, 
logic__91: fire6_expand3__GCB3, 
case__172: wrapper_rom_fire6_expand3__GC0, 
case__64: wrapper_rom_fire6_expand3__GC0, 
rom__244: rom_fire6_expand3__GB1, 
case__247: wrapper_rom_fire6_expand3__GC0, 
rom__491: wrapper_rom_fire6_expand3__GC0, 
datapath__130: fire6_expand3__GCB2, 
reg__283: fire6_expand3__GCB2, 
datapath__220: fire6_expand3__GCB0, 
rom__285: wrapper_rom_fire6_expand3__GC0, 
rom__392: wrapper_rom_fire6_expand3__GC0, 
rom__257: wrapper_rom_fire6_expand3__GC0, 
datapath__170: fire6_expand3__GCB0, 
rom__335: wrapper_rom_fire6_expand3__GC0, 
rom__165: rom_fire6_expand3__GB1, 
rom__476: wrapper_rom_fire6_expand3__GC0, 
logic__39: fire6_expand3__GCB3, 
case__39: wrapper_rom_fire6_expand3__GC0, 
rom__419: wrapper_rom_fire6_expand3__GC0, 
datapath__42: fire6_expand3__GCB0, 
reg__67: fire6_expand3__GCB3, 
datapath__39: fire6_expand3__GCB2, 
reg__129: fire6_expand3__GCB0, 
case__217: wrapper_rom_fire6_expand3__GC0, 
reg__332: fire6_expand3__GCB2, 
rom__213: rom_fire6_expand3__GB1, 
datapath__52: fire6_expand3__GCB3, 
case__109: wrapper_rom_fire6_expand3__GC0, 
datapath__57: fire6_expand3__GCB0, 
logic__96: fire6_expand3__GCB3, 
reg__378: fire6_expand3__GCB2, 
rom__328: wrapper_rom_fire6_expand3__GC0, 
rom__477: wrapper_rom_fire6_expand3__GC0, 
reg__137: fire6_expand3__GCB3, 
datapath__54: fire6_expand3__GCB0, 
logic__129: fire6_expand3__GCB3, 
rom__271: wrapper_rom_fire6_expand3__GC0, 
rom__378: wrapper_rom_fire6_expand3__GC0, 
logic__254: fire6_expand3__GCB3, 
datapath__64: fire6_expand3__GCB3, 
reg__415: fire6_expand3__GCB2, 
reg__412: fire6_expand3__GCB2, 
rom__6: rom_fire6_expand3__GB0, 
logic__217: fire6_expand3__GCB0, 
reg__25: fire6_expand3__GCB1, 
datapath__127: fire6_expand3__GCB0, 
rom__462: wrapper_rom_fire6_expand3__GC0, 
case__32: wrapper_rom_fire6_expand3__GC0, 
reg__391: fire6_expand3__GCB2, 
rom__405: wrapper_rom_fire6_expand3__GC0, 
rom__143: rom_fire6_expand3__GB1, 
rom__61: rom_fire6_expand3__GB0, 
rom__151: rom_fire6_expand3__GB1, 
datapath__226: fire6_expand3__GCB0, 
logic__285: fire6_expand3__GCB3, 
reg__327: fire6_expand3__GCB2, 
datapath__135: fire6_expand3__GCB1, 
case__210: wrapper_rom_fire6_expand3__GC0, 
logic__33: fire6_expand3__GCB0, 
case__102: wrapper_rom_fire6_expand3__GC0, 
rom__243: rom_fire6_expand3__GB1, 
reg__492: fire6_expand3__GCB3, 
datapath__65: fire6_expand3__GCB3, 
reg__96: fire6_expand3__GCB2, 
rom__179: rom_fire6_expand3__GB1, 
rom__314: wrapper_rom_fire6_expand3__GC0, 
logic__27: fire6_expand3__GCB3, 
reg__404: fire6_expand3__GCB2, 
reg__179: fire6_expand3__GCB0, 
rom__217: rom_fire6_expand3__GB1, 
rom__128: rom_fire6_expand3__GB1, 
rom__230: rom_fire6_expand3__GB1, 
datapath__75: fire6_expand3__GCB1, 
rom__364: wrapper_rom_fire6_expand3__GC0, 
logic__286: fire6_expand3__GCB3, 
logic__115: fire6_expand3__GCB3, 
reg__284: fire6_expand3__GCB2, 
datapath__72: fire6_expand3__GCB0, 
logic__126: fire6_expand3__GCB3, 
rom__81: rom_fire6_expand3__GB0, 
rom__448: wrapper_rom_fire6_expand3__GC0, 
reg__38: fire6_expand3__GCB2, 
logic__192: fire6_expand3__GCB0, 
reg__102: fire6_expand3__GCB1, 
case__25: wrapper_rom_fire6_expand3__GC0, 
reg__464: fire6_expand3__GCB3, 
reg__281: fire6_expand3__GCB2, 
reg__233: fire6_expand3__GCB3, 
logic__110: fire6_expand3__GCB2, 
datapath__177: fire6_expand3__GCB0, 
logic__200: fire6_expand3__GCB0, 
reg__195: fire6_expand3__GCB0, 
reg__266: fire6_expand3__GCB3, 
rom__506: wrapper_rom_fire6_expand3__GC0, 
logic__22: fire6_expand3__GCB3, 
reg__139: fire6_expand3__GCB3, 
rom__1: rom_fire6_expand3__GB0, 
reg__454: fire6_expand3__GCB3, 
case__165: wrapper_rom_fire6_expand3__GC0, 
rom__300: wrapper_rom_fire6_expand3__GC0, 
logic__173: fire6_expand3__GCB0, 
rom__251: rom_fire6_expand3__GB1, 
reg__474: fire6_expand3__GCB3, 
logic__160: fire6_expand3__GCB0, 
reg__239: fire6_expand3__GCB3, 
rom__114: rom_fire6_expand3__GB0, 
reg__10: fire6_expand3__GCB3, 
reg__112: fire6_expand3__GCB3, 
rom__13: rom_fire6_expand3__GB0, 
case__24: wrapper_rom_fire6_expand3__GC0, 
rom__350: wrapper_rom_fire6_expand3__GC0, 
datapath__231: fire6_expand3__GCB0, 
reg__152: fire6_expand3__GCB2, 
reg__476: fire6_expand3__GCB3, 
rom__434: wrapper_rom_fire6_expand3__GC0, 
rom__19: rom_fire6_expand3__GB0, 
datapath__193: fire6_expand3__GCB3, 
logic__168: fire6_expand3__GCB2, 
rom__212: rom_fire6_expand3__GB1, 
logic__228: fire6_expand3__GCB3, 
reg__309: fire6_expand3__GCB2, 
reg__496: fire6_expand3__GCB3, 
reg__246: fire6_expand3__GCB3, 
rom__202: rom_fire6_expand3__GB1, 
reg__426: fire6_expand3__GCB3, 
datapath__137: fire6_expand3__GCB1, 
reg__64: fire6_expand3__GCB0, 
case__201: wrapper_rom_fire6_expand3__GC0, 
datapath__18: fire6_expand3__GCB1, 
rom__12: rom_fire6_expand3__GB0, 
rom__222: rom_fire6_expand3__GB1, 
case__93: wrapper_rom_fire6_expand3__GC0, 
datapath__237: fire6_expand3__GCB0, 
datapath__110: fire6_expand3__GCB1, 
reg__146: fire6_expand3__GCB3, 
rom__492: wrapper_rom_fire6_expand3__GC0, 
datapath__150: fire6_expand3__GCB2, 
case__158: wrapper_rom_fire6_expand3__GC0, 
rom__286: wrapper_rom_fire6_expand3__GC0, 
logic__197: fire6_expand3__GCB0, 
rom__393: wrapper_rom_fire6_expand3__GC0, 
rom__26: rom_fire6_expand3__GB0, 
datapath__91: fire6_expand3__GCB0, 
datapath__196: fire6_expand3__GCB0, 
datapath__244: fire6_expand3__GCB0, 
case__17: wrapper_rom_fire6_expand3__GC0, 
reg__214: fire6_expand3__GCB3, 
rom__336: wrapper_rom_fire6_expand3__GC0, 
rom__84: rom_fire6_expand3__GB0, 
datapath__88: fire6_expand3__GCB0, 
logic__265: fire6_expand3__GCB3, 
rom__420: wrapper_rom_fire6_expand3__GC0, 
reg__438: fire6_expand3__GCB3, 
datapath__144: fire6_expand3__GCB0, 
rom__3: rom_fire6_expand3__GB0, 
logic__60: fire6_expand3__GCB3, 
case__194: wrapper_rom_fire6_expand3__GC0, 
case__86: wrapper_rom_fire6_expand3__GC0, 
rom__164: rom_fire6_expand3__GB1, 
rom__329: wrapper_rom_fire6_expand3__GC0, 
reg__170: fire6_expand3__GCB0, 
rom__478: wrapper_rom_fire6_expand3__GC0, 
rom__146: rom_fire6_expand3__GB1, 
datapath__212: fire6_expand3__GCB0, 
datapath__247: fire6_expand3__GCB3, 
reg__355: fire6_expand3__GCB2, 
case__151: wrapper_rom_fire6_expand3__GC0, 
rom__272: wrapper_rom_fire6_expand3__GC0, 
logic__143: fire6_expand3__GCB3, 
reg__228: fire6_expand3__GCB3, 
logic__233: fire6_expand3__GCB3, 
rom__379: wrapper_rom_fire6_expand3__GC0, 
reg__203: fire6_expand3__GCB0, 
case__61: wrapper_rom_fire6_expand3__GC0, 
logic__183: fire6_expand3__GCB0, 
rom__178: rom_fire6_expand3__GB1, 
reg__52: fire6_expand3__GCB3, 
rom__463: wrapper_rom_fire6_expand3__GC0, 
rom__406: wrapper_rom_fire6_expand3__GC0, 
rom__150: rom_fire6_expand3__GB1, 
case__239: wrapper_rom_fire6_expand3__GC0, 
logic__55: fire6_expand3__GCB3, 
case__131: wrapper_rom_fire6_expand3__GC0, 
datapath__168: fire6_expand3__GCB0, 
case__187: wrapper_rom_fire6_expand3__GC0, 
logic__52: fire6_expand3__GCB2, 
case__79: wrapper_rom_fire6_expand3__GC0, 
logic__65: fire6_expand3__GCB3, 
datapath__201: fire6_expand3__GCB3, 
rom__315: wrapper_rom_fire6_expand3__GC0, 
logic__70: fire6_expand3__GCB0, 
logic__274: fire6_expand3__GCB3, 
rom__129: rom_fire6_expand3__GB1, 
case__144: wrapper_rom_fire6_expand3__GC0, 
rom__258: wrapper_rom_fire6_expand3__GC0, 
reg__419: fire6_expand3__GCB2, 
logic__67: fire6_expand3__GCB0, 
reg__99: fire6_expand3__GCB1, 
rom__365: wrapper_rom_fire6_expand3__GC0, 
reg__442: fire6_expand3__GCB3, 
reg__79: fire6_expand3__GCB3, 
rom__249: rom_fire6_expand3__GB1, 
case__54: wrapper_rom_fire6_expand3__GC0, 
reg__398: fire6_expand3__GCB2, 
logic__77: fire6_expand3__GCB3, 
rom__449: wrapper_rom_fire6_expand3__GC0, 
logic__140: fire6_expand3__GCB0, 
rom__43: rom_fire6_expand3__GB0, 
reg__482: fire6_expand3__GCB3, 
datapath__100: fire6_expand3__GCB0, 
reg__508: fire6_expand3__GCB3, 
case__232: wrapper_rom_fire6_expand3__GC0, 
reg__261: fire6_expand3__GCB3, 
datapath__257: fire6_expand3__GCB3, 
case__124: wrapper_rom_fire6_expand3__GC0, 
reg__306: fire6_expand3__GCB2, 
logic__239: fire6_expand3__GCB3, 
case__6: wrapper_rom_fire6_expand3__GC0, 
reg__119: fire6_expand3__GCB3, 
case__180: wrapper_rom_fire6_expand3__GC0, 
logic__148: fire6_expand3__GCB3, 
datapath__34: fire6_expand3__GCB2, 
case__72: wrapper_rom_fire6_expand3__GC0, 
case__255: wrapper_rom_fire6_expand3__GC0, 
rom__507: wrapper_rom_fire6_expand3__GC0, 
reg__244: fire6_expand3__GCB3, 
reg__207: fire6_expand3__GCB0, 
rom__301: wrapper_rom_fire6_expand3__GC0, 
reg__501: fire6_expand3__GCB3, 
logic__78: fire6_expand3__GCB3, 
reg__40: fire6_expand3__GCB3, 
reg__20: fire6_expand3__GCB3, 
reg__73: fire6_expand3__GCB3, 
rom__115: rom_fire6_expand3__GB0, 
case__137: wrapper_rom_fire6_expand3__GC0, 
datapath__162: fire6_expand3__GCB0, 
rom__351: wrapper_rom_fire6_expand3__GC0, 
logic__88: fire6_expand3__GCB3, 
case__47: wrapper_rom_fire6_expand3__GC0, 
logic__85: fire6_expand3__GCB3, 
rom__435: wrapper_rom_fire6_expand3__GC0, 
reg__285: fire6_expand3__GCB2, 
datapath__117: fire6_expand3__GCB0, 
reg__337: fire6_expand3__GCB3, 
datapath__242: fire6_expand3__GCB0, 
case__225: wrapper_rom_fire6_expand3__GC0, 
datapath__205: fire6_expand3__GCB3, 
case__117: wrapper_rom_fire6_expand3__GC0, 
rom__219: rom_fire6_expand3__GB1, 
case__173: wrapper_rom_fire6_expand3__GC0, 
case__65: wrapper_rom_fire6_expand3__GC0, 
logic__190: fire6_expand3__GCB0, 
case__248: wrapper_rom_fire6_expand3__GC0, 
rom__493: wrapper_rom_fire6_expand3__GC0, 
reg__105: fire6_expand3__GCB3, 
rom__287: wrapper_rom_fire6_expand3__GC0, 
reg__350: fire6_expand3__GCB2, 
reg__116: fire6_expand3__GCB3, 
reg__182: fire6_expand3__GCB0, 
rom__394: wrapper_rom_fire6_expand3__GC0, 
rom__101: rom_fire6_expand3__GB0, 
datapath__28: fire6_expand3__GCB2, 
reg__313: fire6_expand3__GCB2, 
rom__69: rom_fire6_expand3__GB0, 
rom__163: rom_fire6_expand3__GB1, 
rom__337: wrapper_rom_fire6_expand3__GC0, 
reg__480: fire6_expand3__GCB3, 
reg__279: fire6_expand3__GCB3, 
rom__58: rom_fire6_expand3__GB0, 
case__40: wrapper_rom_fire6_expand3__GC0, 
logic__244: fire6_expand3__GCB3, 
reg__500: fire6_expand3__GCB3, 
reg__100: fire6_expand3__GCB2, 
rom__421: wrapper_rom_fire6_expand3__GC0, 
reg__190: fire6_expand3__GCB0, 
rom__98: rom_fire6_expand3__GB0, 
datapath__6: fire6_expand3__GCB0, 
logic__206: fire6_expand3__GCB3, 
case__218: wrapper_rom_fire6_expand3__GC0, 
datapath__103: fire6_expand3__GCB0, 
muxpart__5: fire6_expand3__GCB3, 
logic__16: fire6_expand3__GCB3, 
logic__150: fire6_expand3__GCB3, 
reg__163: fire6_expand3__GCB0, 
case__110: wrapper_rom_fire6_expand3__GC0, 
datapath__114: fire6_expand3__GCB2, 
datapath__180: fire6_expand3__GCB0, 
reg__150: fire6_expand3__GCB1, 
logic__31: fire6_expand3__GCB0, 
rom__330: wrapper_rom_fire6_expand3__GC0, 
logic__250: fire6_expand3__GCB3, 
rom__479: wrapper_rom_fire6_expand3__GC0, 
rom__27: rom_fire6_expand3__GB0, 
logic__123: fire6_expand3__GCB3, 
datapath__79: fire6_expand3__GCB0, 
rom__273: wrapper_rom_fire6_expand3__GC0, 
reg__370: fire6_expand3__GCB2, 
reg__158: fire6_expand3__GCB2, 
logic__163: fire6_expand3__GCB2, 
datapath__188: fire6_expand3__GCB0, 
rom__380: wrapper_rom_fire6_expand3__GC0, 
muxpart__2: fire6_expand3__GCB3, 
reg__218: fire6_expand3__GCB3, 
rom__177: rom_fire6_expand3__GB1, 
rom__464: wrapper_rom_fire6_expand3__GC0, 
logic__104: fire6_expand3__GCB0, 
logic__257: fire6_expand3__GCB3, 
datapath__119: fire6_expand3__GCB0, 
logic__209: fire6_expand3__GCB0, 
reg__300: fire6_expand3__GCB2, 
datapath__161: fire6_expand3__GCB0, 
case__33: wrapper_rom_fire6_expand3__GC0, 
logic__101: fire6_expand3__GCB3, 
datapath__148: fire6_expand3__GCB2, 
rom__407: wrapper_rom_fire6_expand3__GC0, 
rom__73: rom_fire6_expand3__GB0, 
rom__149: rom_fire6_expand3__GB1, 
rom__235: rom_fire6_expand3__GB1, 
datapath__27: fire6_expand3__GCB1, 
reg__383: fire6_expand3__GCB2, 
logic__157: fire6_expand3__GCB3, 
case__211: wrapper_rom_fire6_expand3__GC0, 
rom__181: rom_fire6_expand3__GB1, 
reg__268: fire6_expand3__GCB2, 
case__103: wrapper_rom_fire6_expand3__GC0, 
reg__187: fire6_expand3__GCB0, 
datapath__156: fire6_expand3__GCB2, 
datapath__216: fire6_expand3__GCB0, 
reg__359: fire6_expand3__GCB2, 
rom__316: wrapper_rom_fire6_expand3__GC0, 
logic__225: fire6_expand3__GCB3, 
rom__259: wrapper_rom_fire6_expand3__GC0, 
rom__184: rom_fire6_expand3__GB1, 
rom__130: rom_fire6_expand3__GB1, 
reg__255: fire6_expand3__GCB3, 
logic__260: fire6_expand3__GCB3, 
datapath__84: fire6_expand3__GCB0, 
reg__70: fire6_expand3__GCB0, 
rom__366: wrapper_rom_fire6_expand3__GC0, 
rom__9: rom_fire6_expand3__GB0, 
logic__234: fire6_expand3__GCB3, 
reg__86: fire6_expand3__GCB3, 
rom__450: wrapper_rom_fire6_expand3__GC0, 
case__26: wrapper_rom_fire6_expand3__GC0, 
datapath__185: fire6_expand3__GCB0, 
reg__82: fire6_expand3__GCB3, 
rom__245: rom_fire6_expand3__GB1, 
reg__343: fire6_expand3__GCB1, 
reg__456: fire6_expand3__GCB3, 
reg__322: fire6_expand3__GCB2, 
reg__32: fire6_expand3__GCB0, 
rom__86: rom_fire6_expand3__GB0, 
logic__181: fire6_expand3__GCB0, 
rom__47: rom_fire6_expand3__GB0, 
reg__133: fire6_expand3__GCB3, 
rom__33: rom_fire6_expand3__GB0, 
datapath__253: fire6_expand3__GCB1, 
reg__28: fire6_expand3__GCB3, 
reg__223: fire6_expand3__GCB3, 
rom__508: wrapper_rom_fire6_expand3__GC0, 
rom__196: rom_fire6_expand3__GB1, 
datapath__21: fire6_expand3__GCB1, 
rom__302: wrapper_rom_fire6_expand3__GC0, 
case__166: wrapper_rom_fire6_expand3__GC0, 
reg__173: fire6_expand3__GCB0, 
logic__214: fire6_expand3__GCB3, 
reg__449: fire6_expand3__GCB3, 
reg__446: fire6_expand3__GCB3, 
rom__116: rom_fire6_expand3__GB0, 
reg__8: fire6_expand3__GCB3, 
reg__469: fire6_expand3__GCB3, 
datapath__15: fire6_expand3__GCB0, 
rom__352: wrapper_rom_fire6_expand3__GC0, 
